Archive member included to satisfy reference by file (symbol)

../Middlewares/ST/AI/Lib\NetworkRuntime810_CM33_GCC.a(ai_platform.o)
                              ./X-CUBE-AI/App/network.o (ai_buffer_array_item_set_address)
../Middlewares/ST/AI/Lib\NetworkRuntime810_CM33_GCC.a(ai_platform_interface.o)
                              ./X-CUBE-AI/App/network.o (ai_platform_get_weights_map)
../Middlewares/ST/AI/Lib\NetworkRuntime810_CM33_GCC.a(core_common.o)
                              ../Middlewares/ST/AI/Lib\NetworkRuntime810_CM33_GCC.a(ai_platform_interface.o) (core_init)
../Middlewares/ST/AI/Lib\NetworkRuntime810_CM33_GCC.a(core_mem_manager.o)
                              ../Middlewares/ST/AI/Lib\NetworkRuntime810_CM33_GCC.a(ai_platform_interface.o) (core_mem_alloc)
../Middlewares/ST/AI/Lib\NetworkRuntime810_CM33_GCC.a(layers.o)
                              ../Middlewares/ST/AI/Lib\NetworkRuntime810_CM33_GCC.a(ai_platform_interface.o) (ai_check_custom_types)
../Middlewares/ST/AI/Lib\NetworkRuntime810_CM33_GCC.a(layers_conv2d_generic_float.o)
                              ./X-CUBE-AI/App/network.o (forward_conv2d_if32of32wf32)
../Middlewares/ST/AI/Lib\NetworkRuntime810_CM33_GCC.a(layers_conv2d_stm32_integer.o)
                              ../Middlewares/ST/AI/Lib\NetworkRuntime810_CM33_GCC.a(layers.o) (get_conv2d_scratch_size)
../Middlewares/ST/AI/Lib\NetworkRuntime810_CM33_GCC.a(layers_nl_generic_float.o)
                              ./X-CUBE-AI/App/network.o (forward_relu)
../Middlewares/ST/AI/Lib\NetworkRuntime810_CM33_GCC.a(layers_norm_generic_float.o)
                              ./X-CUBE-AI/App/network.o (forward_bn)
../Middlewares/ST/AI/Lib\NetworkRuntime810_CM33_GCC.a(layers_pool_generic_float.o)
                              ./X-CUBE-AI/App/network.o (forward_mp)
../Middlewares/ST/AI/Lib\NetworkRuntime810_CM33_GCC.a(forward_lite_conv2d_if32of32wf32.o)
                              ../Middlewares/ST/AI/Lib\NetworkRuntime810_CM33_GCC.a(layers_conv2d_generic_float.o) (forward_lite_conv2d_if32of32wf32)
../Middlewares/ST/AI/Lib\NetworkRuntime810_CM33_GCC.a(lite_dense_if32.o)
                              ../Middlewares/ST/AI/Lib\NetworkRuntime810_CM33_GCC.a(layers_conv2d_generic_float.o) (forward_lite_dense_if32of32wf32)
../Middlewares/ST/AI/Lib\NetworkRuntime810_CM33_GCC.a(st_convolve_reference.o)
                              ../Middlewares/ST/AI/Lib\NetworkRuntime810_CM33_GCC.a(layers_conv2d_stm32_integer.o) (align_factor)
../Middlewares/ST/AI/Lib\NetworkRuntime810_CM33_GCC.a(st_sssa8_ch_convolve.o)
                              ../Middlewares/ST/AI/Lib\NetworkRuntime810_CM33_GCC.a(layers_conv2d_stm32_integer.o) (st_sssa8_ch_convolve_rank1upd)
../Middlewares/ST/AI/Lib\NetworkRuntime810_CM33_GCC.a(st_sssa8_convolve.o)
                              ../Middlewares/ST/AI/Lib\NetworkRuntime810_CM33_GCC.a(layers_conv2d_stm32_integer.o) (st_sssa8_convolve_rank1upd)
../Middlewares/ST/AI/Lib\NetworkRuntime810_CM33_GCC.a(st_sssa8_convolve_1x1.o)
                              ../Middlewares/ST/AI/Lib\NetworkRuntime810_CM33_GCC.a(layers_conv2d_stm32_integer.o) (st_sssa8_convolve_1x1_WeightsPrefetch)
../Middlewares/ST/AI/Lib\NetworkRuntime810_CM33_GCC.a(st_sssa8_convolve_dw.o)
                              ../Middlewares/ST/AI/Lib\NetworkRuntime810_CM33_GCC.a(layers_conv2d_stm32_integer.o) (st_sssa8_conv_dw_Wadapt)
../Middlewares/ST/AI/Lib\NetworkRuntime810_CM33_GCC.a(st_sssa8_convolve_rgb.o)
                              ../Middlewares/ST/AI/Lib\NetworkRuntime810_CM33_GCC.a(layers_conv2d_stm32_integer.o) (st_sssa8_convolve_rgb)
../Middlewares/ST/AI/Lib\NetworkRuntime810_CM33_GCC.a(st_ssua8_ch_convolve.o)
                              ../Middlewares/ST/AI/Lib\NetworkRuntime810_CM33_GCC.a(layers_conv2d_stm32_integer.o) (st_ssua8_ch_convolve_rank1upd)
../Middlewares/ST/AI/Lib\NetworkRuntime810_CM33_GCC.a(st_ssua8_ch_convolve_1x1.o)
                              ../Middlewares/ST/AI/Lib\NetworkRuntime810_CM33_GCC.a(layers_conv2d_stm32_integer.o) (st_ssua8_ch_convolve_1x1)
../Middlewares/ST/AI/Lib\NetworkRuntime810_CM33_GCC.a(st_ssua8_ch_convolve_dw.o)
                              ../Middlewares/ST/AI/Lib\NetworkRuntime810_CM33_GCC.a(layers_conv2d_stm32_integer.o) (st_ssua8_ch_conv_dw_Wadapt)
../Middlewares/ST/AI/Lib\NetworkRuntime810_CM33_GCC.a(st_ssua8_ch_convolve_rgb.o)
                              ../Middlewares/ST/AI/Lib\NetworkRuntime810_CM33_GCC.a(layers_conv2d_stm32_integer.o) (st_ssua8_ch_convolve_rgb)
../Middlewares/ST/AI/Lib\NetworkRuntime810_CM33_GCC.a(st_ssua8_convolve.o)
                              ../Middlewares/ST/AI/Lib\NetworkRuntime810_CM33_GCC.a(layers_conv2d_stm32_integer.o) (st_ssua8_convolve_rank1upd)
../Middlewares/ST/AI/Lib\NetworkRuntime810_CM33_GCC.a(st_ssua8_convolve_1x1.o)
                              ../Middlewares/ST/AI/Lib\NetworkRuntime810_CM33_GCC.a(layers_conv2d_stm32_integer.o) (st_ssua8_convolve_1x1)
[...]
Memory Configuration

Name             Origin             Length             Attributes
RAM              0x0000000020000000 0x00000000000c0000 xrw
SRAM4            0x0000000028000000 0x0000000000004000 xrw
FLASH            0x0000000008000000 0x0000000000200000 xr
*default*        0x0000000000000000 0xffffffffffffffff

Linker script and memory map

LOAD e:/ide/stm32cubeide_1.10.1/stm32cubeide/plugins/com.st.stm32cube.ide.mcu.externaltools.gnu-tools-for-stm32.10.3-2021.10.win32_1.0.0.202111181127/tools/bin/../lib/gcc/arm-none-eabi/10.3.1/thumb/v8-m.main+fp/hard/crti.o
LOAD e:/ide/stm32cubeide_1.10.1/stm32cubeide/plugins/com.st.stm32cube.ide.mcu.externaltools.gnu-tools-for-stm32.10.3-2021.10.win32_1.0.0.202111181127/tools/bin/../lib/gcc/arm-none-eabi/10.3.1/thumb/v8-m.main+fp/hard/crtbegin.o
LOAD e:/ide/stm32cubeide_1.10.1/stm32cubeide/plugins/com.st.stm32cube.ide.mcu.externaltools.gnu-tools-for-stm32.10.3-2021.10.win32_1.0.0.202111181127/tools/bin/../lib/gcc/arm-none-eabi/10.3.1/../../../../arm-none-eabi/lib/thumb/v8-m.main+fp/hard/crt0.o
LOAD ./Core/Src/main.o
LOAD ./Core/Src/stm32u5xx_hal_msp.o
LOAD ./Core/Src/stm32u5xx_it.o
LOAD ./Core/Src/sysmem.o
LOAD ./Core/Src/system_stm32u5xx.o
LOAD ./Core/Startup/startup_stm32u575zitxq.o
LOAD ./Drivers/STM32U5xx_HAL_Driver/Src/stm32u5xx_hal.o
LOAD ./Drivers/STM32U5xx_HAL_Driver/Src/stm32u5xx_hal_cortex.o
LOAD ./Drivers/STM32U5xx_HAL_Driver/Src/stm32u5xx_hal_crc.o
LOAD ./Drivers/STM32U5xx_HAL_Driver/Src/stm32u5xx_hal_crc_ex.o
LOAD ./Drivers/STM32U5xx_HAL_Driver/Src/stm32u5xx_hal_dma.o
LOAD ./Drivers/STM32U5xx_HAL_Driver/Src/stm32u5xx_hal_dma_ex.o
LOAD ./Drivers/STM32U5xx_HAL_Driver/Src/stm32u5xx_hal_exti.o
LOAD ./Drivers/STM32U5xx_HAL_Driver/Src/stm32u5xx_hal_flash.o
LOAD ./Drivers/STM32U5xx_HAL_Driver/Src/stm32u5xx_hal_flash_ex.o
LOAD ./Drivers/STM32U5xx_HAL_Driver/Src/stm32u5xx_hal_gpio.o
LOAD ./Drivers/STM32U5xx_HAL_Driver/Src/stm32u5xx_hal_gtzc.o
LOAD ./Drivers/STM32U5xx_HAL_Driver/Src/stm32u5xx_hal_i2c.o
LOAD ./Drivers/STM32U5xx_HAL_Driver/Src/stm32u5xx_hal_i2c_ex.o
LOAD ./Drivers/STM32U5xx_HAL_Driver/Src/stm32u5xx_hal_icache.o
LOAD ./Drivers/STM32U5xx_HAL_Driver/Src/stm32u5xx_hal_pwr.o
LOAD ./Drivers/STM32U5xx_HAL_Driver/Src/stm32u5xx_hal_pwr_ex.o
LOAD ./Drivers/STM32U5xx_HAL_Driver/Src/stm32u5xx_hal_rcc.o
LOAD ./Drivers/STM32U5xx_HAL_Driver/Src/stm32u5xx_hal_rcc_ex.o
LOAD ./Drivers/STM32U5xx_HAL_Driver/Src/stm32u5xx_hal_tim.o
LOAD ./Drivers/STM32U5xx_HAL_Driver/Src/stm32u5xx_hal_tim_ex.o
LOAD ./Drivers/STM32U5xx_HAL_Driver/Src/stm32u5xx_hal_uart.o
LOAD ./Drivers/STM32U5xx_HAL_Driver/Src/stm32u5xx_hal_uart_ex.o
LOAD ./X-CUBE-AI/App/network.o
LOAD ./X-CUBE-AI/App/network_data.o
LOAD ./X-CUBE-AI/App/network_data_params.o
LOAD ../Middlewares/ST/AI/Lib\NetworkRuntime810_CM33_GCC.a
START GROUP
LOAD e:/ide/stm32cubeide_1.10.1/stm32cubeide/plugins/com.st.stm32cube.ide.mcu.externaltools.gnu-tools-for-stm32.10.3-2021.10.win32_1.0.0.202111181127/tools/bin/../lib/gcc/arm-none-eabi/10.3.1/../../../../arm-none-eabi/lib/thumb/v8-m.main+fp/hard\libc_nano.a
LOAD e:/ide/stm32cubeide_1.10.1/stm32cubeide/plugins/com.st.stm32cube.ide.mcu.externaltools.gnu-tools-for-stm32.10.3-2021.10.win32_1.0.0.202111181127/tools/bin/../lib/gcc/arm-none-eabi/10.3.1/../../../../arm-none-eabi/lib/thumb/v8-m.main+fp/hard\libm.a
END GROUP
START GROUP
LOAD e:/ide/stm32cubeide_1.10.1/stm32cubeide/plugins/com.st.stm32cube.ide.mcu.externaltools.gnu-tools-for-stm32.10.3-2021.10.win32_1.0.0.202111181127/tools/bin/../lib/gcc/arm-none-eabi/10.3.1/thumb/v8-m.main+fp/hard\libgcc.a
LOAD e:/ide/stm32cubeide_1.10.1/stm32cubeide/plugins/com.st.stm32cube.ide.mcu.externaltools.gnu-tools-for-stm32.10.3-2021.10.win32_1.0.0.202111181127/tools/bin/../lib/gcc/arm-none-eabi/10.3.1/../../../../arm-none-eabi/lib/thumb/v8-m.main+fp/hard\libc_nano.a
END GROUP
START GROUP
LOAD e:/ide/stm32cubeide_1.10.1/stm32cubeide/plugins/com.st.stm32cube.ide.mcu.externaltools.gnu-tools-for-stm32.10.3-2021.10.win32_1.0.0.202111181127/tools/bin/../lib/gcc/arm-none-eabi/10.3.1/thumb/v8-m.main+fp/hard\libgcc.a
LOAD e:/ide/stm32cubeide_1.10.1/stm32cubeide/plugins/com.st.stm32cube.ide.mcu.externaltools.gnu-tools-for-stm32.10.3-2021.10.win32_1.0.0.202111181127/tools/bin/../lib/gcc/arm-none-eabi/10.3.1/../../../../arm-none-eabi/lib/thumb/v8-m.main+fp/hard\libc_nano.a
LOAD e:/ide/stm32cubeide_1.10.1/stm32cubeide/plugins/com.st.stm32cube.ide.mcu.externaltools.gnu-tools-for-stm32.10.3-2021.10.win32_1.0.0.202111181127/tools/bin/../lib/gcc/arm-none-eabi/10.3.1/../../../../arm-none-eabi/lib/thumb/v8-m.main+fp/hard\libnosys.a
END GROUP
START GROUP
LOAD e:/ide/stm32cubeide_1.10.1/stm32cubeide/plugins/com.st.stm32cube.ide.mcu.externaltools.gnu-tools-for-stm32.10.3-2021.10.win32_1.0.0.202111181127/tools/bin/../lib/gcc/arm-none-eabi/10.3.1/thumb/v8-m.main+fp/hard\libgcc.a
LOAD e:/ide/stm32cubeide_1.10.1/stm32cubeide/plugins/com.st.stm32cube.ide.mcu.externaltools.gnu-tools-for-stm32.10.3-2021.10.win32_1.0.0.202111181127/tools/bin/../lib/gcc/arm-none-eabi/10.3.1/../../../../arm-none-eabi/lib/thumb/v8-m.main+fp/hard\libc_nano.a
LOAD e:/ide/stm32cubeide_1.10.1/stm32cubeide/plugins/com.st.stm32cube.ide.mcu.externaltools.gnu-tools-for-stm32.10.3-2021.10.win32_1.0.0.202111181127/tools/bin/../lib/gcc/arm-none-eabi/10.3.1/../../../../arm-none-eabi/lib/thumb/v8-m.main+fp/hard\libnosys.a
END GROUP
LOAD e:/ide/stm32cubeide_1.10.1/stm32cubeide/plugins/com.st.stm32cube.ide.mcu.externaltools.gnu-tools-for-stm32.10.3-2021.10.win32_1.0.0.202111181127/tools/bin/../lib/gcc/arm-none-eabi/10.3.1/thumb/v8-m.main+fp/hard/crtend.o
LOAD e:/ide/stm32cubeide_1.10.1/stm32cubeide/plugins/com.st.stm32cube.ide.mcu.externaltools.gnu-tools-for-stm32.10.3-2021.10.win32_1.0.0.202111181127/tools/bin/../lib/gcc/arm-none-eabi/10.3.1/thumb/v8-m.main+fp/hard/crtn.o
                0x00000000200c0000                _estack = (ORIGIN (RAM) + LENGTH (RAM))
                0x0000000000000800                _Min_Heap_Size = 0x800
                0x0000000000000800                _Min_Stack_Size = 0x800

.isr_vector     0x0000000008000000      0x234
 *(.isr_vector)
 .isr_vector    0x0000000008000000      0x234 ./Core/Startup/startup_stm32u575zitxq.o
                0x0000000008000000                g_pfnVectors

.text           0x0000000008000234     0x7554
 *(.text)
 .text          0x0000000008000234       0x40 e:/ide/stm32cubeide_1.10.1/stm32cubeide/plugins/com.st.stm32cube.ide.mcu.externaltools.gnu-tools-for-stm32.10.3-2021.10.win32_1.0.0.202111181127/tools/bin/../lib/gcc/arm-none-eabi/10.3.1/thumb/v8-m.main+fp/hard/crtbegin.o
 .text          0x0000000008000274       0x30 e:/ide/stm32cubeide_1.10.1/stm32cubeide/plugins/com.st.stm32cube.ide.mcu.externaltools.gnu-tools-for-stm32.10.3-2021.10.win32_1.0.0.202111181127/tools/bin/../lib/gcc/arm-none-eabi/10.3.1/thumb/v8-m.main+fp/hard\libgcc.a(_aeabi_uldivmod.o)
                0x0000000008000274                __aeabi_uldivmod
 .text          0x00000000080002a4      0x2ec e:/ide/stm32cubeide_1.10.1/stm32cubeide/plugins/com.st.stm32cube.ide.mcu.externaltools.gnu-tools-for-stm32.10.3-2021.10.win32_1.0.0.202111181127/tools/bin/../lib/gcc/arm-none-eabi/10.3.1/thumb/v8-m.main+fp/hard\libgcc.a(_udivmoddi4.o)
                0x00000000080002a4                __udivmoddi4
 .text          0x0000000008000590        0x4 e:/ide/stm32cubeide_1.10.1/stm32cubeide/plugins/com.st.stm32cube.ide.mcu.externaltools.gnu-tools-for-stm32.10.3-2021.10.win32_1.0.0.202111181127/tools/bin/../lib/gcc/arm-none-eabi/10.3.1/thumb/v8-m.main+fp/hard\libgcc.a(_dvmd_tls.o)
                0x0000000008000590                __aeabi_idiv0
                0x0000000008000590                __aeabi_ldiv0
 *(.text*)
 .text.SystemClock_Config
                0x0000000008000594       0x7e ./Core/Src/main.o
                0x0000000008000594                SystemClock_Config
 *fill*         0x0000000008000612        0x2 
 .text.startup.main
                0x0000000008000614      0x39c ./Core/Src/main.o
                0x0000000008000614                main
 .text.Error_Handler
                0x00000000080009b0        0x4 ./Core/Src/main.o
                0x00000000080009b0                Error_Handler
 .text.HAL_MspInit
                0x00000000080009b4       0x28 ./Core/Src/stm32u5xx_hal_msp.o
                0x00000000080009b4                HAL_MspInit
 .text.HAL_CRC_MspInit
                0x00000000080009dc       0x30 ./Core/Src/stm32u5xx_hal_msp.o
                0x00000000080009dc                HAL_CRC_MspInit
 .text.HAL_TIM_Base_MspInit
                0x0000000008000a0c       0x30 ./Core/Src/stm32u5xx_hal_msp.o
                0x0000000008000a0c                HAL_TIM_Base_MspInit
 .text.HAL_UART_MspInit
                0x0000000008000a3c       0x94 ./Core/Src/stm32u5xx_hal_msp.o
                0x0000000008000a3c                HAL_UART_MspInit
 .text.NMI_Handler
                0x0000000008000ad0        0x2 ./Core/Src/stm32u5xx_it.o
                0x0000000008000ad0                NMI_Handler
 .text.HardFault_Handler
                0x0000000008000ad2        0x2 ./Core/Src/stm32u5xx_it.o
                0x0000000008000ad2                HardFault_Handler
 .text.MemManage_Handler
                0x0000000008000ad4        0x2 ./Core/Src/stm32u5xx_it.o
                0x0000000008000ad4                MemManage_Handler
 .text.BusFault_Handler
                0x0000000008000ad6        0x2 ./Core/Src/stm32u5xx_it.o
                0x0000000008000ad6                BusFault_Handler
 .text.UsageFault_Handler
                0x0000000008000ad8        0x2 ./Core/Src/stm32u5xx_it.o
                0x0000000008000ad8                UsageFault_Handler
 .text.SVC_Handler
                0x0000000008000ada        0x2 ./Core/Src/stm32u5xx_it.o
                0x0000000008000ada                SVC_Handler
 .text.DebugMon_Handler
                0x0000000008000adc        0x2 ./Core/Src/stm32u5xx_it.o
                0x0000000008000adc                DebugMon_Handler
 .text.PendSV_Handler
                0x0000000008000ade        0x2 ./Core/Src/stm32u5xx_it.o
                0x0000000008000ade                PendSV_Handler
 .text.SysTick_Handler
                0x0000000008000ae0        0x4 ./Core/Src/stm32u5xx_it.o
                0x0000000008000ae0                SysTick_Handler
 .text._sbrk    0x0000000008000ae4       0x40 ./Core/Src/sysmem.o
                0x0000000008000ae4                _sbrk
 .text.SystemInit
                0x0000000008000b24       0x44 ./Core/Src/system_stm32u5xx.o
                0x0000000008000b24                SystemInit
 .text.Reset_Handler
                0x0000000008000b68       0x50 ./Core/Startup/startup_stm32u575zitxq.o
                0x0000000008000b68                Reset_Handler
 .text.Default_Handler
                0x0000000008000bb8        0x2 ./Core/Startup/startup_stm32u575zitxq.o
                0x0000000008000bb8                EXTI2_IRQHandler
                0x0000000008000bb8                TIM8_TRG_COM_IRQHandler
                0x0000000008000bb8                TIM8_CC_IRQHandler
                0x0000000008000bb8                EXTI5_IRQHandler
                0x0000000008000bb8                FLASH_S_IRQHandler
                0x0000000008000bb8                EXTI13_IRQHandler
                0x0000000008000bb8                TIM1_CC_IRQHandler
                0x0000000008000bb8                TSC_IRQHandler
                0x0000000008000bb8                TAMP_IRQHandler
                0x0000000008000bb8                TIM6_IRQHandler
                0x0000000008000bb8                EXTI12_IRQHandler
                0x0000000008000bb8                CORDIC_IRQHandler
                0x0000000008000bb8                EXTI3_IRQHandler
                0x0000000008000bb8                LPTIM4_IRQHandler
                0x0000000008000bb8                GPDMA1_Channel5_IRQHandler
                0x0000000008000bb8                EXTI8_IRQHandler
                0x0000000008000bb8                LPTIM2_IRQHandler
                0x0000000008000bb8                I2C3_ER_IRQHandler
                0x0000000008000bb8                PWR_S3WU_IRQHandler
                0x0000000008000bb8                MDF1_FLT2_IRQHandler
                0x0000000008000bb8                LPDMA1_Channel3_IRQHandler
                0x0000000008000bb8                LPTIM3_IRQHandler
                0x0000000008000bb8                EXTI0_IRQHandler
                0x0000000008000bb8                I2C2_EV_IRQHandler
                0x0000000008000bb8                FPU_IRQHandler
                0x0000000008000bb8                GPDMA1_Channel3_IRQHandler
                0x0000000008000bb8                GPDMA1_Channel7_IRQHandler
                0x0000000008000bb8                MDF1_FLT4_IRQHandler
                0x0000000008000bb8                FDCAN1_IT1_IRQHandler
                0x0000000008000bb8                RAMCFG_IRQHandler
                0x0000000008000bb8                GPDMA1_Channel9_IRQHandler
                0x0000000008000bb8                DCACHE1_IRQHandler
                0x0000000008000bb8                SPI1_IRQHandler
                0x0000000008000bb8                OCTOSPI1_IRQHandler
                0x0000000008000bb8                GPDMA1_Channel2_IRQHandler
                0x0000000008000bb8                TIM8_UP_IRQHandler
                0x0000000008000bb8                RCC_S_IRQHandler
                0x0000000008000bb8                OCTOSPI2_IRQHandler
                0x0000000008000bb8                SAI2_IRQHandler
                0x0000000008000bb8                MDF1_FLT1_IRQHandler
                0x0000000008000bb8                ADC1_IRQHandler
                0x0000000008000bb8                MDF1_FLT5_IRQHandler
                0x0000000008000bb8                EXTI15_IRQHandler
                0x0000000008000bb8                TIM17_IRQHandler
                0x0000000008000bb8                USART3_IRQHandler
                0x0000000008000bb8                RTC_IRQHandler
                0x0000000008000bb8                EXTI9_IRQHandler
                0x0000000008000bb8                UART5_IRQHandler
                0x0000000008000bb8                TIM4_IRQHandler
                0x0000000008000bb8                I2C1_EV_IRQHandler
                0x0000000008000bb8                GPDMA1_Channel12_IRQHandler
                0x0000000008000bb8                GPDMA1_Channel1_IRQHandler
                0x0000000008000bb8                TIM16_IRQHandler
                0x0000000008000bb8                GPDMA1_Channel15_IRQHandler
                0x0000000008000bb8                UART4_IRQHandler
                0x0000000008000bb8                SecureFault_Handler
                0x0000000008000bb8                TIM3_IRQHandler
                0x0000000008000bb8                RCC_IRQHandler
                0x0000000008000bb8                TIM1_TRG_COM_IRQHandler
                0x0000000008000bb8                Default_Handler
                0x0000000008000bb8                GPDMA1_Channel8_IRQHandler
                0x0000000008000bb8                FMAC_IRQHandler
                0x0000000008000bb8                GPDMA1_Channel11_IRQHandler
                0x0000000008000bb8                TIM7_IRQHandler
                0x0000000008000bb8                SDMMC1_IRQHandler
                0x0000000008000bb8                TIM5_IRQHandler
                0x0000000008000bb8                UCPD1_IRQHandler
                0x0000000008000bb8                GPDMA1_Channel0_IRQHandler
                0x0000000008000bb8                TIM15_IRQHandler
                0x0000000008000bb8                I2C3_EV_IRQHandler
                0x0000000008000bb8                LPDMA1_Channel0_IRQHandler
                0x0000000008000bb8                PVD_PVM_IRQHandler
                0x0000000008000bb8                SPI2_IRQHandler
                0x0000000008000bb8                LPDMA1_Channel1_IRQHandler
                0x0000000008000bb8                EXTI14_IRQHandler
                0x0000000008000bb8                EXTI11_IRQHandler
                0x0000000008000bb8                CRS_IRQHandler
                0x0000000008000bb8                GPDMA1_Channel14_IRQHandler
                0x0000000008000bb8                EXTI4_IRQHandler
                0x0000000008000bb8                RTC_S_IRQHandler
                0x0000000008000bb8                GPDMA1_Channel13_IRQHandler
                0x0000000008000bb8                RNG_IRQHandler
                0x0000000008000bb8                COMP_IRQHandler
                0x0000000008000bb8                TIM1_UP_IRQHandler
                0x0000000008000bb8                ADC4_IRQHandler
                0x0000000008000bb8                WWDG_IRQHandler
                0x0000000008000bb8                I2C4_EV_IRQHandler
                0x0000000008000bb8                ADF1_IRQHandler
                0x0000000008000bb8                IWDG_IRQHandler
                0x0000000008000bb8                LPUART1_IRQHandler
                0x0000000008000bb8                MDF1_FLT0_IRQHandler
                0x0000000008000bb8                FDCAN1_IT0_IRQHandler
                0x0000000008000bb8                TIM2_IRQHandler
                0x0000000008000bb8                GPDMA1_Channel4_IRQHandler
                0x0000000008000bb8                EXTI7_IRQHandler
                0x0000000008000bb8                DMA2D_IRQHandler
                0x0000000008000bb8                TIM1_BRK_IRQHandler
                0x0000000008000bb8                EXTI1_IRQHandler
                0x0000000008000bb8                SDMMC2_IRQHandler
                0x0000000008000bb8                DAC1_IRQHandler
                0x0000000008000bb8                GTZC_IRQHandler
                0x0000000008000bb8                MDF1_FLT3_IRQHandler
                0x0000000008000bb8                USART2_IRQHandler
                0x0000000008000bb8                GPDMA1_Channel6_IRQHandler
                0x0000000008000bb8                I2C2_ER_IRQHandler
                0x0000000008000bb8                TIM8_BRK_IRQHandler
                0x0000000008000bb8                FLASH_IRQHandler
                0x0000000008000bb8                USART1_IRQHandler
                0x0000000008000bb8                EXTI10_IRQHandler
                0x0000000008000bb8                OTG_FS_IRQHandler
                0x0000000008000bb8                SPI3_IRQHandler
                0x0000000008000bb8                LPDMA1_Channel2_IRQHandler
                0x0000000008000bb8                I2C1_ER_IRQHandler
                0x0000000008000bb8                FMC_IRQHandler
                0x0000000008000bb8                EXTI6_IRQHandler
                0x0000000008000bb8                LPTIM1_IRQHandler
                0x0000000008000bb8                DCMI_PSSI_IRQHandler
                0x0000000008000bb8                I2C4_ER_IRQHandler
                0x0000000008000bb8                GPDMA1_Channel10_IRQHandler
                0x0000000008000bb8                ICACHE_IRQHandler
                0x0000000008000bb8                SAI1_IRQHandler
                0x0000000008000bb8                HASH_IRQHandler
 *fill*         0x0000000008000bba        0x2 
 .text.HAL_InitTick
                0x0000000008000bbc       0x4c ./Drivers/STM32U5xx_HAL_Driver/Src/stm32u5xx_hal.o
                0x0000000008000bbc                HAL_InitTick
 .text.HAL_Init
                0x0000000008000c08       0x50 ./Drivers/STM32U5xx_HAL_Driver/Src/stm32u5xx_hal.o
                0x0000000008000c08                HAL_Init
 .text.HAL_IncTick
                0x0000000008000c58       0x18 ./Drivers/STM32U5xx_HAL_Driver/Src/stm32u5xx_hal.o
                0x0000000008000c58                HAL_IncTick
 .text.HAL_GetTick
                0x0000000008000c70        0xc ./Drivers/STM32U5xx_HAL_Driver/Src/stm32u5xx_hal.o
                0x0000000008000c70                HAL_GetTick
 .text.HAL_NVIC_SetPriorityGrouping
                0x0000000008000c7c       0x24 ./Drivers/STM32U5xx_HAL_Driver/Src/stm32u5xx_hal_cortex.o
                0x0000000008000c7c                HAL_NVIC_SetPriorityGrouping
 .text.HAL_NVIC_SetPriority
                0x0000000008000ca0       0x60 ./Drivers/STM32U5xx_HAL_Driver/Src/stm32u5xx_hal_cortex.o
                0x0000000008000ca0                HAL_NVIC_SetPriority
 .text.HAL_SYSTICK_Config
                0x0000000008000d00       0x28 ./Drivers/STM32U5xx_HAL_Driver/Src/stm32u5xx_hal_cortex.o
                0x0000000008000d00                HAL_SYSTICK_Config
 .text.HAL_CRC_Init
                0x0000000008000d28       0x74 ./Drivers/STM32U5xx_HAL_Driver/Src/stm32u5xx_hal_crc.o
                0x0000000008000d28                HAL_CRC_Init
 .text.HAL_CRCEx_Polynomial_Set
                0x0000000008000d9c       0x48 ./Drivers/STM32U5xx_HAL_Driver/Src/stm32u5xx_hal_crc_ex.o
                0x0000000008000d9c                HAL_CRCEx_Polynomial_Set
 .text.HAL_GPIO_Init
                0x0000000008000de4      0x1fc ./Drivers/STM32U5xx_HAL_Driver/Src/stm32u5xx_hal_gpio.o
                0x0000000008000de4                HAL_GPIO_Init
 .text.HAL_GPIO_WritePin
                0x0000000008000fe0        0xa ./Drivers/STM32U5xx_HAL_Driver/Src/stm32u5xx_hal_gpio.o
                0x0000000008000fe0                HAL_GPIO_WritePin
 *fill*         0x0000000008000fea        0x2 
 .text.HAL_ICACHE_ConfigAssociativityMode
                0x0000000008000fec       0x20 ./Drivers/STM32U5xx_HAL_Driver/Src/stm32u5xx_hal_icache.o
                0x0000000008000fec                HAL_ICACHE_ConfigAssociativityMode
 .text.HAL_ICACHE_Enable
                0x000000000800100c       0x14 ./Drivers/STM32U5xx_HAL_Driver/Src/stm32u5xx_hal_icache.o
                0x000000000800100c                HAL_ICACHE_Enable
 .text.HAL_PWREx_ControlVoltageScaling
                0x0000000008001020       0x74 ./Drivers/STM32U5xx_HAL_Driver/Src/stm32u5xx_hal_pwr_ex.o
                0x0000000008001020                HAL_PWREx_ControlVoltageScaling
 .text.HAL_PWREx_GetVoltageRange
                0x0000000008001094       0x10 ./Drivers/STM32U5xx_HAL_Driver/Src/stm32u5xx_hal_pwr_ex.o
                0x0000000008001094                HAL_PWREx_GetVoltageRange
 .text.HAL_PWREx_ConfigSupply
                0x00000000080010a4       0x58 ./Drivers/STM32U5xx_HAL_Driver/Src/stm32u5xx_hal_pwr_ex.o
                0x00000000080010a4                HAL_PWREx_ConfigSupply
 .text.HAL_PWREx_EnableVddIO2
                0x00000000080010fc       0x10 ./Drivers/STM32U5xx_HAL_Driver/Src/stm32u5xx_hal_pwr_ex.o
                0x00000000080010fc                HAL_PWREx_EnableVddIO2
 .text.HAL_PWREx_DisableUCPDDeadBattery
                0x000000000800110c       0x10 ./Drivers/STM32U5xx_HAL_Driver/Src/stm32u5xx_hal_pwr_ex.o
                0x000000000800110c                HAL_PWREx_DisableUCPDDeadBattery
 .text.RCC_SetFlashLatencyFromMSIRange
                0x000000000800111c       0xb8 ./Drivers/STM32U5xx_HAL_Driver/Src/stm32u5xx_hal_rcc.o
 .text.HAL_RCC_GetSysClockFreq
                0x00000000080011d4      0x10c ./Drivers/STM32U5xx_HAL_Driver/Src/stm32u5xx_hal_rcc.o
                0x00000000080011d4                HAL_RCC_GetSysClockFreq
 .text.HAL_RCC_ClockConfig
                0x00000000080012e0      0x29c ./Drivers/STM32U5xx_HAL_Driver/Src/stm32u5xx_hal_rcc.o
                0x00000000080012e0                HAL_RCC_ClockConfig
 .text.HAL_RCC_GetHCLKFreq
                0x000000000800157c       0x28 ./Drivers/STM32U5xx_HAL_Driver/Src/stm32u5xx_hal_rcc.o
                0x000000000800157c                HAL_RCC_GetHCLKFreq
 .text.HAL_RCC_OscConfig
                0x00000000080015a4      0x8c8 ./Drivers/STM32U5xx_HAL_Driver/Src/stm32u5xx_hal_rcc.o
                0x00000000080015a4                HAL_RCC_OscConfig
 .text.HAL_RCC_GetPCLK1Freq
                0x0000000008001e6c       0x20 ./Drivers/STM32U5xx_HAL_Driver/Src/stm32u5xx_hal_rcc.o
                0x0000000008001e6c                HAL_RCC_GetPCLK1Freq
 .text.HAL_RCC_GetPCLK2Freq
                0x0000000008001e8c       0x20 ./Drivers/STM32U5xx_HAL_Driver/Src/stm32u5xx_hal_rcc.o
                0x0000000008001e8c                HAL_RCC_GetPCLK2Freq
 .text.HAL_RCC_GetPCLK3Freq
                0x0000000008001eac       0x20 ./Drivers/STM32U5xx_HAL_Driver/Src/stm32u5xx_hal_rcc.o
                0x0000000008001eac                HAL_RCC_GetPCLK3Freq
 .text.RCCEx_PLL3_Config
                0x0000000008001ecc       0xd8 ./Drivers/STM32U5xx_HAL_Driver/Src/stm32u5xx_hal_rcc_ex.o
 .text.RCCEx_PLL2_Config
                0x0000000008001fa4       0xd8 ./Drivers/STM32U5xx_HAL_Driver/Src/stm32u5xx_hal_rcc_ex.o
 .text.HAL_RCCEx_PeriphCLKConfig
                0x000000000800207c      0x5d4 ./Drivers/STM32U5xx_HAL_Driver/Src/stm32u5xx_hal_rcc_ex.o
                0x000000000800207c                HAL_RCCEx_PeriphCLKConfig
 .text.HAL_RCCEx_GetPLL1ClockFreq
                0x0000000008002650      0x158 ./Drivers/STM32U5xx_HAL_Driver/Src/stm32u5xx_hal_rcc_ex.o
                0x0000000008002650                HAL_RCCEx_GetPLL1ClockFreq
 .text.HAL_RCCEx_GetPLL2ClockFreq
                0x00000000080027a8      0x158 ./Drivers/STM32U5xx_HAL_Driver/Src/stm32u5xx_hal_rcc_ex.o
                0x00000000080027a8                HAL_RCCEx_GetPLL2ClockFreq
 .text.HAL_RCCEx_GetPLL3ClockFreq
                0x0000000008002900      0x158 ./Drivers/STM32U5xx_HAL_Driver/Src/stm32u5xx_hal_rcc_ex.o
                0x0000000008002900                HAL_RCCEx_GetPLL3ClockFreq
 .text.HAL_RCCEx_GetPeriphCLKFreq
                0x0000000008002a58      0xadc ./Drivers/STM32U5xx_HAL_Driver/Src/stm32u5xx_hal_rcc_ex.o
                0x0000000008002a58                HAL_RCCEx_GetPeriphCLKFreq
 .text.HAL_TIM_Base_Start
                0x0000000008003534       0xac ./Drivers/STM32U5xx_HAL_Driver/Src/stm32u5xx_hal_tim.o
                0x0000000008003534                HAL_TIM_Base_Start
 .text.TIM_Base_SetConfig
                0x00000000080035e0      0x164 ./Drivers/STM32U5xx_HAL_Driver/Src/stm32u5xx_hal_tim.o
                0x00000000080035e0                TIM_Base_SetConfig
 .text.HAL_TIM_Base_Init
                0x0000000008003744       0x60 ./Drivers/STM32U5xx_HAL_Driver/Src/stm32u5xx_hal_tim.o
                0x0000000008003744                HAL_TIM_Base_Init
 .text.UART_SetConfig
                0x00000000080037a4      0x1a4 ./Drivers/STM32U5xx_HAL_Driver/Src/stm32u5xx_hal_uart.o
                0x00000000080037a4                UART_SetConfig
 .text.UART_AdvFeatureConfig
                0x0000000008003948       0xaa ./Drivers/STM32U5xx_HAL_Driver/Src/stm32u5xx_hal_uart.o
                0x0000000008003948                UART_AdvFeatureConfig
 .text.UART_WaitOnFlagUntilTimeout
                0x00000000080039f2       0xc4 ./Drivers/STM32U5xx_HAL_Driver/Src/stm32u5xx_hal_uart.o
                0x00000000080039f2                UART_WaitOnFlagUntilTimeout
 .text.HAL_UART_Transmit
                0x0000000008003ab6       0xca ./Drivers/STM32U5xx_HAL_Driver/Src/stm32u5xx_hal_uart.o
                0x0000000008003ab6                HAL_UART_Transmit
 .text.UART_CheckIdleState
                0x0000000008003b80       0x6a ./Drivers/STM32U5xx_HAL_Driver/Src/stm32u5xx_hal_uart.o
                0x0000000008003b80                UART_CheckIdleState
 .text.HAL_UART_Init
                0x0000000008003bea       0x60 ./Drivers/STM32U5xx_HAL_Driver/Src/stm32u5xx_hal_uart.o
                0x0000000008003bea                HAL_UART_Init
 *fill*         0x0000000008003c4a        0x2 
 .text.UARTEx_SetNbDataToProcess
                0x0000000008003c4c       0x44 ./Drivers/STM32U5xx_HAL_Driver/Src/stm32u5xx_hal_uart_ex.o
 .text.HAL_UARTEx_DisableFifoMode
                0x0000000008003c90       0x36 ./Drivers/STM32U5xx_HAL_Driver/Src/stm32u5xx_hal_uart_ex.o
                0x0000000008003c90                HAL_UARTEx_DisableFifoMode
 .text.HAL_UARTEx_SetTxFifoThreshold
                0x0000000008003cc6       0x48 ./Drivers/STM32U5xx_HAL_Driver/Src/stm32u5xx_hal_uart_ex.o
                0x0000000008003cc6                HAL_UARTEx_SetTxFifoThreshold
 .text.HAL_UARTEx_SetRxFifoThreshold
                0x0000000008003d0e       0x48 ./Drivers/STM32U5xx_HAL_Driver/Src/stm32u5xx_hal_uart_ex.o
                0x0000000008003d0e                HAL_UARTEx_SetRxFifoThreshold
 .text.ai_network_get_error
                0x0000000008003d56        0x4 ./X-CUBE-AI/App/network.o
                0x0000000008003d56                ai_network_get_error
 *fill*         0x0000000008003d5a        0x2 
 .text.ai_network_create
                0x0000000008003d5c       0x1c ./X-CUBE-AI/App/network.o
                0x0000000008003d5c                ai_network_create
 .text.ai_network_inputs_get
                0x0000000008003d78       0x14 ./X-CUBE-AI/App/network.o
                0x0000000008003d78                ai_network_inputs_get
 .text.ai_network_outputs_get
                0x0000000008003d8c       0x14 ./X-CUBE-AI/App/network.o
                0x0000000008003d8c                ai_network_outputs_get
 .text.ai_network_init
                0x0000000008003da0      0x32c ./X-CUBE-AI/App/network.o
                0x0000000008003da0                ai_network_init
 .text.ai_network_create_and_init
                0x00000000080040cc       0x8e ./X-CUBE-AI/App/network.o
                0x00000000080040cc                ai_network_create_and_init
 .text.ai_network_run
                0x000000000800415a        0x4 ./X-CUBE-AI/App/network.o
                0x000000000800415a                ai_network_run
 *fill*         0x000000000800415e        0x2 
 .text.ai_network_data_params_get
                0x0000000008004160       0x30 ./X-CUBE-AI/App/network_data.o
                0x0000000008004160                ai_network_data_params_get
 .text.ai_buffer_get_size
                0x0000000008004190       0x68 ../Middlewares/ST/AI/Lib\NetworkRuntime810_CM33_GCC.a(ai_platform.o)
                0x0000000008004190                ai_buffer_get_size
 .text.ai_buffer_array_sane
                0x00000000080041f8       0x14 ../Middlewares/ST/AI/Lib\NetworkRuntime810_CM33_GCC.a(ai_platform.o)
                0x00000000080041f8                ai_buffer_array_sane
 .text.ai_buffer_array_item_set_address
                0x000000000800420c       0x20 ../Middlewares/ST/AI/Lib\NetworkRuntime810_CM33_GCC.a(ai_platform.o)
                0x000000000800420c                ai_buffer_array_item_set_address
 .text._ai_platform_acquire_crc
                0x000000000800422c        0x4 ../Middlewares/ST/AI/Lib\NetworkRuntime810_CM33_GCC.a(ai_platform_interface.o)
                0x000000000800422c                _ai_platform_acquire_crc
 .text._ai_platform_release_crc
                0x0000000008004230        0x4 ../Middlewares/ST/AI/Lib\NetworkRuntime810_CM33_GCC.a(ai_platform_interface.o)
                0x0000000008004230                _ai_platform_release_crc
 .text.ai_platform_get_weights_map
                0x0000000008004234       0xa8 ../Middlewares/ST/AI/Lib\NetworkRuntime810_CM33_GCC.a(ai_platform_interface.o)
                0x0000000008004234                ai_platform_get_weights_map
 .text.ai_platform_get_activations_map
                0x00000000080042dc       0xa8 ../Middlewares/ST/AI/Lib\NetworkRuntime810_CM33_GCC.a(ai_platform_interface.o)
                0x00000000080042dc                ai_platform_get_activations_map
 .text.ai_platform_bind_network_params
                0x0000000008004384       0x44 ../Middlewares/ST/AI/Lib\NetworkRuntime810_CM33_GCC.a(ai_platform_interface.o)
                0x0000000008004384                ai_platform_bind_network_params
 .text.ai_platform_network_get_error
                0x00000000080043c8      0x108 ../Middlewares/ST/AI/Lib\NetworkRuntime810_CM33_GCC.a(ai_platform_interface.o)
                0x00000000080043c8                ai_platform_network_get_error
 .text.ai_platform_network_set_error
                0x00000000080044d0        0xc ../Middlewares/ST/AI/Lib\NetworkRuntime810_CM33_GCC.a(ai_platform_interface.o)
                0x00000000080044d0                ai_platform_network_set_error
 .text.ai_platform_inputs_get
                0x00000000080044dc      0x1d8 ../Middlewares/ST/AI/Lib\NetworkRuntime810_CM33_GCC.a(ai_platform_interface.o)
                0x00000000080044dc                ai_platform_inputs_get
 .text.ai_platform_outputs_get
                0x00000000080046b4      0x1cc ../Middlewares/ST/AI/Lib\NetworkRuntime810_CM33_GCC.a(ai_platform_interface.o)
                0x00000000080046b4                ai_platform_outputs_get
 .text.ai_platform_network_create
                0x0000000008004880      0x1cc ../Middlewares/ST/AI/Lib\NetworkRuntime810_CM33_GCC.a(ai_platform_interface.o)
                0x0000000008004880                ai_platform_network_create
 .text.ai_platform_network_init
                0x0000000008004a4c      0x204 ../Middlewares/ST/AI/Lib\NetworkRuntime810_CM33_GCC.a(ai_platform_interface.o)
                0x0000000008004a4c                ai_platform_network_init
 .text.ai_platform_network_post_init
                0x0000000008004c50      0x138 ../Middlewares/ST/AI/Lib\NetworkRuntime810_CM33_GCC.a(ai_platform_interface.o)
                0x0000000008004c50                ai_platform_network_post_init
 .text.ai_platform_network_process
                0x0000000008004d88      0x51c ../Middlewares/ST/AI/Lib\NetworkRuntime810_CM33_GCC.a(ai_platform_interface.o)
                0x0000000008004d88                ai_platform_network_process
 .text.core_init
                0x00000000080052a4        0x4 ../Middlewares/ST/AI/Lib\NetworkRuntime810_CM33_GCC.a(core_common.o)
                0x00000000080052a4                core_init
 .text.core_get_error
                0x00000000080052a8        0xc ../Middlewares/ST/AI/Lib\NetworkRuntime810_CM33_GCC.a(core_common.o)
                0x00000000080052a8                core_get_error
 .text.core_set_error
                0x00000000080052b4       0x18 ../Middlewares/ST/AI/Lib\NetworkRuntime810_CM33_GCC.a(core_common.o)
                0x00000000080052b4                core_set_error
 .text.ai_check_custom_types
                0x00000000080052cc       0x50 ../Middlewares/ST/AI/Lib\NetworkRuntime810_CM33_GCC.a(layers.o)
                0x00000000080052cc                ai_check_custom_types
 .text.ai_layers_init_all
                0x000000000800531c       0x1c ../Middlewares/ST/AI/Lib\NetworkRuntime810_CM33_GCC.a(layers.o)
                0x000000000800531c                ai_layers_init_all
 .text.ai_layers_post_init_all
                0x0000000008005338       0x28 ../Middlewares/ST/AI/Lib\NetworkRuntime810_CM33_GCC.a(layers.o)
                0x0000000008005338                ai_layers_post_init_all
 .text.ai_layers_forward_all
                0x0000000008005360       0x94 ../Middlewares/ST/AI/Lib\NetworkRuntime810_CM33_GCC.a(layers.o)
                0x0000000008005360                ai_layers_forward_all
 .text.ai_dict_decompress_f32
                0x00000000080053f4       0xa0 ../Middlewares/ST/AI/Lib\NetworkRuntime810_CM33_GCC.a(layers_conv2d_generic_float.o)
                0x00000000080053f4                ai_dict_decompress_f32
 .text.forward_conv2d_if32of32wf32
                0x0000000008005494      0x18c ../Middlewares/ST/AI/Lib\NetworkRuntime810_CM33_GCC.a(layers_conv2d_generic_float.o)
                0x0000000008005494                forward_conv2d_if32of32wf32
 .text.forward_dense
                0x0000000008005620      0x550 ../Middlewares/ST/AI/Lib\NetworkRuntime810_CM33_GCC.a(layers_conv2d_generic_float.o)
                0x0000000008005620                forward_dense
 .text.forward_relu
                0x0000000008005b70      0x25c ../Middlewares/ST/AI/Lib\NetworkRuntime810_CM33_GCC.a(layers_nl_generic_float.o)
                0x0000000008005b70                forward_relu
 .text.forward_sm
                0x0000000008005dcc      0x110 ../Middlewares/ST/AI/Lib\NetworkRuntime810_CM33_GCC.a(layers_nl_generic_float.o)
                0x0000000008005dcc                forward_sm
 .text.forward_bn
                0x0000000008005edc      0x158 ../Middlewares/ST/AI/Lib\NetworkRuntime810_CM33_GCC.a(layers_norm_generic_float.o)
                0x0000000008005edc                forward_bn
 .text.forward_mp
                0x0000000008006034      0x18c ../Middlewares/ST/AI/Lib\NetworkRuntime810_CM33_GCC.a(layers_pool_generic_float.o)
                0x0000000008006034                forward_mp
 .text.ai_conv2d_kernel_simple_opt_f32.constprop.0
                0x00000000080061c0      0x22c ../Middlewares/ST/AI/Lib\NetworkRuntime810_CM33_GCC.a(forward_lite_conv2d_if32of32wf32.o)
 .text.forward_lite_conv2d_if32of32wf32
                0x00000000080063ec      0x2cc ../Middlewares/ST/AI/Lib\NetworkRuntime810_CM33_GCC.a(forward_lite_conv2d_if32of32wf32.o)
                0x00000000080063ec                forward_lite_conv2d_if32of32wf32
 .text.forward_lite_dense_if32of32wf32
                0x00000000080066b8      0x250 ../Middlewares/ST/AI/Lib\NetworkRuntime810_CM33_GCC.a(lite_dense_if32.o)
                0x00000000080066b8                forward_lite_dense_if32of32wf32
 .text.st_int8_copy
                0x0000000008006908      0x110 ../Middlewares/ST/AI/Lib\NetworkRuntime810_CM33_GCC.a(st_int8_fill.o)
                0x0000000008006908                st_int8_copy
 .text.ai_array_to_buffer_fmt
                0x0000000008006a18       0xd8 ../Middlewares/ST/AI/Lib\NetworkRuntime810_CM33_GCC.a(ai_datatypes_format.o)
                0x0000000008006a18                ai_array_to_buffer_fmt
 .text.ai_array_get_byte_size
                0x0000000008006af0       0x50 ../Middlewares/ST/AI/Lib\NetworkRuntime810_CM33_GCC.a(ai_datatypes_format.o)
                0x0000000008006af0                ai_array_get_byte_size
 .text.ai_array_get_data_byte_size
                0x0000000008006b40       0x20 ../Middlewares/ST/AI/Lib\NetworkRuntime810_CM33_GCC.a(ai_datatypes_format.o)
                0x0000000008006b40                ai_array_get_data_byte_size
 .text.ai_version_get
                0x0000000008006b60        0xc ../Middlewares/ST/AI/Lib\NetworkRuntime810_CM33_GCC.a(ai_datatypes_internal.o)
                0x0000000008006b60                ai_version_get
 .text.get_tensor_byte_size
                0x0000000008006b6c       0x30 ../Middlewares/ST/AI/Lib\NetworkRuntime810_CM33_GCC.a(ai_datatypes_internal.o)
                0x0000000008006b6c                get_tensor_byte_size
 .text.__errno  0x0000000008006b9c        0xc e:/ide/stm32cubeide_1.10.1/stm32cubeide/plugins/com.st.stm32cube.ide.mcu.externaltools.gnu-tools-for-stm32.10.3-2021.10.win32_1.0.0.202111181127/tools/bin/../lib/gcc/arm-none-eabi/10.3.1/../../../../arm-none-eabi/lib/thumb/v8-m.main+fp/hard\libc_nano.a(lib_a-errno.o)
                0x0000000008006b9c                __errno
 .text.__libc_init_array
                0x0000000008006ba8       0x48 e:/ide/stm32cubeide_1.10.1/stm32cubeide/plugins/com.st.stm32cube.ide.mcu.externaltools.gnu-tools-for-stm32.10.3-2021.10.win32_1.0.0.202111181127/tools/bin/../lib/gcc/arm-none-eabi/10.3.1/../../../../arm-none-eabi/lib/thumb/v8-m.main+fp/hard\libc_nano.a(lib_a-init.o)
                0x0000000008006ba8                __libc_init_array
 .text.memcpy   0x0000000008006bf0       0x1a e:/ide/stm32cubeide_1.10.1/stm32cubeide/plugins/com.st.stm32cube.ide.mcu.externaltools.gnu-tools-for-stm32.10.3-2021.10.win32_1.0.0.202111181127/tools/bin/../lib/gcc/arm-none-eabi/10.3.1/../../../../arm-none-eabi/lib/thumb/v8-m.main+fp/hard\libc_nano.a(lib_a-memcpy-stub.o)
                0x0000000008006bf0                memcpy
 .text.memmove  0x0000000008006c0a       0x34 e:/ide/stm32cubeide_1.10.1/stm32cubeide/plugins/com.st.stm32cube.ide.mcu.externaltools.gnu-tools-for-stm32.10.3-2021.10.win32_1.0.0.202111181127/tools/bin/../lib/gcc/arm-none-eabi/10.3.1/../../../../arm-none-eabi/lib/thumb/v8-m.main+fp/hard\libc_nano.a(lib_a-memmove.o)
                0x0000000008006c0a                memmove
 .text.memset   0x0000000008006c3e       0x10 e:/ide/stm32cubeide_1.10.1/stm32cubeide/plugins/com.st.stm32cube.ide.mcu.externaltools.gnu-tools-for-stm32.10.3-2021.10.win32_1.0.0.202111181127/tools/bin/../lib/gcc/arm-none-eabi/10.3.1/../../../../arm-none-eabi/lib/thumb/v8-m.main+fp/hard\libc_nano.a(lib_a-memset.o)
                0x0000000008006c3e                memset
 *fill*         0x0000000008006c4e        0x2 
 .text._free_r  0x0000000008006c50       0x98 e:/ide/stm32cubeide_1.10.1/stm32cubeide/plugins/com.st.stm32cube.ide.mcu.externaltools.gnu-tools-for-stm32.10.3-2021.10.win32_1.0.0.202111181127/tools/bin/../lib/gcc/arm-none-eabi/10.3.1/../../../../arm-none-eabi/lib/thumb/v8-m.main+fp/hard\libc_nano.a(lib_a-nano-freer.o)
                0x0000000008006c50                _free_r
 .text.sbrk_aligned
                0x0000000008006ce8       0x40 e:/ide/stm32cubeide_1.10.1/stm32cubeide/plugins/com.st.stm32cube.ide.mcu.externaltools.gnu-tools-for-stm32.10.3-2021.10.win32_1.0.0.202111181127/tools/bin/../lib/gcc/arm-none-eabi/10.3.1/../../../../arm-none-eabi/lib/thumb/v8-m.main+fp/hard\libc_nano.a(lib_a-nano-mallocr.o)
 .text._malloc_r
                0x0000000008006d28       0xe8 e:/ide/stm32cubeide_1.10.1/stm32cubeide/plugins/com.st.stm32cube.ide.mcu.externaltools.gnu-tools-for-stm32.10.3-2021.10.win32_1.0.0.202111181127/tools/bin/../lib/gcc/arm-none-eabi/10.3.1/../../../../arm-none-eabi/lib/thumb/v8-m.main+fp/hard\libc_nano.a(lib_a-nano-mallocr.o)
                0x0000000008006d28                _malloc_r
 .text._sbrk_r  0x0000000008006e10       0x20 e:/ide/stm32cubeide_1.10.1/stm32cubeide/plugins/com.st.stm32cube.ide.mcu.externaltools.gnu-tools-for-stm32.10.3-2021.10.win32_1.0.0.202111181127/tools/bin/../lib/gcc/arm-none-eabi/10.3.1/../../../../arm-none-eabi/lib/thumb/v8-m.main+fp/hard\libc_nano.a(lib_a-sbrkr.o)
                0x0000000008006e10                _sbrk_r
 .text.sprintf  0x0000000008006e30       0x40 e:/ide/stm32cubeide_1.10.1/stm32cubeide/plugins/com.st.stm32cube.ide.mcu.externaltools.gnu-tools-for-stm32.10.3-2021.10.win32_1.0.0.202111181127/tools/bin/../lib/gcc/arm-none-eabi/10.3.1/../../../../arm-none-eabi/lib/thumb/v8-m.main+fp/hard\libc_nano.a(lib_a-sprintf.o)
                0x0000000008006e30                siprintf
                0x0000000008006e30                sprintf
 .text.strcpy   0x0000000008006e70       0x10 e:/ide/stm32cubeide_1.10.1/stm32cubeide/plugins/com.st.stm32cube.ide.mcu.externaltools.gnu-tools-for-stm32.10.3-2021.10.win32_1.0.0.202111181127/tools/bin/../lib/gcc/arm-none-eabi/10.3.1/../../../../arm-none-eabi/lib/thumb/v8-m.main+fp/hard\libc_nano.a(lib_a-strcpy.o)
                0x0000000008006e70                strcpy
 .text.__malloc_lock
                0x0000000008006e80        0xc e:/ide/stm32cubeide_1.10.1/stm32cubeide/plugins/com.st.stm32cube.ide.mcu.externaltools.gnu-tools-for-stm32.10.3-2021.10.win32_1.0.0.202111181127/tools/bin/../lib/gcc/arm-none-eabi/10.3.1/../../../../arm-none-eabi/lib/thumb/v8-m.main+fp/hard\libc_nano.a(lib_a-mlock.o)
                0x0000000008006e80                __malloc_lock
 .text.__malloc_unlock
                0x0000000008006e8c        0xc e:/ide/stm32cubeide_1.10.1/stm32cubeide/plugins/com.st.stm32cube.ide.mcu.externaltools.gnu-tools-for-stm32.10.3-2021.10.win32_1.0.0.202111181127/tools/bin/../lib/gcc/arm-none-eabi/10.3.1/../../../../arm-none-eabi/lib/thumb/v8-m.main+fp/hard\libc_nano.a(lib_a-mlock.o)
                0x0000000008006e8c                __malloc_unlock
 .text._realloc_r
                0x0000000008006e98       0x5e e:/ide/stm32cubeide_1.10.1/stm32cubeide/plugins/com.st.stm32cube.ide.mcu.externaltools.gnu-tools-for-stm32.10.3-2021.10.win32_1.0.0.202111181127/tools/bin/../lib/gcc/arm-none-eabi/10.3.1/../../../../arm-none-eabi/lib/thumb/v8-m.main+fp/hard\libc_nano.a(lib_a-nano-reallocr.o)
                0x0000000008006e98                _realloc_r
 .text.__ssputs_r
                0x0000000008006ef6       0xb6 e:/ide/stm32cubeide_1.10.1/stm32cubeide/plugins/com.st.stm32cube.ide.mcu.externaltools.gnu-tools-for-stm32.10.3-2021.10.win32_1.0.0.202111181127/tools/bin/../lib/gcc/arm-none-eabi/10.3.1/../../../../arm-none-eabi/lib/thumb/v8-m.main+fp/hard\libc_nano.a(lib_a-nano-svfprintf.o)
                0x0000000008006ef6                __ssputs_r
 .text._svfprintf_r
                0x0000000008006fac      0x200 e:/ide/stm32cubeide_1.10.1/stm32cubeide/plugins/com.st.stm32cube.ide.mcu.externaltools.gnu-tools-for-stm32.10.3-2021.10.win32_1.0.0.202111181127/tools/bin/../lib/gcc/arm-none-eabi/10.3.1/../../../../arm-none-eabi/lib/thumb/v8-m.main+fp/hard\libc_nano.a(lib_a-nano-svfprintf.o)
                0x0000000008006fac                _svfiprintf_r
                0x0000000008006fac                _svfprintf_r
 .text._printf_common
                0x00000000080071ac       0xe0 e:/ide/stm32cubeide_1.10.1/stm32cubeide/plugins/com.st.stm32cube.ide.mcu.externaltools.gnu-tools-for-stm32.10.3-2021.10.win32_1.0.0.202111181127/tools/bin/../lib/gcc/arm-none-eabi/10.3.1/../../../../arm-none-eabi/lib/thumb/v8-m.main+fp/hard\libc_nano.a(lib_a-nano-vfprintf_i.o)
                0x00000000080071ac                _printf_common
 .text._printf_i
                0x000000000800728c      0x24c e:/ide/stm32cubeide_1.10.1/stm32cubeide/plugins/com.st.stm32cube.ide.mcu.externaltools.gnu-tools-for-stm32.10.3-2021.10.win32_1.0.0.202111181127/tools/bin/../lib/gcc/arm-none-eabi/10.3.1/../../../../arm-none-eabi/lib/thumb/v8-m.main+fp/hard\libc_nano.a(lib_a-nano-vfprintf_i.o)
                0x000000000800728c                _printf_i
 .text.__retarget_lock_acquire_recursive
                0x00000000080074d8        0x2 e:/ide/stm32cubeide_1.10.1/stm32cubeide/plugins/com.st.stm32cube.ide.mcu.externaltools.gnu-tools-for-stm32.10.3-2021.10.win32_1.0.0.202111181127/tools/bin/../lib/gcc/arm-none-eabi/10.3.1/../../../../arm-none-eabi/lib/thumb/v8-m.main+fp/hard\libc_nano.a(lib_a-lock.o)
                0x00000000080074d8                __retarget_lock_acquire_recursive
 .text.__retarget_lock_release_recursive
                0x00000000080074da        0x2 e:/ide/stm32cubeide_1.10.1/stm32cubeide/plugins/com.st.stm32cube.ide.mcu.externaltools.gnu-tools-for-stm32.10.3-2021.10.win32_1.0.0.202111181127/tools/bin/../lib/gcc/arm-none-eabi/10.3.1/../../../../arm-none-eabi/lib/thumb/v8-m.main+fp/hard\libc_nano.a(lib_a-lock.o)
                0x00000000080074da                __retarget_lock_release_recursive
 .text.memchr   0x00000000080074dc       0x1c e:/ide/stm32cubeide_1.10.1/stm32cubeide/plugins/com.st.stm32cube.ide.mcu.externaltools.gnu-tools-for-stm32.10.3-2021.10.win32_1.0.0.202111181127/tools/bin/../lib/gcc/arm-none-eabi/10.3.1/../../../../arm-none-eabi/lib/thumb/v8-m.main+fp/hard\libc_nano.a(lib_a-memchr-stub.o)
                0x00000000080074dc                memchr
 .text._malloc_usable_size_r
                0x00000000080074f8       0x10 e:/ide/stm32cubeide_1.10.1/stm32cubeide/plugins/com.st.stm32cube.ide.mcu.externaltools.gnu-tools-for-stm32.10.3-2021.10.win32_1.0.0.202111181127/tools/bin/../lib/gcc/arm-none-eabi/10.3.1/../../../../arm-none-eabi/lib/thumb/v8-m.main+fp/hard\libc_nano.a(lib_a-nano-msizer.o)
                0x00000000080074f8                _malloc_usable_size_r
 .text.expf     0x0000000008007508       0x6c e:/ide/stm32cubeide_1.10.1/stm32cubeide/plugins/com.st.stm32cube.ide.mcu.externaltools.gnu-tools-for-stm32.10.3-2021.10.win32_1.0.0.202111181127/tools/bin/../lib/gcc/arm-none-eabi/10.3.1/../../../../arm-none-eabi/lib/thumb/v8-m.main+fp/hard\libm.a(lib_a-wf_exp.o)
                0x0000000008007508                expf
 .text.__ieee754_expf
                0x0000000008007574      0x19c e:/ide/stm32cubeide_1.10.1/stm32cubeide/plugins/com.st.stm32cube.ide.mcu.externaltools.gnu-tools-for-stm32.10.3-2021.10.win32_1.0.0.202111181127/tools/bin/../lib/gcc/arm-none-eabi/10.3.1/../../../../arm-none-eabi/lib/thumb/v8-m.main+fp/hard\libm.a(lib_a-ef_exp.o)
                0x0000000008007574                __ieee754_expf
 .text.with_errnof
                0x0000000008007710       0x16 e:/ide/stm32cubeide_1.10.1/stm32cubeide/plugins/com.st.stm32cube.ide.mcu.externaltools.gnu-tools-for-stm32.10.3-2021.10.win32_1.0.0.202111181127/tools/bin/../lib/gcc/arm-none-eabi/10.3.1/../../../../arm-none-eabi/lib/thumb/v8-m.main+fp/hard\libm.a(lib_a-math_errf.o)
 .text.xflowf   0x0000000008007726       0x16 e:/ide/stm32cubeide_1.10.1/stm32cubeide/plugins/com.st.stm32cube.ide.mcu.externaltools.gnu-tools-for-stm32.10.3-2021.10.win32_1.0.0.202111181127/tools/bin/../lib/gcc/arm-none-eabi/10.3.1/../../../../arm-none-eabi/lib/thumb/v8-m.main+fp/hard\libm.a(lib_a-math_errf.o)
 .text.__math_uflowf
                0x000000000800773c        0xc e:/ide/stm32cubeide_1.10.1/stm32cubeide/plugins/com.st.stm32cube.ide.mcu.externaltools.gnu-tools-for-stm32.10.3-2021.10.win32_1.0.0.202111181127/tools/bin/../lib/gcc/arm-none-eabi/10.3.1/../../../../arm-none-eabi/lib/thumb/v8-m.main+fp/hard\libm.a(lib_a-math_errf.o)
                0x000000000800773c                __math_uflowf
 .text.__math_oflowf
                0x0000000008007748        0xc e:/ide/stm32cubeide_1.10.1/stm32cubeide/plugins/com.st.stm32cube.ide.mcu.externaltools.gnu-tools-for-stm32.10.3-2021.10.win32_1.0.0.202111181127/tools/bin/../lib/gcc/arm-none-eabi/10.3.1/../../../../arm-none-eabi/lib/thumb/v8-m.main+fp/hard\libm.a(lib_a-math_errf.o)
                0x0000000008007748                __math_oflowf
 .text.finitef  0x0000000008007754       0x1a e:/ide/stm32cubeide_1.10.1/stm32cubeide/plugins/com.st.stm32cube.ide.mcu.externaltools.gnu-tools-for-stm32.10.3-2021.10.win32_1.0.0.202111181127/tools/bin/../lib/gcc/arm-none-eabi/10.3.1/../../../../arm-none-eabi/lib/thumb/v8-m.main+fp/hard\libm.a(lib_a-sf_finite.o)
                0x0000000008007754                finitef
 *(.glue_7)
 .glue_7        0x000000000800776e        0x0 linker stubs
 *(.glue_7t)
 .glue_7t       0x000000000800776e        0x0 linker stubs
 *(.eh_frame)
 *fill*         0x000000000800776e        0x2 
 .eh_frame      0x0000000008007770        0x0 e:/ide/stm32cubeide_1.10.1/stm32cubeide/plugins/com.st.stm32cube.ide.mcu.externaltools.gnu-tools-for-stm32.10.3-2021.10.win32_1.0.0.202111181127/tools/bin/../lib/gcc/arm-none-eabi/10.3.1/thumb/v8-m.main+fp/hard/crtbegin.o
 *(.init)
 .init          0x0000000008007770        0x4 e:/ide/stm32cubeide_1.10.1/stm32cubeide/plugins/com.st.stm32cube.ide.mcu.externaltools.gnu-tools-for-stm32.10.3-2021.10.win32_1.0.0.202111181127/tools/bin/../lib/gcc/arm-none-eabi/10.3.1/thumb/v8-m.main+fp/hard/crti.o
                0x0000000008007770                _init
 .init          0x0000000008007774        0x8 e:/ide/stm32cubeide_1.10.1/stm32cubeide/plugins/com.st.stm32cube.ide.mcu.externaltools.gnu-tools-for-stm32.10.3-2021.10.win32_1.0.0.202111181127/tools/bin/../lib/gcc/arm-none-eabi/10.3.1/thumb/v8-m.main+fp/hard/crtn.o
 *(.fini)
 .fini          0x000000000800777c        0x4 e:/ide/stm32cubeide_1.10.1/stm32cubeide/plugins/com.st.stm32cube.ide.mcu.externaltools.gnu-tools-for-stm32.10.3-2021.10.win32_1.0.0.202111181127/tools/bin/../lib/gcc/arm-none-eabi/10.3.1/thumb/v8-m.main+fp/hard/crti.o
                0x000000000800777c                _fini
 .fini          0x0000000008007780        0x8 e:/ide/stm32cubeide_1.10.1/stm32cubeide/plugins/com.st.stm32cube.ide.mcu.externaltools.gnu-tools-for-stm32.10.3-2021.10.win32_1.0.0.202111181127/tools/bin/../lib/gcc/arm-none-eabi/10.3.1/thumb/v8-m.main+fp/hard/crtn.o
                0x0000000008007788                _etext = .

.vfp11_veneer   0x0000000008007788        0x0
 .vfp11_veneer  0x0000000008007788        0x0 linker stubs

.v4_bx          0x0000000008007788        0x0
 .v4_bx         0x0000000008007788        0x0 linker stubs

.iplt           0x0000000008007788        0x0
 .iplt          0x0000000008007788        0x0 e:/ide/stm32cubeide_1.10.1/stm32cubeide/plugins/com.st.stm32cube.ide.mcu.externaltools.gnu-tools-for-stm32.10.3-2021.10.win32_1.0.0.202111181127/tools/bin/../lib/gcc/arm-none-eabi/10.3.1/thumb/v8-m.main+fp/hard/crtbegin.o

.rodata         0x00000000080077a0   0x12396c
 *(.rodata)
 .rodata        0x00000000080077a0       0x10 ./X-CUBE-AI/App/network_data.o
 *(.rodata*)
 .rodata.main.str1.1
                0x00000000080077b0       0x90 ./Core/Src/main.o
 .rodata.AHBPrescTable
                0x0000000008007840       0x10 ./Core/Src/system_stm32u5xx.o
                0x0000000008007840                AHBPrescTable
 .rodata.APBPrescTable
                0x0000000008007850        0x8 ./Core/Src/system_stm32u5xx.o
                0x0000000008007850                APBPrescTable
 .rodata.MSIRangeTable
                0x0000000008007858       0x40 ./Core/Src/system_stm32u5xx.o
                0x0000000008007858                MSIRangeTable
 .rodata.LPGPIO_Map
                0x0000000008007898       0x80 ./Drivers/STM32U5xx_HAL_Driver/Src/stm32u5xx_hal_gpio.o
 .rodata.UARTPrescTable
                0x0000000008007918       0x18 ./Drivers/STM32U5xx_HAL_Driver/Src/stm32u5xx_hal_uart.o
                0x0000000008007918                UARTPrescTable
 .rodata.denominator.0
                0x0000000008007930        0x8 ./Drivers/STM32U5xx_HAL_Driver/Src/stm32u5xx_hal_uart_ex.o
 .rodata.numerator.1
                0x0000000008007938        0x8 ./Drivers/STM32U5xx_HAL_Driver/Src/stm32u5xx_hal_uart_ex.o
 .rodata.conv2d_12_chain
                0x0000000008007940        0x8 ./X-CUBE-AI/App/network.o
 .rodata.conv2d_2_chain
                0x0000000008007948        0x8 ./X-CUBE-AI/App/network.o
 .rodata.conv2d_7_chain
                0x0000000008007950        0x8 ./X-CUBE-AI/App/network.o
 .rodata.eltwise_0_chain
                0x0000000008007958        0x8 ./X-CUBE-AI/App/network.o
 .rodata.eltwise_14_chain
                0x0000000008007960        0x8 ./X-CUBE-AI/App/network.o
 .rodata.eltwise_4_chain
                0x0000000008007968        0x8 ./X-CUBE-AI/App/network.o
 .rodata.eltwise_9_chain
                0x0000000008007970        0x8 ./X-CUBE-AI/App/network.o
 .rodata.gemm_18_chain
                0x0000000008007978        0x8 ./X-CUBE-AI/App/network.o
 .rodata.gemm_20_chain
                0x0000000008007980        0x8 ./X-CUBE-AI/App/network.o
 .rodata.gemm_22_chain
                0x0000000008007988        0x8 ./X-CUBE-AI/App/network.o
 .rodata.nl_13_chain
                0x0000000008007990        0x8 ./X-CUBE-AI/App/network.o
 .rodata.nl_13_nl_params
                0x0000000008007998       0x10 ./X-CUBE-AI/App/network.o
 .rodata.nl_13_nl_params_data
                0x00000000080079a8        0xc ./X-CUBE-AI/App/network.o
 .rodata.nl_19_chain
                0x00000000080079b4        0x8 ./X-CUBE-AI/App/network.o
 .rodata.nl_19_nl_params
                0x00000000080079bc       0x10 ./X-CUBE-AI/App/network.o
 .rodata.nl_19_nl_params_data
                0x00000000080079cc        0xc ./X-CUBE-AI/App/network.o
 .rodata.nl_21_chain
                0x00000000080079d8        0x8 ./X-CUBE-AI/App/network.o
 .rodata.nl_21_nl_params
                0x00000000080079e0       0x10 ./X-CUBE-AI/App/network.o
 .rodata.nl_21_nl_params_data
                0x00000000080079f0        0xc ./X-CUBE-AI/App/network.o
 .rodata.nl_23_chain
                0x00000000080079fc        0x8 ./X-CUBE-AI/App/network.o
 .rodata.nl_3_chain
                0x0000000008007a04        0x8 ./X-CUBE-AI/App/network.o
 .rodata.nl_3_nl_params
                0x0000000008007a0c       0x10 ./X-CUBE-AI/App/network.o
 .rodata.nl_3_nl_params_data
                0x0000000008007a1c        0xc ./X-CUBE-AI/App/network.o
 .rodata.nl_8_chain
                0x0000000008007a28        0x8 ./X-CUBE-AI/App/network.o
 .rodata.nl_8_nl_params
                0x0000000008007a30       0x10 ./X-CUBE-AI/App/network.o
 .rodata.nl_8_nl_params_data
                0x0000000008007a40        0xc ./X-CUBE-AI/App/network.o
 .rodata.pool_11_chain
                0x0000000008007a4c        0x8 ./X-CUBE-AI/App/network.o
 .rodata.pool_16_chain
                0x0000000008007a54        0x8 ./X-CUBE-AI/App/network.o
 .rodata.pool_6_chain
                0x0000000008007a5c        0x8 ./X-CUBE-AI/App/network.o
 *fill*         0x0000000008007a64       0x1c 
 .rodata.s_network_weights_array_u64
                0x0000000008007a80   0x123640 ./X-CUBE-AI/App/network_data_params.o
                0x0000000008007a80                s_network_weights_array_u64
 .rodata._svfprintf_r.str1.1
                0x000000000812b0c0       0x11 e:/ide/stm32cubeide_1.10.1/stm32cubeide/plugins/com.st.stm32cube.ide.mcu.externaltools.gnu-tools-for-stm32.10.3-2021.10.win32_1.0.0.202111181127/tools/bin/../lib/gcc/arm-none-eabi/10.3.1/../../../../arm-none-eabi/lib/thumb/v8-m.main+fp/hard\libc_nano.a(lib_a-nano-svfprintf.o)
 .rodata._printf_i.str1.1
                0x000000000812b0d1       0x22 e:/ide/stm32cubeide_1.10.1/stm32cubeide/plugins/com.st.stm32cube.ide.mcu.externaltools.gnu-tools-for-stm32.10.3-2021.10.win32_1.0.0.202111181127/tools/bin/../lib/gcc/arm-none-eabi/10.3.1/../../../../arm-none-eabi/lib/thumb/v8-m.main+fp/hard\libc_nano.a(lib_a-nano-vfprintf_i.o)
 *fill*         0x000000000812b0f3        0x1 
 .rodata.halF   0x000000000812b0f4        0x8 e:/ide/stm32cubeide_1.10.1/stm32cubeide/plugins/com.st.stm32cube.ide.mcu.externaltools.gnu-tools-for-stm32.10.3-2021.10.win32_1.0.0.202111181127/tools/bin/../lib/gcc/arm-none-eabi/10.3.1/../../../../arm-none-eabi/lib/thumb/v8-m.main+fp/hard\libm.a(lib_a-ef_exp.o)
 .rodata.ln2HI  0x000000000812b0fc        0x8 e:/ide/stm32cubeide_1.10.1/stm32cubeide/plugins/com.st.stm32cube.ide.mcu.externaltools.gnu-tools-for-stm32.10.3-2021.10.win32_1.0.0.202111181127/tools/bin/../lib/gcc/arm-none-eabi/10.3.1/../../../../arm-none-eabi/lib/thumb/v8-m.main+fp/hard\libm.a(lib_a-ef_exp.o)
 .rodata.ln2LO  0x000000000812b104        0x8 e:/ide/stm32cubeide_1.10.1/stm32cubeide/plugins/com.st.stm32cube.ide.mcu.externaltools.gnu-tools-for-stm32.10.3-2021.10.win32_1.0.0.202111181127/tools/bin/../lib/gcc/arm-none-eabi/10.3.1/../../../../arm-none-eabi/lib/thumb/v8-m.main+fp/hard\libm.a(lib_a-ef_exp.o)

.ARM.extab
 *(.ARM.extab* .gnu.linkonce.armextab.*)

.ARM            0x000000000812b10c        0x8
                0x000000000812b10c                __exidx_start = .
 *(.ARM.exidx*)
 .ARM.exidx     0x000000000812b10c        0x8 e:/ide/stm32cubeide_1.10.1/stm32cubeide/plugins/com.st.stm32cube.ide.mcu.externaltools.gnu-tools-for-stm32.10.3-2021.10.win32_1.0.0.202111181127/tools/bin/../lib/gcc/arm-none-eabi/10.3.1/thumb/v8-m.main+fp/hard\libgcc.a(_udivmoddi4.o)
                0x000000000812b114                __exidx_end = .

.rel.dyn        0x000000000812b114        0x0
 .rel.iplt      0x000000000812b114        0x0 e:/ide/stm32cubeide_1.10.1/stm32cubeide/plugins/com.st.stm32cube.ide.mcu.externaltools.gnu-tools-for-stm32.10.3-2021.10.win32_1.0.0.202111181127/tools/bin/../lib/gcc/arm-none-eabi/10.3.1/thumb/v8-m.main+fp/hard/crtbegin.o

.preinit_array  0x000000000812b114        0x0
                0x000000000812b114                PROVIDE (__preinit_array_start = .)
 *(.preinit_array*)
                0x000000000812b114                PROVIDE (__preinit_array_end = .)

.init_array     0x000000000812b114        0x4
                0x000000000812b114                PROVIDE (__init_array_start = .)
 *(SORT_BY_NAME(.init_array.*))
 *(.init_array*)
 .init_array    0x000000000812b114        0x4 e:/ide/stm32cubeide_1.10.1/stm32cubeide/plugins/com.st.stm32cube.ide.mcu.externaltools.gnu-tools-for-stm32.10.3-2021.10.win32_1.0.0.202111181127/tools/bin/../lib/gcc/arm-none-eabi/10.3.1/thumb/v8-m.main+fp/hard/crtbegin.o
                0x000000000812b118                PROVIDE (__init_array_end = .)

.fini_array     0x000000000812b118        0x4
                [!provide]                        PROVIDE (__fini_array_start = .)
 *(SORT_BY_NAME(.fini_array.*))
 *(.fini_array*)
 .fini_array    0x000000000812b118        0x4 e:/ide/stm32cubeide_1.10.1/stm32cubeide/plugins/com.st.stm32cube.ide.mcu.externaltools.gnu-tools-for-stm32.10.3-2021.10.win32_1.0.0.202111181127/tools/bin/../lib/gcc/arm-none-eabi/10.3.1/thumb/v8-m.main+fp/hard/crtbegin.o
                [!provide]                        PROVIDE (__fini_array_end = .)
                0x000000000812b11c                _sidata = LOADADDR (.data)

.data           0x0000000020000000     0x1cec load address 0x000000000812b11c
                0x0000000020000000                _sdata = .
 *(.data)
 *(.data*)
 .data.data     0x0000000020000000      0x780 ./Core/Src/main.o
                0x0000000020000000                data
 .data.SystemCoreClock
                0x0000000020000780        0x4 ./Core/Src/system_stm32u5xx.o
                0x0000000020000780                SystemCoreClock
 .data.uwTickFreq
                0x0000000020000784        0x1 ./Drivers/STM32U5xx_HAL_Driver/Src/stm32u5xx_hal.o
                0x0000000020000784                uwTickFreq
 *fill*         0x0000000020000785        0x3 
 .data.uwTickPrio
                0x0000000020000788        0x4 ./Drivers/STM32U5xx_HAL_Driver/Src/stm32u5xx_hal.o
                0x0000000020000788                uwTickPrio
 .data.__compound_literal.0
                0x000000002000078c       0x10 ./X-CUBE-AI/App/network.o
 .data.__compound_literal.1
                0x000000002000079c       0x10 ./X-CUBE-AI/App/network.o
 .data.__compound_literal.10
                0x00000000200007ac       0x10 ./X-CUBE-AI/App/network.o
 .data.__compound_literal.101
                0x00000000200007bc       0x30 ./X-CUBE-AI/App/network.o
 .data.__compound_literal.102
                0x00000000200007ec        0x4 ./X-CUBE-AI/App/network.o
 .data.__compound_literal.103
                0x00000000200007f0        0x4 ./X-CUBE-AI/App/network.o
 .data.__compound_literal.106
                0x00000000200007f4       0x30 ./X-CUBE-AI/App/network.o
 .data.__compound_literal.107
                0x0000000020000824        0x4 ./X-CUBE-AI/App/network.o
 .data.__compound_literal.108
                0x0000000020000828        0x4 ./X-CUBE-AI/App/network.o
 .data.__compound_literal.109
                0x000000002000082c        0x8 ./X-CUBE-AI/App/network.o
 .data.__compound_literal.11
                0x0000000020000834       0x10 ./X-CUBE-AI/App/network.o
 .data.__compound_literal.111
                0x0000000020000844       0x30 ./X-CUBE-AI/App/network.o
 .data.__compound_literal.112
                0x0000000020000874        0x4 ./X-CUBE-AI/App/network.o
 .data.__compound_literal.113
                0x0000000020000878        0x4 ./X-CUBE-AI/App/network.o
 .data.__compound_literal.116
                0x000000002000087c       0x30 ./X-CUBE-AI/App/network.o
 .data.__compound_literal.118
                0x00000000200008ac        0x4 ./X-CUBE-AI/App/network.o
 .data.__compound_literal.119
                0x00000000200008b0        0x4 ./X-CUBE-AI/App/network.o
 .data.__compound_literal.12
                0x00000000200008b4       0x10 ./X-CUBE-AI/App/network.o
 .data.__compound_literal.120
                0x00000000200008c4        0x8 ./X-CUBE-AI/App/network.o
 .data.__compound_literal.122
                0x00000000200008cc       0x30 ./X-CUBE-AI/App/network.o
 .data.__compound_literal.123
                0x00000000200008fc        0x4 ./X-CUBE-AI/App/network.o
 .data.__compound_literal.124
                0x0000000020000900        0x4 ./X-CUBE-AI/App/network.o
 .data.__compound_literal.127
                0x0000000020000904       0x30 ./X-CUBE-AI/App/network.o
 .data.__compound_literal.128
                0x0000000020000934        0x4 ./X-CUBE-AI/App/network.o
 .data.__compound_literal.129
                0x0000000020000938        0x4 ./X-CUBE-AI/App/network.o
 .data.__compound_literal.13
                0x000000002000093c       0x10 ./X-CUBE-AI/App/network.o
 .data.__compound_literal.130
                0x000000002000094c        0xc ./X-CUBE-AI/App/network.o
 .data.__compound_literal.132
                0x0000000020000958       0x30 ./X-CUBE-AI/App/network.o
 .data.__compound_literal.133
                0x0000000020000988       0x10 ./X-CUBE-AI/App/network.o
 .data.__compound_literal.134
                0x0000000020000998        0x4 ./X-CUBE-AI/App/network.o
 .data.__compound_literal.135
                0x000000002000099c        0x4 ./X-CUBE-AI/App/network.o
 .data.__compound_literal.138
                0x00000000200009a0       0x30 ./X-CUBE-AI/App/network.o
 .data.__compound_literal.14
                0x00000000200009d0       0x10 ./X-CUBE-AI/App/network.o
 .data.__compound_literal.140
                0x00000000200009e0        0x4 ./X-CUBE-AI/App/network.o
 .data.__compound_literal.141
                0x00000000200009e4        0x4 ./X-CUBE-AI/App/network.o
 .data.__compound_literal.142
                0x00000000200009e8        0x8 ./X-CUBE-AI/App/network.o
 .data.__compound_literal.144
                0x00000000200009f0       0x30 ./X-CUBE-AI/App/network.o
 .data.__compound_literal.145
                0x0000000020000a20        0x4 ./X-CUBE-AI/App/network.o
 .data.__compound_literal.146
                0x0000000020000a24        0x4 ./X-CUBE-AI/App/network.o
 .data.__compound_literal.149
                0x0000000020000a28       0x30 ./X-CUBE-AI/App/network.o
 .data.__compound_literal.15
                0x0000000020000a58       0x10 ./X-CUBE-AI/App/network.o
 .data.__compound_literal.150
                0x0000000020000a68        0x4 ./X-CUBE-AI/App/network.o
 .data.__compound_literal.151
                0x0000000020000a6c        0x4 ./X-CUBE-AI/App/network.o
 .data.__compound_literal.152
                0x0000000020000a70        0xc ./X-CUBE-AI/App/network.o
 .data.__compound_literal.154
                0x0000000020000a7c       0x30 ./X-CUBE-AI/App/network.o
 .data.__compound_literal.155
                0x0000000020000aac       0x10 ./X-CUBE-AI/App/network.o
 .data.__compound_literal.156
                0x0000000020000abc        0x4 ./X-CUBE-AI/App/network.o
 .data.__compound_literal.157
                0x0000000020000ac0        0x4 ./X-CUBE-AI/App/network.o
 .data.__compound_literal.16
                0x0000000020000ac4       0x10 ./X-CUBE-AI/App/network.o
 .data.__compound_literal.160
                0x0000000020000ad4       0x30 ./X-CUBE-AI/App/network.o
 .data.__compound_literal.162
                0x0000000020000b04        0x4 ./X-CUBE-AI/App/network.o
 .data.__compound_literal.163
                0x0000000020000b08        0x4 ./X-CUBE-AI/App/network.o
 .data.__compound_literal.164
                0x0000000020000b0c        0x8 ./X-CUBE-AI/App/network.o
 .data.__compound_literal.166
                0x0000000020000b14       0x30 ./X-CUBE-AI/App/network.o
 .data.__compound_literal.167
                0x0000000020000b44        0x4 ./X-CUBE-AI/App/network.o
 .data.__compound_literal.168
                0x0000000020000b48        0x4 ./X-CUBE-AI/App/network.o
 .data.__compound_literal.17
                0x0000000020000b4c       0x10 ./X-CUBE-AI/App/network.o
 .data.__compound_literal.171
                0x0000000020000b5c       0x30 ./X-CUBE-AI/App/network.o
 .data.__compound_literal.172
                0x0000000020000b8c        0x4 ./X-CUBE-AI/App/network.o
 .data.__compound_literal.173
                0x0000000020000b90        0x4 ./X-CUBE-AI/App/network.o
 .data.__compound_literal.174
                0x0000000020000b94        0xc ./X-CUBE-AI/App/network.o
 .data.__compound_literal.176
                0x0000000020000ba0       0x30 ./X-CUBE-AI/App/network.o
 .data.__compound_literal.177
                0x0000000020000bd0       0x10 ./X-CUBE-AI/App/network.o
 .data.__compound_literal.178
                0x0000000020000be0        0x4 ./X-CUBE-AI/App/network.o
 .data.__compound_literal.179
                0x0000000020000be4        0x4 ./X-CUBE-AI/App/network.o
 .data.__compound_literal.18
                0x0000000020000be8       0x10 ./X-CUBE-AI/App/network.o
 .data.__compound_literal.180
                0x0000000020000bf8        0x8 ./X-CUBE-AI/App/network.o
 .data.__compound_literal.182
                0x0000000020000c00       0x30 ./X-CUBE-AI/App/network.o
 .data.__compound_literal.183
                0x0000000020000c30       0x10 ./X-CUBE-AI/App/network.o
 .data.__compound_literal.184
                0x0000000020000c40       0x1c ./X-CUBE-AI/App/network.o
 .data.__compound_literal.185
                0x0000000020000c5c       0x10 ./X-CUBE-AI/App/network.o
 .data.__compound_literal.186
                0x0000000020000c6c       0x1c ./X-CUBE-AI/App/network.o
 .data.__compound_literal.187
                0x0000000020000c88        0x4 ./X-CUBE-AI/App/network.o
 .data.__compound_literal.19
                0x0000000020000c8c       0x10 ./X-CUBE-AI/App/network.o
 .data.__compound_literal.191
                0x0000000020000c9c        0xc ./X-CUBE-AI/App/network.o
 .data.__compound_literal.192
                0x0000000020000ca8        0x4 ./X-CUBE-AI/App/network.o
 .data.__compound_literal.196
                0x0000000020000cac        0xc ./X-CUBE-AI/App/network.o
 .data.__compound_literal.197
                0x0000000020000cb8       0x18 ./X-CUBE-AI/App/network.o
 .data.__compound_literal.2
                0x0000000020000cd0       0x10 ./X-CUBE-AI/App/network.o
 .data.__compound_literal.20
                0x0000000020000ce0       0x10 ./X-CUBE-AI/App/network.o
 .data.__compound_literal.21
                0x0000000020000cf0       0x10 ./X-CUBE-AI/App/network.o
 .data.__compound_literal.22
                0x0000000020000d00       0x10 ./X-CUBE-AI/App/network.o
 .data.__compound_literal.23
                0x0000000020000d10       0x10 ./X-CUBE-AI/App/network.o
 .data.__compound_literal.24
                0x0000000020000d20       0x10 ./X-CUBE-AI/App/network.o
 .data.__compound_literal.25
                0x0000000020000d30       0x10 ./X-CUBE-AI/App/network.o
 .data.__compound_literal.26
                0x0000000020000d40       0x10 ./X-CUBE-AI/App/network.o
 .data.__compound_literal.27
                0x0000000020000d50       0x10 ./X-CUBE-AI/App/network.o
 .data.__compound_literal.28
                0x0000000020000d60       0x10 ./X-CUBE-AI/App/network.o
 .data.__compound_literal.29
                0x0000000020000d70       0x10 ./X-CUBE-AI/App/network.o
 .data.__compound_literal.3
                0x0000000020000d80       0x10 ./X-CUBE-AI/App/network.o
 .data.__compound_literal.30
                0x0000000020000d90       0x10 ./X-CUBE-AI/App/network.o
 .data.__compound_literal.31
                0x0000000020000da0       0x10 ./X-CUBE-AI/App/network.o
 .data.__compound_literal.32
                0x0000000020000db0       0x10 ./X-CUBE-AI/App/network.o
 .data.__compound_literal.33
                0x0000000020000dc0       0x10 ./X-CUBE-AI/App/network.o
 .data.__compound_literal.34
                0x0000000020000dd0       0x10 ./X-CUBE-AI/App/network.o
 .data.__compound_literal.35
                0x0000000020000de0       0x10 ./X-CUBE-AI/App/network.o
 .data.__compound_literal.36
                0x0000000020000df0       0x10 ./X-CUBE-AI/App/network.o
 .data.__compound_literal.37
                0x0000000020000e00       0x10 ./X-CUBE-AI/App/network.o
 .data.__compound_literal.38
                0x0000000020000e10       0x10 ./X-CUBE-AI/App/network.o
 .data.__compound_literal.39
                0x0000000020000e20       0x10 ./X-CUBE-AI/App/network.o
 .data.__compound_literal.4
                0x0000000020000e30       0x10 ./X-CUBE-AI/App/network.o
 .data.__compound_literal.40
                0x0000000020000e40       0x10 ./X-CUBE-AI/App/network.o
 .data.__compound_literal.41
                0x0000000020000e50       0x10 ./X-CUBE-AI/App/network.o
 .data.__compound_literal.42
                0x0000000020000e60       0x10 ./X-CUBE-AI/App/network.o
 .data.__compound_literal.43
                0x0000000020000e70       0x10 ./X-CUBE-AI/App/network.o
 .data.__compound_literal.44
                0x0000000020000e80       0x10 ./X-CUBE-AI/App/network.o
 .data.__compound_literal.45
                0x0000000020000e90       0x10 ./X-CUBE-AI/App/network.o
 .data.__compound_literal.46
                0x0000000020000ea0       0x10 ./X-CUBE-AI/App/network.o
 .data.__compound_literal.47
                0x0000000020000eb0       0x10 ./X-CUBE-AI/App/network.o
 .data.__compound_literal.48
                0x0000000020000ec0       0x10 ./X-CUBE-AI/App/network.o
 .data.__compound_literal.49
                0x0000000020000ed0       0x10 ./X-CUBE-AI/App/network.o
 .data.__compound_literal.5
                0x0000000020000ee0       0x10 ./X-CUBE-AI/App/network.o
 .data.__compound_literal.50
                0x0000000020000ef0       0x10 ./X-CUBE-AI/App/network.o
 .data.__compound_literal.51
                0x0000000020000f00       0x10 ./X-CUBE-AI/App/network.o
 .data.__compound_literal.52
                0x0000000020000f10       0x10 ./X-CUBE-AI/App/network.o
 .data.__compound_literal.53
                0x0000000020000f20       0x10 ./X-CUBE-AI/App/network.o
 .data.__compound_literal.54
                0x0000000020000f30       0x10 ./X-CUBE-AI/App/network.o
 .data.__compound_literal.55
                0x0000000020000f40       0x10 ./X-CUBE-AI/App/network.o
 .data.__compound_literal.56
                0x0000000020000f50       0x10 ./X-CUBE-AI/App/network.o
 .data.__compound_literal.57
                0x0000000020000f60       0x10 ./X-CUBE-AI/App/network.o
 .data.__compound_literal.58
                0x0000000020000f70       0x10 ./X-CUBE-AI/App/network.o
 .data.__compound_literal.59
                0x0000000020000f80       0x10 ./X-CUBE-AI/App/network.o
 .data.__compound_literal.6
                0x0000000020000f90       0x10 ./X-CUBE-AI/App/network.o
 .data.__compound_literal.60
                0x0000000020000fa0       0x10 ./X-CUBE-AI/App/network.o
 .data.__compound_literal.61
                0x0000000020000fb0       0x10 ./X-CUBE-AI/App/network.o
 .data.__compound_literal.62
                0x0000000020000fc0       0x10 ./X-CUBE-AI/App/network.o
 .data.__compound_literal.63
                0x0000000020000fd0       0x10 ./X-CUBE-AI/App/network.o
 .data.__compound_literal.64
                0x0000000020000fe0       0x10 ./X-CUBE-AI/App/network.o
 .data.__compound_literal.65
                0x0000000020000ff0       0x10 ./X-CUBE-AI/App/network.o
 .data.__compound_literal.66
                0x0000000020001000       0x10 ./X-CUBE-AI/App/network.o
 .data.__compound_literal.67
                0x0000000020001010       0x10 ./X-CUBE-AI/App/network.o
 .data.__compound_literal.68
                0x0000000020001020       0x10 ./X-CUBE-AI/App/network.o
 .data.__compound_literal.69
                0x0000000020001030       0x10 ./X-CUBE-AI/App/network.o
 .data.__compound_literal.7
                0x0000000020001040       0x10 ./X-CUBE-AI/App/network.o
 .data.__compound_literal.70
                0x0000000020001050       0x10 ./X-CUBE-AI/App/network.o
 .data.__compound_literal.71
                0x0000000020001060       0x10 ./X-CUBE-AI/App/network.o
 .data.__compound_literal.72
                0x0000000020001070       0x10 ./X-CUBE-AI/App/network.o
 .data.__compound_literal.73
                0x0000000020001080       0x10 ./X-CUBE-AI/App/network.o
 .data.__compound_literal.74
                0x0000000020001090       0x10 ./X-CUBE-AI/App/network.o
 .data.__compound_literal.75
                0x00000000200010a0       0x10 ./X-CUBE-AI/App/network.o
 .data.__compound_literal.76
                0x00000000200010b0       0x10 ./X-CUBE-AI/App/network.o
 .data.__compound_literal.77
                0x00000000200010c0       0x10 ./X-CUBE-AI/App/network.o
 .data.__compound_literal.78
                0x00000000200010d0       0x10 ./X-CUBE-AI/App/network.o
 .data.__compound_literal.79
                0x00000000200010e0       0x10 ./X-CUBE-AI/App/network.o
 .data.__compound_literal.8
                0x00000000200010f0       0x10 ./X-CUBE-AI/App/network.o
 .data.__compound_literal.80
                0x0000000020001100       0x10 ./X-CUBE-AI/App/network.o
 .data.__compound_literal.81
                0x0000000020001110       0x10 ./X-CUBE-AI/App/network.o
 .data.__compound_literal.82
                0x0000000020001120        0x4 ./X-CUBE-AI/App/network.o
 .data.__compound_literal.83
                0x0000000020001124        0x4 ./X-CUBE-AI/App/network.o
 .data.__compound_literal.86
                0x0000000020001128       0x30 ./X-CUBE-AI/App/network.o
 .data.__compound_literal.87
                0x0000000020001158        0x4 ./X-CUBE-AI/App/network.o
 .data.__compound_literal.88
                0x000000002000115c        0x4 ./X-CUBE-AI/App/network.o
 .data.__compound_literal.89
                0x0000000020001160        0x8 ./X-CUBE-AI/App/network.o
 .data.__compound_literal.9
                0x0000000020001168       0x10 ./X-CUBE-AI/App/network.o
 .data.__compound_literal.91
                0x0000000020001178       0x30 ./X-CUBE-AI/App/network.o
 .data.__compound_literal.92
                0x00000000200011a8        0x4 ./X-CUBE-AI/App/network.o
 .data.__compound_literal.93
                0x00000000200011ac        0x4 ./X-CUBE-AI/App/network.o
 .data.__compound_literal.96
                0x00000000200011b0       0x30 ./X-CUBE-AI/App/network.o
 .data.__compound_literal.97
                0x00000000200011e0        0x4 ./X-CUBE-AI/App/network.o
 .data.__compound_literal.98
                0x00000000200011e4        0x4 ./X-CUBE-AI/App/network.o
 .data.__compound_literal.99
                0x00000000200011e8        0x8 ./X-CUBE-AI/App/network.o
 .data.conv2d_12_bias
                0x00000000200011f0       0x1c ./X-CUBE-AI/App/network.o
 .data.conv2d_12_bias_array
                0x000000002000120c       0x10 ./X-CUBE-AI/App/network.o
 .data.conv2d_12_layer
                0x000000002000121c       0x44 ./X-CUBE-AI/App/network.o
 .data.conv2d_12_output
                0x0000000020001260       0x1c ./X-CUBE-AI/App/network.o
 .data.conv2d_12_output_array
                0x000000002000127c       0x10 ./X-CUBE-AI/App/network.o
 .data.conv2d_12_weights
                0x000000002000128c       0x1c ./X-CUBE-AI/App/network.o
 .data.conv2d_12_weights_array
                0x00000000200012a8       0x10 ./X-CUBE-AI/App/network.o
 .data.conv2d_2_bias
                0x00000000200012b8       0x1c ./X-CUBE-AI/App/network.o
 .data.conv2d_2_bias_array
                0x00000000200012d4       0x10 ./X-CUBE-AI/App/network.o
 .data.conv2d_2_layer
                0x00000000200012e4       0x44 ./X-CUBE-AI/App/network.o
 .data.conv2d_2_output
                0x0000000020001328       0x1c ./X-CUBE-AI/App/network.o
 .data.conv2d_2_output_array
                0x0000000020001344       0x10 ./X-CUBE-AI/App/network.o
 .data.conv2d_2_weights
                0x0000000020001354       0x1c ./X-CUBE-AI/App/network.o
 .data.conv2d_2_weights_array
                0x0000000020001370       0x10 ./X-CUBE-AI/App/network.o
 .data.conv2d_7_bias
                0x0000000020001380       0x1c ./X-CUBE-AI/App/network.o
 .data.conv2d_7_bias_array
                0x000000002000139c       0x10 ./X-CUBE-AI/App/network.o
 .data.conv2d_7_layer
                0x00000000200013ac       0x44 ./X-CUBE-AI/App/network.o
 .data.conv2d_7_output
                0x00000000200013f0       0x1c ./X-CUBE-AI/App/network.o
 .data.conv2d_7_output_array
                0x000000002000140c       0x10 ./X-CUBE-AI/App/network.o
 .data.conv2d_7_weights
                0x000000002000141c       0x1c ./X-CUBE-AI/App/network.o
 .data.conv2d_7_weights_array
                0x0000000020001438       0x10 ./X-CUBE-AI/App/network.o
 .data.eltwise_0_bias
                0x0000000020001448       0x1c ./X-CUBE-AI/App/network.o
 .data.eltwise_0_bias_array
                0x0000000020001464       0x10 ./X-CUBE-AI/App/network.o
 .data.eltwise_0_layer
                0x0000000020001474       0x1c ./X-CUBE-AI/App/network.o
 .data.eltwise_0_output
                0x0000000020001490       0x1c ./X-CUBE-AI/App/network.o
 .data.eltwise_0_output_array
                0x00000000200014ac       0x10 ./X-CUBE-AI/App/network.o
 .data.eltwise_0_scale
                0x00000000200014bc       0x1c ./X-CUBE-AI/App/network.o
 .data.eltwise_0_scale_array
                0x00000000200014d8       0x10 ./X-CUBE-AI/App/network.o
 .data.eltwise_14_bias
                0x00000000200014e8       0x1c ./X-CUBE-AI/App/network.o
 .data.eltwise_14_bias_array
                0x0000000020001504       0x10 ./X-CUBE-AI/App/network.o
 .data.eltwise_14_layer
                0x0000000020001514       0x1c ./X-CUBE-AI/App/network.o
 .data.eltwise_14_output
                0x0000000020001530       0x1c ./X-CUBE-AI/App/network.o
 .data.eltwise_14_output_array
                0x000000002000154c       0x10 ./X-CUBE-AI/App/network.o
 .data.eltwise_14_scale
                0x000000002000155c       0x1c ./X-CUBE-AI/App/network.o
 .data.eltwise_14_scale_array
                0x0000000020001578       0x10 ./X-CUBE-AI/App/network.o
 .data.eltwise_4_bias
                0x0000000020001588       0x1c ./X-CUBE-AI/App/network.o
 .data.eltwise_4_bias_array
                0x00000000200015a4       0x10 ./X-CUBE-AI/App/network.o
 .data.eltwise_4_layer
                0x00000000200015b4       0x1c ./X-CUBE-AI/App/network.o
 .data.eltwise_4_output
                0x00000000200015d0       0x1c ./X-CUBE-AI/App/network.o
 .data.eltwise_4_output_array
                0x00000000200015ec       0x10 ./X-CUBE-AI/App/network.o
 .data.eltwise_4_scale
                0x00000000200015fc       0x1c ./X-CUBE-AI/App/network.o
 .data.eltwise_4_scale_array
                0x0000000020001618       0x10 ./X-CUBE-AI/App/network.o
 .data.eltwise_9_bias
                0x0000000020001628       0x1c ./X-CUBE-AI/App/network.o
 .data.eltwise_9_bias_array
                0x0000000020001644       0x10 ./X-CUBE-AI/App/network.o
 .data.eltwise_9_layer
                0x0000000020001654       0x1c ./X-CUBE-AI/App/network.o
 .data.eltwise_9_output
                0x0000000020001670       0x1c ./X-CUBE-AI/App/network.o
 .data.eltwise_9_output_array
                0x000000002000168c       0x10 ./X-CUBE-AI/App/network.o
 .data.eltwise_9_scale
                0x000000002000169c       0x1c ./X-CUBE-AI/App/network.o
 .data.eltwise_9_scale_array
                0x00000000200016b8       0x10 ./X-CUBE-AI/App/network.o
 .data.g_network
                0x00000000200016c8       0x4c ./X-CUBE-AI/App/network.o
 .data.gemm_18_bias
                0x0000000020001714       0x1c ./X-CUBE-AI/App/network.o
 .data.gemm_18_bias_array
                0x0000000020001730       0x10 ./X-CUBE-AI/App/network.o
 .data.gemm_18_layer
                0x0000000020001740       0x1c ./X-CUBE-AI/App/network.o
 .data.gemm_18_output
                0x000000002000175c       0x1c ./X-CUBE-AI/App/network.o
 .data.gemm_18_output_array
                0x0000000020001778       0x10 ./X-CUBE-AI/App/network.o
 .data.gemm_18_weights
                0x0000000020001788       0x1c ./X-CUBE-AI/App/network.o
 .data.gemm_18_weights_array
                0x00000000200017a4       0x10 ./X-CUBE-AI/App/network.o
 .data.gemm_20_bias
                0x00000000200017b4       0x1c ./X-CUBE-AI/App/network.o
 .data.gemm_20_bias_array
                0x00000000200017d0       0x10 ./X-CUBE-AI/App/network.o
 .data.gemm_20_layer
                0x00000000200017e0       0x1c ./X-CUBE-AI/App/network.o
 .data.gemm_20_output
                0x00000000200017fc       0x1c ./X-CUBE-AI/App/network.o
 .data.gemm_20_output_array
                0x0000000020001818       0x10 ./X-CUBE-AI/App/network.o
 .data.gemm_20_weights
                0x0000000020001828       0x1c ./X-CUBE-AI/App/network.o
 .data.gemm_20_weights_array
                0x0000000020001844       0x10 ./X-CUBE-AI/App/network.o
 .data.gemm_22_bias
                0x0000000020001854       0x1c ./X-CUBE-AI/App/network.o
 .data.gemm_22_bias_array
                0x0000000020001870       0x10 ./X-CUBE-AI/App/network.o
 .data.gemm_22_layer
                0x0000000020001880       0x1c ./X-CUBE-AI/App/network.o
 .data.gemm_22_output
                0x000000002000189c       0x1c ./X-CUBE-AI/App/network.o
 .data.gemm_22_output_array
                0x00000000200018b8       0x10 ./X-CUBE-AI/App/network.o
 .data.gemm_22_weights
                0x00000000200018c8       0x1c ./X-CUBE-AI/App/network.o
 .data.gemm_22_weights_array
                0x00000000200018e4       0x10 ./X-CUBE-AI/App/network.o
 .data.nl_13_layer
                0x00000000200018f4       0x20 ./X-CUBE-AI/App/network.o
 .data.nl_13_output
                0x0000000020001914       0x1c ./X-CUBE-AI/App/network.o
 .data.nl_13_output_array
                0x0000000020001930       0x10 ./X-CUBE-AI/App/network.o
 .data.nl_19_layer
                0x0000000020001940       0x20 ./X-CUBE-AI/App/network.o
 .data.nl_19_output
                0x0000000020001960       0x1c ./X-CUBE-AI/App/network.o
 .data.nl_19_output_array
                0x000000002000197c       0x10 ./X-CUBE-AI/App/network.o
 .data.nl_21_layer
                0x000000002000198c       0x20 ./X-CUBE-AI/App/network.o
 .data.nl_21_output
                0x00000000200019ac       0x1c ./X-CUBE-AI/App/network.o
 .data.nl_21_output_array
                0x00000000200019c8       0x10 ./X-CUBE-AI/App/network.o
 .data.nl_23_layer
                0x00000000200019d8       0x20 ./X-CUBE-AI/App/network.o
 .data.nl_23_output
                0x00000000200019f8       0x1c ./X-CUBE-AI/App/network.o
 .data.nl_23_output_array
                0x0000000020001a14       0x10 ./X-CUBE-AI/App/network.o
 .data.nl_3_layer
                0x0000000020001a24       0x20 ./X-CUBE-AI/App/network.o
 .data.nl_3_output
                0x0000000020001a44       0x1c ./X-CUBE-AI/App/network.o
 .data.nl_3_output_array
                0x0000000020001a60       0x10 ./X-CUBE-AI/App/network.o
 .data.nl_8_layer
                0x0000000020001a70       0x20 ./X-CUBE-AI/App/network.o
 .data.nl_8_output
                0x0000000020001a90       0x1c ./X-CUBE-AI/App/network.o
 .data.nl_8_output_array
                0x0000000020001aac       0x10 ./X-CUBE-AI/App/network.o
 .data.pool_11_layer
                0x0000000020001abc       0x38 ./X-CUBE-AI/App/network.o
 .data.pool_11_output
                0x0000000020001af4       0x1c ./X-CUBE-AI/App/network.o
 .data.pool_11_output_array
                0x0000000020001b10       0x10 ./X-CUBE-AI/App/network.o
 .data.pool_16_layer
                0x0000000020001b20       0x38 ./X-CUBE-AI/App/network.o
 .data.pool_16_output
                0x0000000020001b58       0x1c ./X-CUBE-AI/App/network.o
 .data.pool_16_output0
                0x0000000020001b74       0x1c ./X-CUBE-AI/App/network.o
 .data.pool_16_output_array
                0x0000000020001b90       0x10 ./X-CUBE-AI/App/network.o
 .data.pool_6_layer
                0x0000000020001ba0       0x38 ./X-CUBE-AI/App/network.o
 .data.pool_6_output
                0x0000000020001bd8       0x1c ./X-CUBE-AI/App/network.o
 .data.pool_6_output_array
                0x0000000020001bf4       0x10 ./X-CUBE-AI/App/network.o
 .data.serving_default_input_10_output
                0x0000000020001c04       0x1c ./X-CUBE-AI/App/network.o
 .data.serving_default_input_10_output_array
                0x0000000020001c20       0x10 ./X-CUBE-AI/App/network.o
 .data.__compound_literal.0
                0x0000000020001c30       0x10 ./X-CUBE-AI/App/network_data.o
 .data.__compound_literal.1
                0x0000000020001c40       0x10 ./X-CUBE-AI/App/network_data.o
 .data.g_network_data_map_activations
                0x0000000020001c50       0x1c ./X-CUBE-AI/App/network_data.o
                0x0000000020001c50                g_network_data_map_activations
 .data.g_network_data_map_weights
                0x0000000020001c6c       0x1c ./X-CUBE-AI/App/network_data.o
                0x0000000020001c6c                g_network_data_map_weights
 .data._impure_ptr
                0x0000000020001c88        0x4 e:/ide/stm32cubeide_1.10.1/stm32cubeide/plugins/com.st.stm32cube.ide.mcu.externaltools.gnu-tools-for-stm32.10.3-2021.10.win32_1.0.0.202111181127/tools/bin/../lib/gcc/arm-none-eabi/10.3.1/../../../../arm-none-eabi/lib/thumb/v8-m.main+fp/hard\libc_nano.a(lib_a-impure.o)
                0x0000000020001c88                _impure_ptr
 .data.impure_data
                0x0000000020001c8c       0x60 e:/ide/stm32cubeide_1.10.1/stm32cubeide/plugins/com.st.stm32cube.ide.mcu.externaltools.gnu-tools-for-stm32.10.3-2021.10.win32_1.0.0.202111181127/tools/bin/../lib/gcc/arm-none-eabi/10.3.1/../../../../arm-none-eabi/lib/thumb/v8-m.main+fp/hard\libc_nano.a(lib_a-impure.o)
 *(.RamFunc)
 *(.RamFunc*)
                0x0000000020001cec                _edata = .

.igot.plt       0x0000000020001cec        0x0 load address 0x000000000812ce08
 .igot.plt      0x0000000020001cec        0x0 e:/ide/stm32cubeide_1.10.1/stm32cubeide/plugins/com.st.stm32cube.ide.mcu.externaltools.gnu-tools-for-stm32.10.3-2021.10.win32_1.0.0.202111181127/tools/bin/../lib/gcc/arm-none-eabi/10.3.1/thumb/v8-m.main+fp/hard/crtbegin.o

.bss            0x0000000020001d00    0x2bead load address 0x000000000812ce08
                0x0000000020001d00                _sbss = .
                0x0000000020001d00                __bss_start__ = _sbss
 *(.bss)
 .bss           0x0000000020001d00       0x1c e:/ide/stm32cubeide_1.10.1/stm32cubeide/plugins/com.st.stm32cube.ide.mcu.externaltools.gnu-tools-for-stm32.10.3-2021.10.win32_1.0.0.202111181127/tools/bin/../lib/gcc/arm-none-eabi/10.3.1/thumb/v8-m.main+fp/hard/crtbegin.o
 *(.bss*)
 *fill*         0x0000000020001d1c        0x4 
 .bss.activations
                0x0000000020001d20    0x29e00 ./Core/Src/main.o
 .bss.ai_input  0x000000002002bb20        0x4 ./Core/Src/main.o
 .bss.ai_output
                0x000000002002bb24        0x4 ./Core/Src/main.o
 .bss.hcrc      0x000000002002bb28       0x24 ./Core/Src/main.o
                0x000000002002bb28                hcrc
 .bss.htim16    0x000000002002bb4c       0x4c ./Core/Src/main.o
                0x000000002002bb4c                htim16
 .bss.huart1    0x000000002002bb98       0x90 ./Core/Src/main.o
                0x000000002002bb98                huart1
 *fill*         0x000000002002bc28       0x18 
 .bss.in_data   0x000000002002bc40     0x1e00 ./Core/Src/main.o
 .bss.network   0x000000002002da40        0x4 ./Core/Src/main.o
 *fill*         0x000000002002da44       0x1c 
 .bss.out_data  0x000000002002da60       0x28 ./Core/Src/main.o
 .bss.__sbrk_heap_end
                0x000000002002da88        0x4 ./Core/Src/sysmem.o
 .bss.uwTick    0x000000002002da8c        0x4 ./Drivers/STM32U5xx_HAL_Driver/Src/stm32u5xx_hal.o
                0x000000002002da8c                uwTick
 .bss.__compound_literal.100
                0x000000002002da90        0x4 ./X-CUBE-AI/App/network.o
 .bss.__compound_literal.104
                0x000000002002da94        0x4 ./X-CUBE-AI/App/network.o
 .bss.__compound_literal.105
                0x000000002002da98        0x4 ./X-CUBE-AI/App/network.o
 .bss.__compound_literal.110
                0x000000002002da9c        0x4 ./X-CUBE-AI/App/network.o
 .bss.__compound_literal.114
                0x000000002002daa0        0x4 ./X-CUBE-AI/App/network.o
 .bss.__compound_literal.115
                0x000000002002daa4        0x4 ./X-CUBE-AI/App/network.o
 .bss.__compound_literal.117
                0x000000002002daa8       0x10 ./X-CUBE-AI/App/network.o
 .bss.__compound_literal.121
                0x000000002002dab8        0x4 ./X-CUBE-AI/App/network.o
 .bss.__compound_literal.125
                0x000000002002dabc        0x4 ./X-CUBE-AI/App/network.o
 .bss.__compound_literal.126
                0x000000002002dac0        0x4 ./X-CUBE-AI/App/network.o
 .bss.__compound_literal.131
                0x000000002002dac4        0x4 ./X-CUBE-AI/App/network.o
 .bss.__compound_literal.136
                0x000000002002dac8        0x4 ./X-CUBE-AI/App/network.o
 .bss.__compound_literal.137
                0x000000002002dacc        0x4 ./X-CUBE-AI/App/network.o
 .bss.__compound_literal.139
                0x000000002002dad0       0x10 ./X-CUBE-AI/App/network.o
 .bss.__compound_literal.143
                0x000000002002dae0        0x4 ./X-CUBE-AI/App/network.o
 .bss.__compound_literal.147
                0x000000002002dae4        0x4 ./X-CUBE-AI/App/network.o
 .bss.__compound_literal.148
                0x000000002002dae8        0x4 ./X-CUBE-AI/App/network.o
 .bss.__compound_literal.153
                0x000000002002daec        0x4 ./X-CUBE-AI/App/network.o
 .bss.__compound_literal.158
                0x000000002002daf0        0x4 ./X-CUBE-AI/App/network.o
 .bss.__compound_literal.159
                0x000000002002daf4        0x4 ./X-CUBE-AI/App/network.o
 .bss.__compound_literal.161
                0x000000002002daf8       0x10 ./X-CUBE-AI/App/network.o
 .bss.__compound_literal.165
                0x000000002002db08        0x4 ./X-CUBE-AI/App/network.o
 .bss.__compound_literal.169
                0x000000002002db0c        0x4 ./X-CUBE-AI/App/network.o
 .bss.__compound_literal.170
                0x000000002002db10        0x4 ./X-CUBE-AI/App/network.o
 .bss.__compound_literal.175
                0x000000002002db14        0x4 ./X-CUBE-AI/App/network.o
 .bss.__compound_literal.181
                0x000000002002db18        0x4 ./X-CUBE-AI/App/network.o
 .bss.__compound_literal.188
                0x000000002002db1c       0x1c ./X-CUBE-AI/App/network.o
 .bss.__compound_literal.189
                0x000000002002db38       0x10 ./X-CUBE-AI/App/network.o
 .bss.__compound_literal.190
                0x000000002002db48        0x8 ./X-CUBE-AI/App/network.o
 .bss.__compound_literal.193
                0x000000002002db50       0x1c ./X-CUBE-AI/App/network.o
 .bss.__compound_literal.194
                0x000000002002db6c       0x10 ./X-CUBE-AI/App/network.o
 .bss.__compound_literal.195
                0x000000002002db7c        0x8 ./X-CUBE-AI/App/network.o
 .bss.__compound_literal.84
                0x000000002002db84        0x4 ./X-CUBE-AI/App/network.o
 .bss.__compound_literal.85
                0x000000002002db88        0x4 ./X-CUBE-AI/App/network.o
 .bss.__compound_literal.90
                0x000000002002db8c        0x4 ./X-CUBE-AI/App/network.o
 .bss.__compound_literal.94
                0x000000002002db90        0x4 ./X-CUBE-AI/App/network.o
 .bss.__compound_literal.95
                0x000000002002db94        0x4 ./X-CUBE-AI/App/network.o
 .bss.g_network_activations_map
                0x000000002002db98        0x4 ./X-CUBE-AI/App/network.o
 .bss.g_network_weights_map
                0x000000002002db9c        0x4 ./X-CUBE-AI/App/network.o
 .bss.__malloc_free_list