Archive member included to satisfy reference by file (symbol)

../Middlewares/ST/AI/Lib\NetworkRuntime810_CM33_GCC.a(ai_platform.o)
                              ./X-CUBE-AI/App/network.o (ai_buffer_array_item_set_address)
../Middlewares/ST/AI/Lib\NetworkRuntime810_CM33_GCC.a(ai_platform_interface.o)
                              ./X-CUBE-AI/App/network.o (ai_platform_get_weights_map)
../Middlewares/ST/AI/Lib\NetworkRuntime810_CM33_GCC.a(core_common.o)
                              ../Middlewares/ST/AI/Lib\NetworkRuntime810_CM33_GCC.a(ai_platform_interface.o) (core_init)
../Middlewares/ST/AI/Lib\NetworkRuntime810_CM33_GCC.a(core_mem_manager.o)
                              ../Middlewares/ST/AI/Lib\NetworkRuntime810_CM33_GCC.a(ai_platform_interface.o) (core_mem_alloc)
../Middlewares/ST/AI/Lib\NetworkRuntime810_CM33_GCC.a(layers.o)
                              ../Middlewares/ST/AI/Lib\NetworkRuntime810_CM33_GCC.a(ai_platform_interface.o) (ai_check_custom_types)
../Middlewares/ST/AI/Lib\NetworkRuntime810_CM33_GCC.a(layers_conv2d_generic_float.o)
                              ./X-CUBE-AI/App/network.o (forward_conv2d_if32of32wf32)
../Middlewares/ST/AI/Lib\NetworkRuntime810_CM33_GCC.a(layers_conv2d_stm32_integer.o)
                              ../Middlewares/ST/AI/Lib\NetworkRuntime810_CM33_GCC.a(layers.o) (get_conv2d_scratch_size)
../Middlewares/ST/AI/Lib\NetworkRuntime810_CM33_GCC.a(layers_nl_generic_float.o)
                              ./X-CUBE-AI/App/network.o (forward_relu)
../Middlewares/ST/AI/Lib\NetworkRuntime810_CM33_GCC.a(layers_norm_generic_float.o)
                              ./X-CUBE-AI/App/network.o (forward_bn)
../Middlewares/ST/AI/Lib\NetworkRuntime810_CM33_GCC.a(layers_pool_generic_float.o)
                              ./X-CUBE-AI/App/network.o (forward_mp)
../Middlewares/ST/AI/Lib\NetworkRuntime810_CM33_GCC.a(forward_lite_conv2d_if32of32wf32.o)
                              ../Middlewares/ST/AI/Lib\NetworkRuntime810_CM33_GCC.a(layers_conv2d_generic_float.o) (forward_lite_conv2d_if32of32wf32)
../Middlewares/ST/AI/Lib\NetworkRuntime810_CM33_GCC.a(lite_dense_if32.o)
                              ../Middlewares/ST/AI/Lib\NetworkRuntime810_CM33_GCC.a(layers_conv2d_generic_float.o) (forward_lite_dense_if32of32wf32)
../Middlewares/ST/AI/Lib\NetworkRuntime810_CM33_GCC.a(st_convolve_reference.o)
                              ../Middlewares/ST/AI/Lib\NetworkRuntime810_CM33_GCC.a(layers_conv2d_stm32_integer.o) (align_factor)
../Middlewares/ST/AI/Lib\NetworkRuntime810_CM33_GCC.a(st_sssa8_ch_convolve.o)
                              ../Middlewares/ST/AI/Lib\NetworkRuntime810_CM33_GCC.a(layers_conv2d_stm32_integer.o) (st_sssa8_ch_convolve_rank1upd)
../Middlewares/ST/AI/Lib\NetworkRuntime810_CM33_GCC.a(st_sssa8_convolve.o)
                              ../Middlewares/ST/AI/Lib\NetworkRuntime810_CM33_GCC.a(layers_conv2d_stm32_integer.o) (st_sssa8_convolve_rank1upd)
../Middlewares/ST/AI/Lib\NetworkRuntime810_CM33_GCC.a(st_sssa8_convolve_1x1.o)
                              ../Middlewares/ST/AI/Lib\NetworkRuntime810_CM33_GCC.a(layers_conv2d_stm32_integer.o) (st_sssa8_convolve_1x1_WeightsPrefetch)
../Middlewares/ST/AI/Lib\NetworkRuntime810_CM33_GCC.a(st_sssa8_convolve_dw.o)
                              ../Middlewares/ST/AI/Lib\NetworkRuntime810_CM33_GCC.a(layers_conv2d_stm32_integer.o) (st_sssa8_conv_dw_Wadapt)
../Middlewares/ST/AI/Lib\NetworkRuntime810_CM33_GCC.a(st_sssa8_convolve_rgb.o)
                              ../Middlewares/ST/AI/Lib\NetworkRuntime810_CM33_GCC.a(layers_conv2d_stm32_integer.o) (st_sssa8_convolve_rgb)
../Middlewares/ST/AI/Lib\NetworkRuntime810_CM33_GCC.a(st_ssua8_ch_convolve.o)
                              ../Middlewares/ST/AI/Lib\NetworkRuntime810_CM33_GCC.a(layers_conv2d_stm32_integer.o) (st_ssua8_ch_convolve_rank1upd)
../Middlewares/ST/AI/Lib\NetworkRuntime810_CM33_GCC.a(st_ssua8_ch_convolve_1x1.o)
                              ../Middlewares/ST/AI/Lib\NetworkRuntime810_CM33_GCC.a(layers_conv2d_stm32_integer.o) (st_ssua8_ch_convolve_1x1)
../Middlewares/ST/AI/Lib\NetworkRuntime810_CM33_GCC.a(st_ssua8_ch_convolve_dw.o)
                              ../Middlewares/ST/AI/Lib\NetworkRuntime810_CM33_GCC.a(layers_conv2d_stm32_integer.o) (st_ssua8_ch_conv_dw_Wadapt)
../Middlewares/ST/AI/Lib\NetworkRuntime810_CM33_GCC.a(st_ssua8_ch_convolve_rgb.o)
                              ../Middlewares/ST/AI/Lib\NetworkRuntime810_CM33_GCC.a(layers_conv2d_stm32_integer.o) (st_ssua8_ch_convolve_rgb)
../Middlewares/ST/AI/Lib\NetworkRuntime810_CM33_GCC.a(st_ssua8_convolve.o)
                              ../Middlewares/ST/AI/Lib\NetworkRuntime810_CM33_GCC.a(layers_conv2d_stm32_integer.o) (st_ssua8_convolve_rank1upd)
../Middlewares/ST/AI/Lib\NetworkRuntime810_CM33_GCC.a(st_ssua8_convolve_1x1.o)
                              ../Middlewares/ST/AI/Lib\NetworkRuntime810_CM33_GCC.a(layers_conv2d_stm32_integer.o) (st_ssua8_convolve_1x1)
[...]
Memory Configuration

Name             Origin             Length             Attributes
RAM              0x0000000020000000 0x00000000000c0000 xrw
SRAM4            0x0000000028000000 0x0000000000004000 xrw
FLASH            0x0000000008000000 0x0000000000200000 xr
*default*        0x0000000000000000 0xffffffffffffffff

Linker script and memory map

LOAD e:/ide/stm32cubeide_1.10.1/stm32cubeide/plugins/com.st.stm32cube.ide.mcu.externaltools.gnu-tools-for-stm32.10.3-2021.10.win32_1.0.0.202111181127/tools/bin/../lib/gcc/arm-none-eabi/10.3.1/thumb/v8-m.main+fp/hard/crti.o
LOAD e:/ide/stm32cubeide_1.10.1/stm32cubeide/plugins/com.st.stm32cube.ide.mcu.externaltools.gnu-tools-for-stm32.10.3-2021.10.win32_1.0.0.202111181127/tools/bin/../lib/gcc/arm-none-eabi/10.3.1/thumb/v8-m.main+fp/hard/crtbegin.o
LOAD e:/ide/stm32cubeide_1.10.1/stm32cubeide/plugins/com.st.stm32cube.ide.mcu.externaltools.gnu-tools-for-stm32.10.3-2021.10.win32_1.0.0.202111181127/tools/bin/../lib/gcc/arm-none-eabi/10.3.1/../../../../arm-none-eabi/lib/thumb/v8-m.main+fp/hard/crt0.o
LOAD ./Core/Src/main.o
LOAD ./Core/Src/stm32u5xx_hal_msp.o
LOAD ./Core/Src/stm32u5xx_it.o
LOAD ./Core/Src/sysmem.o
LOAD ./Core/Src/system_stm32u5xx.o
LOAD ./Core/Startup/startup_stm32u575zitxq.o
LOAD ./Drivers/STM32U5xx_HAL_Driver/Src/stm32u5xx_hal.o
LOAD ./Drivers/STM32U5xx_HAL_Driver/Src/stm32u5xx_hal_cortex.o
LOAD ./Drivers/STM32U5xx_HAL_Driver/Src/stm32u5xx_hal_crc.o
LOAD ./Drivers/STM32U5xx_HAL_Driver/Src/stm32u5xx_hal_crc_ex.o
LOAD ./Drivers/STM32U5xx_HAL_Driver/Src/stm32u5xx_hal_dma.o
LOAD ./Drivers/STM32U5xx_HAL_Driver/Src/stm32u5xx_hal_dma_ex.o
LOAD ./Drivers/STM32U5xx_HAL_Driver/Src/stm32u5xx_hal_exti.o
LOAD ./Drivers/STM32U5xx_HAL_Driver/Src/stm32u5xx_hal_flash.o
LOAD ./Drivers/STM32U5xx_HAL_Driver/Src/stm32u5xx_hal_flash_ex.o
LOAD ./Drivers/STM32U5xx_HAL_Driver/Src/stm32u5xx_hal_gpio.o
LOAD ./Drivers/STM32U5xx_HAL_Driver/Src/stm32u5xx_hal_gtzc.o
LOAD ./Drivers/STM32U5xx_HAL_Driver/Src/stm32u5xx_hal_i2c.o
LOAD ./Drivers/STM32U5xx_HAL_Driver/Src/stm32u5xx_hal_i2c_ex.o
LOAD ./Drivers/STM32U5xx_HAL_Driver/Src/stm32u5xx_hal_icache.o
LOAD ./Drivers/STM32U5xx_HAL_Driver/Src/stm32u5xx_hal_pwr.o
LOAD ./Drivers/STM32U5xx_HAL_Driver/Src/stm32u5xx_hal_pwr_ex.o
LOAD ./Drivers/STM32U5xx_HAL_Driver/Src/stm32u5xx_hal_rcc.o
LOAD ./Drivers/STM32U5xx_HAL_Driver/Src/stm32u5xx_hal_rcc_ex.o
LOAD ./Drivers/STM32U5xx_HAL_Driver/Src/stm32u5xx_hal_tim.o
LOAD ./Drivers/STM32U5xx_HAL_Driver/Src/stm32u5xx_hal_tim_ex.o
LOAD ./Drivers/STM32U5xx_HAL_Driver/Src/stm32u5xx_hal_uart.o
LOAD ./Drivers/STM32U5xx_HAL_Driver/Src/stm32u5xx_hal_uart_ex.o
LOAD ./X-CUBE-AI/App/network.o
LOAD ./X-CUBE-AI/App/network_data.o
LOAD ./X-CUBE-AI/App/network_data_params.o
LOAD ../Middlewares/ST/AI/Lib\NetworkRuntime810_CM33_GCC.a
START GROUP
LOAD e:/ide/stm32cubeide_1.10.1/stm32cubeide/plugins/com.st.stm32cube.ide.mcu.externaltools.gnu-tools-for-stm32.10.3-2021.10.win32_1.0.0.202111181127/tools/bin/../lib/gcc/arm-none-eabi/10.3.1/../../../../arm-none-eabi/lib/thumb/v8-m.main+fp/hard\libc_nano.a
LOAD e:/ide/stm32cubeide_1.10.1/stm32cubeide/plugins/com.st.stm32cube.ide.mcu.externaltools.gnu-tools-for-stm32.10.3-2021.10.win32_1.0.0.202111181127/tools/bin/../lib/gcc/arm-none-eabi/10.3.1/../../../../arm-none-eabi/lib/thumb/v8-m.main+fp/hard\libm.a
END GROUP
START GROUP
LOAD e:/ide/stm32cubeide_1.10.1/stm32cubeide/plugins/com.st.stm32cube.ide.mcu.externaltools.gnu-tools-for-stm32.10.3-2021.10.win32_1.0.0.202111181127/tools/bin/../lib/gcc/arm-none-eabi/10.3.1/thumb/v8-m.main+fp/hard\libgcc.a
LOAD e:/ide/stm32cubeide_1.10.1/stm32cubeide/plugins/com.st.stm32cube.ide.mcu.externaltools.gnu-tools-for-stm32.10.3-2021.10.win32_1.0.0.202111181127/tools/bin/../lib/gcc/arm-none-eabi/10.3.1/../../../../arm-none-eabi/lib/thumb/v8-m.main+fp/hard\libc_nano.a
END GROUP
START GROUP
LOAD e:/ide/stm32cubeide_1.10.1/stm32cubeide/plugins/com.st.stm32cube.ide.mcu.externaltools.gnu-tools-for-stm32.10.3-2021.10.win32_1.0.0.202111181127/tools/bin/../lib/gcc/arm-none-eabi/10.3.1/thumb/v8-m.main+fp/hard\libgcc.a
LOAD e:/ide/stm32cubeide_1.10.1/stm32cubeide/plugins/com.st.stm32cube.ide.mcu.externaltools.gnu-tools-for-stm32.10.3-2021.10.win32_1.0.0.202111181127/tools/bin/../lib/gcc/arm-none-eabi/10.3.1/../../../../arm-none-eabi/lib/thumb/v8-m.main+fp/hard\libc_nano.a
LOAD e:/ide/stm32cubeide_1.10.1/stm32cubeide/plugins/com.st.stm32cube.ide.mcu.externaltools.gnu-tools-for-stm32.10.3-2021.10.win32_1.0.0.202111181127/tools/bin/../lib/gcc/arm-none-eabi/10.3.1/../../../../arm-none-eabi/lib/thumb/v8-m.main+fp/hard\libnosys.a
END GROUP
START GROUP
LOAD e:/ide/stm32cubeide_1.10.1/stm32cubeide/plugins/com.st.stm32cube.ide.mcu.externaltools.gnu-tools-for-stm32.10.3-2021.10.win32_1.0.0.202111181127/tools/bin/../lib/gcc/arm-none-eabi/10.3.1/thumb/v8-m.main+fp/hard\libgcc.a
LOAD e:/ide/stm32cubeide_1.10.1/stm32cubeide/plugins/com.st.stm32cube.ide.mcu.externaltools.gnu-tools-for-stm32.10.3-2021.10.win32_1.0.0.202111181127/tools/bin/../lib/gcc/arm-none-eabi/10.3.1/../../../../arm-none-eabi/lib/thumb/v8-m.main+fp/hard\libc_nano.a
LOAD e:/ide/stm32cubeide_1.10.1/stm32cubeide/plugins/com.st.stm32cube.ide.mcu.externaltools.gnu-tools-for-stm32.10.3-2021.10.win32_1.0.0.202111181127/tools/bin/../lib/gcc/arm-none-eabi/10.3.1/../../../../arm-none-eabi/lib/thumb/v8-m.main+fp/hard\libnosys.a
END GROUP
LOAD e:/ide/stm32cubeide_1.10.1/stm32cubeide/plugins/com.st.stm32cube.ide.mcu.externaltools.gnu-tools-for-stm32.10.3-2021.10.win32_1.0.0.202111181127/tools/bin/../lib/gcc/arm-none-eabi/10.3.1/thumb/v8-m.main+fp/hard/crtend.o
LOAD e:/ide/stm32cubeide_1.10.1/stm32cubeide/plugins/com.st.stm32cube.ide.mcu.externaltools.gnu-tools-for-stm32.10.3-2021.10.win32_1.0.0.202111181127/tools/bin/../lib/gcc/arm-none-eabi/10.3.1/thumb/v8-m.main+fp/hard/crtn.o
                0x00000000200c0000                _estack = (ORIGIN (RAM) + LENGTH (RAM))
                0x0000000000000800                _Min_Heap_Size = 0x800
                0x0000000000000800                _Min_Stack_Size = 0x800

.isr_vector     0x0000000008000000      0x234
 *(.isr_vector)
 .isr_vector    0x0000000008000000      0x234 ./Core/Startup/startup_stm32u575zitxq.o
                0x0000000008000000                g_pfnVectors

.text           0x0000000008000234     0xa3b8
 *(.text)
 .text          0x0000000008000234       0x40 e:/ide/stm32cubeide_1.10.1/stm32cubeide/plugins/com.st.stm32cube.ide.mcu.externaltools.gnu-tools-for-stm32.10.3-2021.10.win32_1.0.0.202111181127/tools/bin/../lib/gcc/arm-none-eabi/10.3.1/thumb/v8-m.main+fp/hard/crtbegin.o
 .text          0x0000000008000274       0x30 e:/ide/stm32cubeide_1.10.1/stm32cubeide/plugins/com.st.stm32cube.ide.mcu.externaltools.gnu-tools-for-stm32.10.3-2021.10.win32_1.0.0.202111181127/tools/bin/../lib/gcc/arm-none-eabi/10.3.1/thumb/v8-m.main+fp/hard\libgcc.a(_aeabi_uldivmod.o)
                0x0000000008000274                __aeabi_uldivmod
 .text          0x00000000080002a4      0x2ec e:/ide/stm32cubeide_1.10.1/stm32cubeide/plugins/com.st.stm32cube.ide.mcu.externaltools.gnu-tools-for-stm32.10.3-2021.10.win32_1.0.0.202111181127/tools/bin/../lib/gcc/arm-none-eabi/10.3.1/thumb/v8-m.main+fp/hard\libgcc.a(_udivmoddi4.o)
                0x00000000080002a4                __udivmoddi4
 .text          0x0000000008000590        0x4 e:/ide/stm32cubeide_1.10.1/stm32cubeide/plugins/com.st.stm32cube.ide.mcu.externaltools.gnu-tools-for-stm32.10.3-2021.10.win32_1.0.0.202111181127/tools/bin/../lib/gcc/arm-none-eabi/10.3.1/thumb/v8-m.main+fp/hard\libgcc.a(_dvmd_tls.o)
                0x0000000008000590                __aeabi_idiv0
                0x0000000008000590                __aeabi_ldiv0
 *(.text*)
 .text.main     0x0000000008000594      0x2f8 ./Core/Src/main.o
                0x0000000008000594                main
 .text.SystemClock_Config
                0x000000000800088c       0xb8 ./Core/Src/main.o
                0x000000000800088c                SystemClock_Config
 .text.SystemPower_Config
                0x0000000008000944       0x20 ./Core/Src/main.o
 .text.MX_CRC_Init
                0x0000000008000964       0x44 ./Core/Src/main.o
 .text.MX_ICACHE_Init
                0x00000000080009a8       0x26 ./Core/Src/main.o
 *fill*         0x00000000080009ce        0x2 
 .text.MX_TIM16_Init
                0x00000000080009d0       0x4c ./Core/Src/main.o
 .text.MX_USART1_UART_Init
                0x0000000008000a1c       0x98 ./Core/Src/main.o
 .text.MX_GPIO_Init
                0x0000000008000ab4      0x16c ./Core/Src/main.o
 .text.aiInit   0x0000000008000c20       0x88 ./Core/Src/main.o
 .text.aiRun    0x0000000008000ca8       0x88 ./Core/Src/main.o
 .text.Error_Handler
                0x0000000008000d30        0xa ./Core/Src/main.o
                0x0000000008000d30                Error_Handler
 *fill*         0x0000000008000d3a        0x2 
 .text.HAL_MspInit
                0x0000000008000d3c       0x38 ./Core/Src/stm32u5xx_hal_msp.o
                0x0000000008000d3c                HAL_MspInit
 .text.HAL_CRC_MspInit
                0x0000000008000d74       0x44 ./Core/Src/stm32u5xx_hal_msp.o
                0x0000000008000d74                HAL_CRC_MspInit
 .text.HAL_TIM_Base_MspInit
                0x0000000008000db8       0x44 ./Core/Src/stm32u5xx_hal_msp.o
                0x0000000008000db8                HAL_TIM_Base_MspInit
 .text.HAL_UART_MspInit
                0x0000000008000dfc       0xd0 ./Core/Src/stm32u5xx_hal_msp.o
                0x0000000008000dfc                HAL_UART_MspInit
 .text.NMI_Handler
                0x0000000008000ecc        0x6 ./Core/Src/stm32u5xx_it.o
                0x0000000008000ecc                NMI_Handler
 .text.HardFault_Handler
                0x0000000008000ed2        0x6 ./Core/Src/stm32u5xx_it.o
                0x0000000008000ed2                HardFault_Handler
 .text.MemManage_Handler
                0x0000000008000ed8        0x6 ./Core/Src/stm32u5xx_it.o
                0x0000000008000ed8                MemManage_Handler
 .text.BusFault_Handler
                0x0000000008000ede        0x6 ./Core/Src/stm32u5xx_it.o
                0x0000000008000ede                BusFault_Handler
 .text.UsageFault_Handler
                0x0000000008000ee4        0x6 ./Core/Src/stm32u5xx_it.o
                0x0000000008000ee4                UsageFault_Handler
 .text.SVC_Handler
                0x0000000008000eea        0xe ./Core/Src/stm32u5xx_it.o
                0x0000000008000eea                SVC_Handler
 .text.DebugMon_Handler
                0x0000000008000ef8        0xe ./Core/Src/stm32u5xx_it.o
                0x0000000008000ef8                DebugMon_Handler
 .text.PendSV_Handler
                0x0000000008000f06        0xe ./Core/Src/stm32u5xx_it.o
                0x0000000008000f06                PendSV_Handler
 .text.SysTick_Handler
                0x0000000008000f14        0xc ./Core/Src/stm32u5xx_it.o
                0x0000000008000f14                SysTick_Handler
 .text._sbrk    0x0000000008000f20       0x6c ./Core/Src/sysmem.o
                0x0000000008000f20                _sbrk
 .text.SystemInit
                0x0000000008000f8c       0x70 ./Core/Src/system_stm32u5xx.o
                0x0000000008000f8c                SystemInit
 .text.Reset_Handler
                0x0000000008000ffc       0x50 ./Core/Startup/startup_stm32u575zitxq.o
                0x0000000008000ffc                Reset_Handler
 .text.Default_Handler
                0x000000000800104c        0x2 ./Core/Startup/startup_stm32u575zitxq.o
                0x000000000800104c                EXTI2_IRQHandler
                0x000000000800104c                TIM8_TRG_COM_IRQHandler
                0x000000000800104c                TIM8_CC_IRQHandler
                0x000000000800104c                EXTI5_IRQHandler
                0x000000000800104c                FLASH_S_IRQHandler
                0x000000000800104c                EXTI13_IRQHandler
                0x000000000800104c                TIM1_CC_IRQHandler
                0x000000000800104c                TSC_IRQHandler
                0x000000000800104c                TAMP_IRQHandler
                0x000000000800104c                TIM6_IRQHandler
                0x000000000800104c                EXTI12_IRQHandler
                0x000000000800104c                CORDIC_IRQHandler
                0x000000000800104c                EXTI3_IRQHandler
                0x000000000800104c                LPTIM4_IRQHandler
                0x000000000800104c                GPDMA1_Channel5_IRQHandler
                0x000000000800104c                EXTI8_IRQHandler
                0x000000000800104c                LPTIM2_IRQHandler
                0x000000000800104c                I2C3_ER_IRQHandler
                0x000000000800104c                PWR_S3WU_IRQHandler
                0x000000000800104c                MDF1_FLT2_IRQHandler
                0x000000000800104c                LPDMA1_Channel3_IRQHandler
                0x000000000800104c                LPTIM3_IRQHandler
                0x000000000800104c                EXTI0_IRQHandler
                0x000000000800104c                I2C2_EV_IRQHandler
                0x000000000800104c                FPU_IRQHandler
                0x000000000800104c                GPDMA1_Channel3_IRQHandler
                0x000000000800104c                GPDMA1_Channel7_IRQHandler
                0x000000000800104c                MDF1_FLT4_IRQHandler
                0x000000000800104c                FDCAN1_IT1_IRQHandler
                0x000000000800104c                RAMCFG_IRQHandler
                0x000000000800104c                GPDMA1_Channel9_IRQHandler
                0x000000000800104c                DCACHE1_IRQHandler
                0x000000000800104c                SPI1_IRQHandler
                0x000000000800104c                OCTOSPI1_IRQHandler
                0x000000000800104c                GPDMA1_Channel2_IRQHandler
                0x000000000800104c                TIM8_UP_IRQHandler
                0x000000000800104c                RCC_S_IRQHandler
                0x000000000800104c                OCTOSPI2_IRQHandler
                0x000000000800104c                SAI2_IRQHandler
                0x000000000800104c                MDF1_FLT1_IRQHandler
                0x000000000800104c                ADC1_IRQHandler
                0x000000000800104c                MDF1_FLT5_IRQHandler
                0x000000000800104c                EXTI15_IRQHandler
                0x000000000800104c                TIM17_IRQHandler
                0x000000000800104c                USART3_IRQHandler
                0x000000000800104c                RTC_IRQHandler
                0x000000000800104c                EXTI9_IRQHandler
                0x000000000800104c                UART5_IRQHandler
                0x000000000800104c                TIM4_IRQHandler
                0x000000000800104c                I2C1_EV_IRQHandler
                0x000000000800104c                GPDMA1_Channel12_IRQHandler
                0x000000000800104c                GPDMA1_Channel1_IRQHandler
                0x000000000800104c                TIM16_IRQHandler
                0x000000000800104c                GPDMA1_Channel15_IRQHandler
                0x000000000800104c                UART4_IRQHandler
                0x000000000800104c                SecureFault_Handler
                0x000000000800104c                TIM3_IRQHandler
                0x000000000800104c                RCC_IRQHandler
                0x000000000800104c                TIM1_TRG_COM_IRQHandler
                0x000000000800104c                Default_Handler
                0x000000000800104c                GPDMA1_Channel8_IRQHandler
                0x000000000800104c                FMAC_IRQHandler
                0x000000000800104c                GPDMA1_Channel11_IRQHandler
                0x000000000800104c                TIM7_IRQHandler
                0x000000000800104c                SDMMC1_IRQHandler
                0x000000000800104c                TIM5_IRQHandler
                0x000000000800104c                UCPD1_IRQHandler
                0x000000000800104c                GPDMA1_Channel0_IRQHandler
                0x000000000800104c                TIM15_IRQHandler
                0x000000000800104c                I2C3_EV_IRQHandler
                0x000000000800104c                LPDMA1_Channel0_IRQHandler
                0x000000000800104c                PVD_PVM_IRQHandler
                0x000000000800104c                SPI2_IRQHandler
                0x000000000800104c                LPDMA1_Channel1_IRQHandler
                0x000000000800104c                EXTI14_IRQHandler
                0x000000000800104c                EXTI11_IRQHandler
                0x000000000800104c                CRS_IRQHandler
                0x000000000800104c                GPDMA1_Channel14_IRQHandler
                0x000000000800104c                EXTI4_IRQHandler
                0x000000000800104c                RTC_S_IRQHandler
                0x000000000800104c                GPDMA1_Channel13_IRQHandler
                0x000000000800104c                RNG_IRQHandler
                0x000000000800104c                COMP_IRQHandler
                0x000000000800104c                TIM1_UP_IRQHandler
                0x000000000800104c                ADC4_IRQHandler
                0x000000000800104c                WWDG_IRQHandler
                0x000000000800104c                I2C4_EV_IRQHandler
                0x000000000800104c                ADF1_IRQHandler
                0x000000000800104c                IWDG_IRQHandler
                0x000000000800104c                LPUART1_IRQHandler
                0x000000000800104c                MDF1_FLT0_IRQHandler
                0x000000000800104c                FDCAN1_IT0_IRQHandler
                0x000000000800104c                TIM2_IRQHandler
                0x000000000800104c                GPDMA1_Channel4_IRQHandler
                0x000000000800104c                EXTI7_IRQHandler
                0x000000000800104c                DMA2D_IRQHandler
                0x000000000800104c                TIM1_BRK_IRQHandler
                0x000000000800104c                EXTI1_IRQHandler
                0x000000000800104c                SDMMC2_IRQHandler
                0x000000000800104c                DAC1_IRQHandler
                0x000000000800104c                GTZC_IRQHandler
                0x000000000800104c                MDF1_FLT3_IRQHandler
                0x000000000800104c                USART2_IRQHandler
                0x000000000800104c                GPDMA1_Channel6_IRQHandler
                0x000000000800104c                I2C2_ER_IRQHandler
                0x000000000800104c                TIM8_BRK_IRQHandler
                0x000000000800104c                FLASH_IRQHandler
                0x000000000800104c                USART1_IRQHandler
                0x000000000800104c                EXTI10_IRQHandler
                0x000000000800104c                OTG_FS_IRQHandler
                0x000000000800104c                SPI3_IRQHandler
                0x000000000800104c                LPDMA1_Channel2_IRQHandler
                0x000000000800104c                I2C1_ER_IRQHandler
                0x000000000800104c                FMC_IRQHandler
                0x000000000800104c                EXTI6_IRQHandler
                0x000000000800104c                LPTIM1_IRQHandler
                0x000000000800104c                DCMI_PSSI_IRQHandler
                0x000000000800104c                I2C4_ER_IRQHandler
                0x000000000800104c                GPDMA1_Channel10_IRQHandler
                0x000000000800104c                ICACHE_IRQHandler
                0x000000000800104c                SAI1_IRQHandler
                0x000000000800104c                HASH_IRQHandler
 *fill*         0x000000000800104e        0x2 
 .text.HAL_Init
                0x0000000008001050       0x5c ./Drivers/STM32U5xx_HAL_Driver/Src/stm32u5xx_hal.o
                0x0000000008001050                HAL_Init
 .text.HAL_InitTick
                0x00000000080010ac       0x6c ./Drivers/STM32U5xx_HAL_Driver/Src/stm32u5xx_hal.o
                0x00000000080010ac                HAL_InitTick
 .text.HAL_IncTick
                0x0000000008001118       0x28 ./Drivers/STM32U5xx_HAL_Driver/Src/stm32u5xx_hal.o
                0x0000000008001118                HAL_IncTick
 .text.HAL_GetTick
                0x0000000008001140       0x18 ./Drivers/STM32U5xx_HAL_Driver/Src/stm32u5xx_hal.o
                0x0000000008001140                HAL_GetTick
 .text.__NVIC_SetPriorityGrouping
                0x0000000008001158       0x48 ./Drivers/STM32U5xx_HAL_Driver/Src/stm32u5xx_hal_cortex.o
 .text.__NVIC_GetPriorityGrouping
                0x00000000080011a0       0x1c ./Drivers/STM32U5xx_HAL_Driver/Src/stm32u5xx_hal_cortex.o
 .text.__NVIC_SetPriority
                0x00000000080011bc       0x54 ./Drivers/STM32U5xx_HAL_Driver/Src/stm32u5xx_hal_cortex.o
 .text.NVIC_EncodePriority
                0x0000000008001210       0x66 ./Drivers/STM32U5xx_HAL_Driver/Src/stm32u5xx_hal_cortex.o
 *fill*         0x0000000008001276        0x2 
 .text.SysTick_Config
                0x0000000008001278       0x44 ./Drivers/STM32U5xx_HAL_Driver/Src/stm32u5xx_hal_cortex.o
 .text.HAL_NVIC_SetPriorityGrouping
                0x00000000080012bc       0x16 ./Drivers/STM32U5xx_HAL_Driver/Src/stm32u5xx_hal_cortex.o
                0x00000000080012bc                HAL_NVIC_SetPriorityGrouping
 .text.HAL_NVIC_SetPriority
                0x00000000080012d2       0x34 ./Drivers/STM32U5xx_HAL_Driver/Src/stm32u5xx_hal_cortex.o
                0x00000000080012d2                HAL_NVIC_SetPriority
 .text.HAL_SYSTICK_Config
                0x0000000008001306       0x18 ./Drivers/STM32U5xx_HAL_Driver/Src/stm32u5xx_hal_cortex.o
                0x0000000008001306                HAL_SYSTICK_Config
 *fill*         0x000000000800131e        0x2 
 .text.HAL_CRC_Init
                0x0000000008001320       0xc8 ./Drivers/STM32U5xx_HAL_Driver/Src/stm32u5xx_hal_crc.o
                0x0000000008001320                HAL_CRC_Init
 .text.HAL_CRCEx_Polynomial_Set
                0x00000000080013e8      0x10c ./Drivers/STM32U5xx_HAL_Driver/Src/stm32u5xx_hal_crc_ex.o
                0x00000000080013e8                HAL_CRCEx_Polynomial_Set
 .text.HAL_GPIO_Init
                0x00000000080014f4      0x3b0 ./Drivers/STM32U5xx_HAL_Driver/Src/stm32u5xx_hal_gpio.o
                0x00000000080014f4                HAL_GPIO_Init
 .text.HAL_GPIO_WritePin
                0x00000000080018a4       0x30 ./Drivers/STM32U5xx_HAL_Driver/Src/stm32u5xx_hal_gpio.o
                0x00000000080018a4                HAL_GPIO_WritePin
 .text.HAL_ICACHE_ConfigAssociativityMode
                0x00000000080018d4       0x40 ./Drivers/STM32U5xx_HAL_Driver/Src/stm32u5xx_hal_icache.o
                0x00000000080018d4                HAL_ICACHE_ConfigAssociativityMode
 .text.HAL_ICACHE_Enable
                0x0000000008001914       0x20 ./Drivers/STM32U5xx_HAL_Driver/Src/stm32u5xx_hal_icache.o
                0x0000000008001914                HAL_ICACHE_Enable
 .text.HAL_PWREx_ControlVoltageScaling
                0x0000000008001934       0xe8 ./Drivers/STM32U5xx_HAL_Driver/Src/stm32u5xx_hal_pwr_ex.o
                0x0000000008001934                HAL_PWREx_ControlVoltageScaling
 .text.HAL_PWREx_GetVoltageRange
                0x0000000008001a1c       0x1c ./Drivers/STM32U5xx_HAL_Driver/Src/stm32u5xx_hal_pwr_ex.o
                0x0000000008001a1c                HAL_PWREx_GetVoltageRange
 .text.HAL_PWREx_ConfigSupply
                0x0000000008001a38       0xa0 ./Drivers/STM32U5xx_HAL_Driver/Src/stm32u5xx_hal_pwr_ex.o
                0x0000000008001a38                HAL_PWREx_ConfigSupply
 .text.HAL_PWREx_EnableVddIO2
                0x0000000008001ad8       0x20 ./Drivers/STM32U5xx_HAL_Driver/Src/stm32u5xx_hal_pwr_ex.o
                0x0000000008001ad8                HAL_PWREx_EnableVddIO2
 .text.HAL_PWREx_DisableUCPDDeadBattery
                0x0000000008001af8       0x20 ./Drivers/STM32U5xx_HAL_Driver/Src/stm32u5xx_hal_pwr_ex.o
                0x0000000008001af8                HAL_PWREx_DisableUCPDDeadBattery
 .text.HAL_RCC_OscConfig
                0x0000000008001b18      0xdac ./Drivers/STM32U5xx_HAL_Driver/Src/stm32u5xx_hal_rcc.o
                0x0000000008001b18                HAL_RCC_OscConfig
 .text.HAL_RCC_ClockConfig
                0x00000000080028c4      0x3e4 ./Drivers/STM32U5xx_HAL_Driver/Src/stm32u5xx_hal_rcc.o
                0x00000000080028c4                HAL_RCC_ClockConfig
 .text.HAL_RCC_GetSysClockFreq
                0x0000000008002ca8      0x210 ./Drivers/STM32U5xx_HAL_Driver/Src/stm32u5xx_hal_rcc.o
                0x0000000008002ca8                HAL_RCC_GetSysClockFreq
 .text.HAL_RCC_GetHCLKFreq
                0x0000000008002eb8       0x34 ./Drivers/STM32U5xx_HAL_Driver/Src/stm32u5xx_hal_rcc.o
                0x0000000008002eb8                HAL_RCC_GetHCLKFreq
 .text.HAL_RCC_GetPCLK1Freq
                0x0000000008002eec       0x28 ./Drivers/STM32U5xx_HAL_Driver/Src/stm32u5xx_hal_rcc.o
                0x0000000008002eec                HAL_RCC_GetPCLK1Freq
 .text.HAL_RCC_GetPCLK2Freq
                0x0000000008002f14       0x28 ./Drivers/STM32U5xx_HAL_Driver/Src/stm32u5xx_hal_rcc.o
                0x0000000008002f14                HAL_RCC_GetPCLK2Freq
 .text.HAL_RCC_GetPCLK3Freq
                0x0000000008002f3c       0x28 ./Drivers/STM32U5xx_HAL_Driver/Src/stm32u5xx_hal_rcc.o
                0x0000000008002f3c                HAL_RCC_GetPCLK3Freq
 .text.RCC_SetFlashLatencyFromMSIRange
                0x0000000008002f64      0x10c ./Drivers/STM32U5xx_HAL_Driver/Src/stm32u5xx_hal_rcc.o
 .text.HAL_RCCEx_PeriphCLKConfig
                0x0000000008003070      0xb80 ./Drivers/STM32U5xx_HAL_Driver/Src/stm32u5xx_hal_rcc_ex.o
                0x0000000008003070                HAL_RCCEx_PeriphCLKConfig
 .text.HAL_RCCEx_GetPLL1ClockFreq
                0x0000000008003bf0      0x2cc ./Drivers/STM32U5xx_HAL_Driver/Src/stm32u5xx_hal_rcc_ex.o
                0x0000000008003bf0                HAL_RCCEx_GetPLL1ClockFreq
 .text.HAL_RCCEx_GetPLL2ClockFreq
                0x0000000008003ebc      0x2cc ./Drivers/STM32U5xx_HAL_Driver/Src/stm32u5xx_hal_rcc_ex.o
                0x0000000008003ebc                HAL_RCCEx_GetPLL2ClockFreq
 .text.HAL_RCCEx_GetPLL3ClockFreq
                0x0000000008004188      0x2cc ./Drivers/STM32U5xx_HAL_Driver/Src/stm32u5xx_hal_rcc_ex.o
                0x0000000008004188                HAL_RCCEx_GetPLL3ClockFreq
 .text.HAL_RCCEx_GetPeriphCLKFreq
                0x0000000008004454     0x1250 ./Drivers/STM32U5xx_HAL_Driver/Src/stm32u5xx_hal_rcc_ex.o
                0x0000000008004454                HAL_RCCEx_GetPeriphCLKFreq
 .text.RCCEx_PLL2_Config
                0x00000000080056a4      0x130 ./Drivers/STM32U5xx_HAL_Driver/Src/stm32u5xx_hal_rcc_ex.o
 .text.RCCEx_PLL3_Config
                0x00000000080057d4      0x130 ./Drivers/STM32U5xx_HAL_Driver/Src/stm32u5xx_hal_rcc_ex.o
 .text.HAL_TIM_Base_Init
                0x0000000008005904       0xae ./Drivers/STM32U5xx_HAL_Driver/Src/stm32u5xx_hal_tim.o
                0x0000000008005904                HAL_TIM_Base_Init
 *fill*         0x00000000080059b2        0x2 
 .text.HAL_TIM_Base_Start
                0x00000000080059b4      0x130 ./Drivers/STM32U5xx_HAL_Driver/Src/stm32u5xx_hal_tim.o
                0x00000000080059b4                HAL_TIM_Base_Start
 .text.TIM_Base_SetConfig
                0x0000000008005ae4      0x1f4 ./Drivers/STM32U5xx_HAL_Driver/Src/stm32u5xx_hal_tim.o
                0x0000000008005ae4                TIM_Base_SetConfig
 .text.HAL_UART_Init
                0x0000000008005cd8       0xa0 ./Drivers/STM32U5xx_HAL_Driver/Src/stm32u5xx_hal_uart.o
                0x0000000008005cd8                HAL_UART_Init
 .text.HAL_UART_Transmit
                0x0000000008005d78      0x14a ./Drivers/STM32U5xx_HAL_Driver/Src/stm32u5xx_hal_uart.o
                0x0000000008005d78                HAL_UART_Transmit
 *fill*         0x0000000008005ec2        0x2 
 .text.UART_SetConfig
                0x0000000008005ec4      0x344 ./Drivers/STM32U5xx_HAL_Driver/Src/stm32u5xx_hal_uart.o
                0x0000000008005ec4                UART_SetConfig
 .text.UART_AdvFeatureConfig
                0x0000000008006208      0x144 ./Drivers/STM32U5xx_HAL_Driver/Src/stm32u5xx_hal_uart.o
                0x0000000008006208                UART_AdvFeatureConfig
 .text.UART_CheckIdleState
                0x000000000800634c       0x96 ./Drivers/STM32U5xx_HAL_Driver/Src/stm32u5xx_hal_uart.o
                0x000000000800634c                UART_CheckIdleState
 .text.UART_WaitOnFlagUntilTimeout
                0x00000000080063e2      0x190 ./Drivers/STM32U5xx_HAL_Driver/Src/stm32u5xx_hal_uart.o
                0x00000000080063e2                UART_WaitOnFlagUntilTimeout
 .text.HAL_UARTEx_DisableFifoMode
                0x0000000008006572       0x72 ./Drivers/STM32U5xx_HAL_Driver/Src/stm32u5xx_hal_uart_ex.o
                0x0000000008006572                HAL_UARTEx_DisableFifoMode
 .text.HAL_UARTEx_SetTxFifoThreshold
                0x00000000080065e4       0x7c ./Drivers/STM32U5xx_HAL_Driver/Src/stm32u5xx_hal_uart_ex.o
                0x00000000080065e4                HAL_UARTEx_SetTxFifoThreshold
 .text.HAL_UARTEx_SetRxFifoThreshold
                0x0000000008006660       0x7c ./Drivers/STM32U5xx_HAL_Driver/Src/stm32u5xx_hal_uart_ex.o
                0x0000000008006660                HAL_UARTEx_SetRxFifoThreshold
 .text.UARTEx_SetNbDataToProcess
                0x00000000080066dc       0x9c ./Drivers/STM32U5xx_HAL_Driver/Src/stm32u5xx_hal_uart_ex.o
 .text.network_configure_activations
                0x0000000008006778      0x228 ./X-CUBE-AI/App/network.o
 .text.network_configure_weights
                0x00000000080069a0      0x3e8 ./X-CUBE-AI/App/network.o
 .text.ai_network_get_error
                0x0000000008006d88       0x18 ./X-CUBE-AI/App/network.o
                0x0000000008006d88                ai_network_get_error
 .text.ai_network_create
                0x0000000008006da0       0x2c ./X-CUBE-AI/App/network.o
                0x0000000008006da0                ai_network_create
 .text.ai_network_create_and_init
                0x0000000008006dcc       0xe8 ./X-CUBE-AI/App/network.o
                0x0000000008006dcc                ai_network_create_and_init
 .text.ai_network_inputs_get
                0x0000000008006eb4       0x34 ./X-CUBE-AI/App/network.o
                0x0000000008006eb4                ai_network_inputs_get
 .text.ai_network_outputs_get
                0x0000000008006ee8       0x34 ./X-CUBE-AI/App/network.o
                0x0000000008006ee8                ai_network_outputs_get
 .text.ai_network_init
                0x0000000008006f1c       0x78 ./X-CUBE-AI/App/network.o
                0x0000000008006f1c                ai_network_init
 .text.ai_network_run
                0x0000000008006f94       0x20 ./X-CUBE-AI/App/network.o
                0x0000000008006f94                ai_network_run
 .text.ai_network_data_params_get
                0x0000000008006fb4       0x50 ./X-CUBE-AI/App/network_data.o
                0x0000000008006fb4                ai_network_data_params_get
 .text.ai_buffer_get_size
                0x0000000008007004       0x68 ../Middlewares/ST/AI/Lib\NetworkRuntime810_CM33_GCC.a(ai_platform.o)
                0x0000000008007004                ai_buffer_get_size
 .text.ai_buffer_array_sane
                0x000000000800706c       0x14 ../Middlewares/ST/AI/Lib\NetworkRuntime810_CM33_GCC.a(ai_platform.o)
                0x000000000800706c                ai_buffer_array_sane
 .text.ai_buffer_array_item_set_address
                0x0000000008007080       0x20 ../Middlewares/ST/AI/Lib\NetworkRuntime810_CM33_GCC.a(ai_platform.o)
                0x0000000008007080                ai_buffer_array_item_set_address
 .text._ai_platform_acquire_crc
                0x00000000080070a0        0x4 ../Middlewares/ST/AI/Lib\NetworkRuntime810_CM33_GCC.a(ai_platform_interface.o)
                0x00000000080070a0                _ai_platform_acquire_crc
 .text._ai_platform_release_crc
                0x00000000080070a4        0x4 ../Middlewares/ST/AI/Lib\NetworkRuntime810_CM33_GCC.a(ai_platform_interface.o)
                0x00000000080070a4                _ai_platform_release_crc
 .text.ai_platform_get_weights_map
                0x00000000080070a8       0xa8 ../Middlewares/ST/AI/Lib\NetworkRuntime810_CM33_GCC.a(ai_platform_interface.o)
                0x00000000080070a8                ai_platform_get_weights_map
 .text.ai_platform_get_activations_map
                0x0000000008007150       0xa8 ../Middlewares/ST/AI/Lib\NetworkRuntime810_CM33_GCC.a(ai_platform_interface.o)
                0x0000000008007150                ai_platform_get_activations_map
 .text.ai_platform_bind_network_params
                0x00000000080071f8       0x44 ../Middlewares/ST/AI/Lib\NetworkRuntime810_CM33_GCC.a(ai_platform_interface.o)
                0x00000000080071f8                ai_platform_bind_network_params
 .text.ai_platform_network_get_error
                0x000000000800723c      0x108 ../Middlewares/ST/AI/Lib\NetworkRuntime810_CM33_GCC.a(ai_platform_interface.o)
                0x000000000800723c                ai_platform_network_get_error
 .text.ai_platform_network_set_error
                0x0000000008007344        0xc ../Middlewares/ST/AI/Lib\NetworkRuntime810_CM33_GCC.a(ai_platform_interface.o)
                0x0000000008007344                ai_platform_network_set_error
 .text.ai_platform_inputs_get
                0x0000000008007350      0x1d8 ../Middlewares/ST/AI/Lib\NetworkRuntime810_CM33_GCC.a(ai_platform_interface.o)
                0x0000000008007350                ai_platform_inputs_get
 .text.ai_platform_outputs_get
                0x0000000008007528      0x1cc ../Middlewares/ST/AI/Lib\NetworkRuntime810_CM33_GCC.a(ai_platform_interface.o)
                0x0000000008007528                ai_platform_outputs_get
 .text.ai_platform_network_create
                0x00000000080076f4      0x1cc ../Middlewares/ST/AI/Lib\NetworkRuntime810_CM33_GCC.a(ai_platform_interface.o)
                0x00000000080076f4                ai_platform_network_create
 .text.ai_platform_network_init
                0x00000000080078c0      0x204 ../Middlewares/ST/AI/Lib\NetworkRuntime810_CM33_GCC.a(ai_platform_interface.o)
                0x00000000080078c0                ai_platform_network_init
 .text.ai_platform_network_post_init
                0x0000000008007ac4      0x138 ../Middlewares/ST/AI/Lib\NetworkRuntime810_CM33_GCC.a(ai_platform_interface.o)
                0x0000000008007ac4                ai_platform_network_post_init
 .text.ai_platform_network_process
                0x0000000008007bfc      0x51c ../Middlewares/ST/AI/Lib\NetworkRuntime810_CM33_GCC.a(ai_platform_interface.o)
                0x0000000008007bfc                ai_platform_network_process
 .text.core_init
                0x0000000008008118        0x4 ../Middlewares/ST/AI/Lib\NetworkRuntime810_CM33_GCC.a(core_common.o)
                0x0000000008008118                core_init
 .text.core_get_error
                0x000000000800811c        0xc ../Middlewares/ST/AI/Lib\NetworkRuntime810_CM33_GCC.a(core_common.o)
                0x000000000800811c                core_get_error
 .text.core_set_error
                0x0000000008008128       0x18 ../Middlewares/ST/AI/Lib\NetworkRuntime810_CM33_GCC.a(core_common.o)
                0x0000000008008128                core_set_error
 .text.ai_check_custom_types
                0x0000000008008140       0x50 ../Middlewares/ST/AI/Lib\NetworkRuntime810_CM33_GCC.a(layers.o)
                0x0000000008008140                ai_check_custom_types
 .text.ai_layers_init_all
                0x0000000008008190       0x1c ../Middlewares/ST/AI/Lib\NetworkRuntime810_CM33_GCC.a(layers.o)
                0x0000000008008190                ai_layers_init_all
 .text.ai_layers_post_init_all
                0x00000000080081ac       0x28 ../Middlewares/ST/AI/Lib\NetworkRuntime810_CM33_GCC.a(layers.o)
                0x00000000080081ac                ai_layers_post_init_all
 .text.ai_layers_forward_all
                0x00000000080081d4       0x94 ../Middlewares/ST/AI/Lib\NetworkRuntime810_CM33_GCC.a(layers.o)
                0x00000000080081d4                ai_layers_forward_all
 .text.ai_dict_decompress_f32
                0x0000000008008268       0xa0 ../Middlewares/ST/AI/Lib\NetworkRuntime810_CM33_GCC.a(layers_conv2d_generic_float.o)
                0x0000000008008268                ai_dict_decompress_f32
 .text.forward_conv2d_if32of32wf32
                0x0000000008008308      0x18c ../Middlewares/ST/AI/Lib\NetworkRuntime810_CM33_GCC.a(layers_conv2d_generic_float.o)
                0x0000000008008308                forward_conv2d_if32of32wf32
 .text.forward_dense
                0x0000000008008494      0x550 ../Middlewares/ST/AI/Lib\NetworkRuntime810_CM33_GCC.a(layers_conv2d_generic_float.o)
                0x0000000008008494                forward_dense
 .text.forward_relu
                0x00000000080089e4      0x25c ../Middlewares/ST/AI/Lib\NetworkRuntime810_CM33_GCC.a(layers_nl_generic_float.o)
                0x00000000080089e4                forward_relu
 .text.forward_sm
                0x0000000008008c40      0x110 ../Middlewares/ST/AI/Lib\NetworkRuntime810_CM33_GCC.a(layers_nl_generic_float.o)
                0x0000000008008c40                forward_sm
 .text.forward_bn
                0x0000000008008d50      0x158 ../Middlewares/ST/AI/Lib\NetworkRuntime810_CM33_GCC.a(layers_norm_generic_float.o)
                0x0000000008008d50                forward_bn
 .text.forward_mp
                0x0000000008008ea8      0x18c ../Middlewares/ST/AI/Lib\NetworkRuntime810_CM33_GCC.a(layers_pool_generic_float.o)
                0x0000000008008ea8                forward_mp
 .text.ai_conv2d_kernel_simple_opt_f32.constprop.0
                0x0000000008009034      0x22c ../Middlewares/ST/AI/Lib\NetworkRuntime810_CM33_GCC.a(forward_lite_conv2d_if32of32wf32.o)
 .text.forward_lite_conv2d_if32of32wf32
                0x0000000008009260      0x2cc ../Middlewares/ST/AI/Lib\NetworkRuntime810_CM33_GCC.a(forward_lite_conv2d_if32of32wf32.o)
                0x0000000008009260                forward_lite_conv2d_if32of32wf32
 .text.forward_lite_dense_if32of32wf32
                0x000000000800952c      0x250 ../Middlewares/ST/AI/Lib\NetworkRuntime810_CM33_GCC.a(lite_dense_if32.o)
                0x000000000800952c                forward_lite_dense_if32of32wf32
 .text.st_int8_copy
                0x000000000800977c      0x110 ../Middlewares/ST/AI/Lib\NetworkRuntime810_CM33_GCC.a(st_int8_fill.o)
                0x000000000800977c                st_int8_copy
 .text.ai_array_to_buffer_fmt
                0x000000000800988c       0xd8 ../Middlewares/ST/AI/Lib\NetworkRuntime810_CM33_GCC.a(ai_datatypes_format.o)
                0x000000000800988c                ai_array_to_buffer_fmt
 .text.ai_array_get_byte_size
                0x0000000008009964       0x50 ../Middlewares/ST/AI/Lib\NetworkRuntime810_CM33_GCC.a(ai_datatypes_format.o)
                0x0000000008009964                ai_array_get_byte_size
 .text.ai_array_get_data_byte_size
                0x00000000080099b4       0x20 ../Middlewares/ST/AI/Lib\NetworkRuntime810_CM33_GCC.a(ai_datatypes_format.o)
                0x00000000080099b4                ai_array_get_data_byte_size
 .text.ai_version_get
                0x00000000080099d4        0xc ../Middlewares/ST/AI/Lib\NetworkRuntime810_CM33_GCC.a(ai_datatypes_internal.o)
                0x00000000080099d4                ai_version_get
 .text.get_tensor_byte_size
                0x00000000080099e0       0x30 ../Middlewares/ST/AI/Lib\NetworkRuntime810_CM33_GCC.a(ai_datatypes_internal.o)
                0x00000000080099e0                get_tensor_byte_size
 .text.__errno  0x0000000008009a10        0xc e:/ide/stm32cubeide_1.10.1/stm32cubeide/plugins/com.st.stm32cube.ide.mcu.externaltools.gnu-tools-for-stm32.10.3-2021.10.win32_1.0.0.202111181127/tools/bin/../lib/gcc/arm-none-eabi/10.3.1/../../../../arm-none-eabi/lib/thumb/v8-m.main+fp/hard\libc_nano.a(lib_a-errno.o)
                0x0000000008009a10                __errno
 .text.__libc_init_array
                0x0000000008009a1c       0x48 e:/ide/stm32cubeide_1.10.1/stm32cubeide/plugins/com.st.stm32cube.ide.mcu.externaltools.gnu-tools-for-stm32.10.3-2021.10.win32_1.0.0.202111181127/tools/bin/../lib/gcc/arm-none-eabi/10.3.1/../../../../arm-none-eabi/lib/thumb/v8-m.main+fp/hard\libc_nano.a(lib_a-init.o)
                0x0000000008009a1c                __libc_init_array
 .text.memcpy   0x0000000008009a64       0x1a e:/ide/stm32cubeide_1.10.1/stm32cubeide/plugins/com.st.stm32cube.ide.mcu.externaltools.gnu-tools-for-stm32.10.3-2021.10.win32_1.0.0.202111181127/tools/bin/../lib/gcc/arm-none-eabi/10.3.1/../../../../arm-none-eabi/lib/thumb/v8-m.main+fp/hard\libc_nano.a(lib_a-memcpy-stub.o)
                0x0000000008009a64                memcpy
 .text.memset   0x0000000008009a7e       0x10 e:/ide/stm32cubeide_1.10.1/stm32cubeide/plugins/com.st.stm32cube.ide.mcu.externaltools.gnu-tools-for-stm32.10.3-2021.10.win32_1.0.0.202111181127/tools/bin/../lib/gcc/arm-none-eabi/10.3.1/../../../../arm-none-eabi/lib/thumb/v8-m.main+fp/hard\libc_nano.a(lib_a-memset.o)
                0x0000000008009a7e                memset
 *fill*         0x0000000008009a8e        0x2 
 .text._free_r  0x0000000008009a90       0x98 e:/ide/stm32cubeide_1.10.1/stm32cubeide/plugins/com.st.stm32cube.ide.mcu.externaltools.gnu-tools-for-stm32.10.3-2021.10.win32_1.0.0.202111181127/tools/bin/../lib/gcc/arm-none-eabi/10.3.1/../../../../arm-none-eabi/lib/thumb/v8-m.main+fp/hard\libc_nano.a(lib_a-nano-freer.o)
                0x0000000008009a90                _free_r
 .text.sbrk_aligned
                0x0000000008009b28       0x40 e:/ide/stm32cubeide_1.10.1/stm32cubeide/plugins/com.st.stm32cube.ide.mcu.externaltools.gnu-tools-for-stm32.10.3-2021.10.win32_1.0.0.202111181127/tools/bin/../lib/gcc/arm-none-eabi/10.3.1/../../../../arm-none-eabi/lib/thumb/v8-m.main+fp/hard\libc_nano.a(lib_a-nano-mallocr.o)
 .text._malloc_r
                0x0000000008009b68       0xe8 e:/ide/stm32cubeide_1.10.1/stm32cubeide/plugins/com.st.stm32cube.ide.mcu.externaltools.gnu-tools-for-stm32.10.3-2021.10.win32_1.0.0.202111181127/tools/bin/../lib/gcc/arm-none-eabi/10.3.1/../../../../arm-none-eabi/lib/thumb/v8-m.main+fp/hard\libc_nano.a(lib_a-nano-mallocr.o)
                0x0000000008009b68                _malloc_r
 .text._sbrk_r  0x0000000008009c50       0x20 e:/ide/stm32cubeide_1.10.1/stm32cubeide/plugins/com.st.stm32cube.ide.mcu.externaltools.gnu-tools-for-stm32.10.3-2021.10.win32_1.0.0.202111181127/tools/bin/../lib/gcc/arm-none-eabi/10.3.1/../../../../arm-none-eabi/lib/thumb/v8-m.main+fp/hard\libc_nano.a(lib_a-sbrkr.o)
                0x0000000008009c50                _sbrk_r
 .text.sprintf  0x0000000008009c70       0x40 e:/ide/stm32cubeide_1.10.1/stm32cubeide/plugins/com.st.stm32cube.ide.mcu.externaltools.gnu-tools-for-stm32.10.3-2021.10.win32_1.0.0.202111181127/tools/bin/../lib/gcc/arm-none-eabi/10.3.1/../../../../arm-none-eabi/lib/thumb/v8-m.main+fp/hard\libc_nano.a(lib_a-sprintf.o)
                0x0000000008009c70                siprintf
                0x0000000008009c70                sprintf
 .text.__malloc_lock
                0x0000000008009cb0        0xc e:/ide/stm32cubeide_1.10.1/stm32cubeide/plugins/com.st.stm32cube.ide.mcu.externaltools.gnu-tools-for-stm32.10.3-2021.10.win32_1.0.0.202111181127/tools/bin/../lib/gcc/arm-none-eabi/10.3.1/../../../../arm-none-eabi/lib/thumb/v8-m.main+fp/hard\libc_nano.a(lib_a-mlock.o)
                0x0000000008009cb0                __malloc_lock
 .text.__malloc_unlock
                0x0000000008009cbc        0xc e:/ide/stm32cubeide_1.10.1/stm32cubeide/plugins/com.st.stm32cube.ide.mcu.externaltools.gnu-tools-for-stm32.10.3-2021.10.win32_1.0.0.202111181127/tools/bin/../lib/gcc/arm-none-eabi/10.3.1/../../../../arm-none-eabi/lib/thumb/v8-m.main+fp/hard\libc_nano.a(lib_a-mlock.o)
                0x0000000008009cbc                __malloc_unlock
 .text._realloc_r
                0x0000000008009cc8       0x5e e:/ide/stm32cubeide_1.10.1/stm32cubeide/plugins/com.st.stm32cube.ide.mcu.externaltools.gnu-tools-for-stm32.10.3-2021.10.win32_1.0.0.202111181127/tools/bin/../lib/gcc/arm-none-eabi/10.3.1/../../../../arm-none-eabi/lib/thumb/v8-m.main+fp/hard\libc_nano.a(lib_a-nano-reallocr.o)
                0x0000000008009cc8                _realloc_r
 .text.__ssputs_r
                0x0000000008009d26       0xb6 e:/ide/stm32cubeide_1.10.1/stm32cubeide/plugins/com.st.stm32cube.ide.mcu.externaltools.gnu-tools-for-stm32.10.3-2021.10.win32_1.0.0.202111181127/tools/bin/../lib/gcc/arm-none-eabi/10.3.1/../../../../arm-none-eabi/lib/thumb/v8-m.main+fp/hard\libc_nano.a(lib_a-nano-svfprintf.o)
                0x0000000008009d26                __ssputs_r
 .text._svfprintf_r
                0x0000000008009ddc      0x200 e:/ide/stm32cubeide_1.10.1/stm32cubeide/plugins/com.st.stm32cube.ide.mcu.externaltools.gnu-tools-for-stm32.10.3-2021.10.win32_1.0.0.202111181127/tools/bin/../lib/gcc/arm-none-eabi/10.3.1/../../../../arm-none-eabi/lib/thumb/v8-m.main+fp/hard\libc_nano.a(lib_a-nano-svfprintf.o)
                0x0000000008009ddc                _svfiprintf_r
                0x0000000008009ddc                _svfprintf_r
 .text._printf_common
                0x0000000008009fdc       0xe0 e:/ide/stm32cubeide_1.10.1/stm32cubeide/plugins/com.st.stm32cube.ide.mcu.externaltools.gnu-tools-for-stm32.10.3-2021.10.win32_1.0.0.202111181127/tools/bin/../lib/gcc/arm-none-eabi/10.3.1/../../../../arm-none-eabi/lib/thumb/v8-m.main+fp/hard\libc_nano.a(lib_a-nano-vfprintf_i.o)
                0x0000000008009fdc                _printf_common
 .text._printf_i
                0x000000000800a0bc      0x24c e:/ide/stm32cubeide_1.10.1/stm32cubeide/plugins/com.st.stm32cube.ide.mcu.externaltools.gnu-tools-for-stm32.10.3-2021.10.win32_1.0.0.202111181127/tools/bin/../lib/gcc/arm-none-eabi/10.3.1/../../../../arm-none-eabi/lib/thumb/v8-m.main+fp/hard\libc_nano.a(lib_a-nano-vfprintf_i.o)
                0x000000000800a0bc                _printf_i
 .text.__retarget_lock_acquire_recursive
                0x000000000800a308        0x2 e:/ide/stm32cubeide_1.10.1/stm32cubeide/plugins/com.st.stm32cube.ide.mcu.externaltools.gnu-tools-for-stm32.10.3-2021.10.win32_1.0.0.202111181127/tools/bin/../lib/gcc/arm-none-eabi/10.3.1/../../../../arm-none-eabi/lib/thumb/v8-m.main+fp/hard\libc_nano.a(lib_a-lock.o)
                0x000000000800a308                __retarget_lock_acquire_recursive
 .text.__retarget_lock_release_recursive
                0x000000000800a30a        0x2 e:/ide/stm32cubeide_1.10.1/stm32cubeide/plugins/com.st.stm32cube.ide.mcu.externaltools.gnu-tools-for-stm32.10.3-2021.10.win32_1.0.0.202111181127/tools/bin/../lib/gcc/arm-none-eabi/10.3.1/../../../../arm-none-eabi/lib/thumb/v8-m.main+fp/hard\libc_nano.a(lib_a-lock.o)
                0x000000000800a30a                __retarget_lock_release_recursive
 .text.memchr   0x000000000800a30c       0x1c e:/ide/stm32cubeide_1.10.1/stm32cubeide/plugins/com.st.stm32cube.ide.mcu.externaltools.gnu-tools-for-stm32.10.3-2021.10.win32_1.0.0.202111181127/tools/bin/../lib/gcc/arm-none-eabi/10.3.1/../../../../arm-none-eabi/lib/thumb/v8-m.main+fp/hard\libc_nano.a(lib_a-memchr-stub.o)
                0x000000000800a30c                memchr
 .text.memmove  0x000000000800a328       0x34 e:/ide/stm32cubeide_1.10.1/stm32cubeide/plugins/com.st.stm32cube.ide.mcu.externaltools.gnu-tools-for-stm32.10.3-2021.10.win32_1.0.0.202111181127/tools/bin/../lib/gcc/arm-none-eabi/10.3.1/../../../../arm-none-eabi/lib/thumb/v8-m.main+fp/hard\libc_nano.a(lib_a-memmove.o)
                0x000000000800a328                memmove
 .text._malloc_usable_size_r
                0x000000000800a35c       0x10 e:/ide/stm32cubeide_1.10.1/stm32cubeide/plugins/com.st.stm32cube.ide.mcu.externaltools.gnu-tools-for-stm32.10.3-2021.10.win32_1.0.0.202111181127/tools/bin/../lib/gcc/arm-none-eabi/10.3.1/../../../../arm-none-eabi/lib/thumb/v8-m.main+fp/hard\libc_nano.a(lib_a-nano-msizer.o)
                0x000000000800a35c                _malloc_usable_size_r
 .text.expf     0x000000000800a36c       0x6c e:/ide/stm32cubeide_1.10.1/stm32cubeide/plugins/com.st.stm32cube.ide.mcu.externaltools.gnu-tools-for-stm32.10.3-2021.10.win32_1.0.0.202111181127/tools/bin/../lib/gcc/arm-none-eabi/10.3.1/../../../../arm-none-eabi/lib/thumb/v8-m.main+fp/hard\libm.a(lib_a-wf_exp.o)
                0x000000000800a36c                expf
 .text.__ieee754_expf
                0x000000000800a3d8      0x19c e:/ide/stm32cubeide_1.10.1/stm32cubeide/plugins/com.st.stm32cube.ide.mcu.externaltools.gnu-tools-for-stm32.10.3-2021.10.win32_1.0.0.202111181127/tools/bin/../lib/gcc/arm-none-eabi/10.3.1/../../../../arm-none-eabi/lib/thumb/v8-m.main+fp/hard\libm.a(lib_a-ef_exp.o)
                0x000000000800a3d8                __ieee754_expf
 .text.with_errnof
                0x000000000800a574       0x16 e:/ide/stm32cubeide_1.10.1/stm32cubeide/plugins/com.st.stm32cube.ide.mcu.externaltools.gnu-tools-for-stm32.10.3-2021.10.win32_1.0.0.202111181127/tools/bin/../lib/gcc/arm-none-eabi/10.3.1/../../../../arm-none-eabi/lib/thumb/v8-m.main+fp/hard\libm.a(lib_a-math_errf.o)
 .text.xflowf   0x000000000800a58a       0x16 e:/ide/stm32cubeide_1.10.1/stm32cubeide/plugins/com.st.stm32cube.ide.mcu.externaltools.gnu-tools-for-stm32.10.3-2021.10.win32_1.0.0.202111181127/tools/bin/../lib/gcc/arm-none-eabi/10.3.1/../../../../arm-none-eabi/lib/thumb/v8-m.main+fp/hard\libm.a(lib_a-math_errf.o)
 .text.__math_uflowf
                0x000000000800a5a0        0xc e:/ide/stm32cubeide_1.10.1/stm32cubeide/plugins/com.st.stm32cube.ide.mcu.externaltools.gnu-tools-for-stm32.10.3-2021.10.win32_1.0.0.202111181127/tools/bin/../lib/gcc/arm-none-eabi/10.3.1/../../../../arm-none-eabi/lib/thumb/v8-m.main+fp/hard\libm.a(lib_a-math_errf.o)
                0x000000000800a5a0                __math_uflowf
 .text.__math_oflowf
                0x000000000800a5ac        0xc e:/ide/stm32cubeide_1.10.1/stm32cubeide/plugins/com.st.stm32cube.ide.mcu.externaltools.gnu-tools-for-stm32.10.3-2021.10.win32_1.0.0.202111181127/tools/bin/../lib/gcc/arm-none-eabi/10.3.1/../../../../arm-none-eabi/lib/thumb/v8-m.main+fp/hard\libm.a(lib_a-math_errf.o)
                0x000000000800a5ac                __math_oflowf
 .text.finitef  0x000000000800a5b8       0x1a e:/ide/stm32cubeide_1.10.1/stm32cubeide/plugins/com.st.stm32cube.ide.mcu.externaltools.gnu-tools-for-stm32.10.3-2021.10.win32_1.0.0.202111181127/tools/bin/../lib/gcc/arm-none-eabi/10.3.1/../../../../arm-none-eabi/lib/thumb/v8-m.main+fp/hard\libm.a(lib_a-sf_finite.o)
                0x000000000800a5b8                finitef
 *(.glue_7)
 .glue_7        0x000000000800a5d2        0x0 linker stubs
 *(.glue_7t)
 .glue_7t       0x000000000800a5d2        0x0 linker stubs
 *(.eh_frame)
 *fill*         0x000000000800a5d2        0x2 
 .eh_frame      0x000000000800a5d4        0x0 e:/ide/stm32cubeide_1.10.1/stm32cubeide/plugins/com.st.stm32cube.ide.mcu.externaltools.gnu-tools-for-stm32.10.3-2021.10.win32_1.0.0.202111181127/tools/bin/../lib/gcc/arm-none-eabi/10.3.1/thumb/v8-m.main+fp/hard/crtbegin.o
 *(.init)
 .init          0x000000000800a5d4        0x4 e:/ide/stm32cubeide_1.10.1/stm32cubeide/plugins/com.st.stm32cube.ide.mcu.externaltools.gnu-tools-for-stm32.10.3-2021.10.win32_1.0.0.202111181127/tools/bin/../lib/gcc/arm-none-eabi/10.3.1/thumb/v8-m.main+fp/hard/crti.o
                0x000000000800a5d4                _init
 .init          0x000000000800a5d8        0x8 e:/ide/stm32cubeide_1.10.1/stm32cubeide/plugins/com.st.stm32cube.ide.mcu.externaltools.gnu-tools-for-stm32.10.3-2021.10.win32_1.0.0.202111181127/tools/bin/../lib/gcc/arm-none-eabi/10.3.1/thumb/v8-m.main+fp/hard/crtn.o
 *(.fini)
 .fini          0x000000000800a5e0        0x4 e:/ide/stm32cubeide_1.10.1/stm32cubeide/plugins/com.st.stm32cube.ide.mcu.externaltools.gnu-tools-for-stm32.10.3-2021.10.win32_1.0.0.202111181127/tools/bin/../lib/gcc/arm-none-eabi/10.3.1/thumb/v8-m.main+fp/hard/crti.o
                0x000000000800a5e0                _fini
 .fini          0x000000000800a5e4        0x8 e:/ide/stm32cubeide_1.10.1/stm32cubeide/plugins/com.st.stm32cube.ide.mcu.externaltools.gnu-tools-for-stm32.10.3-2021.10.win32_1.0.0.202111181127/tools/bin/../lib/gcc/arm-none-eabi/10.3.1/thumb/v8-m.main+fp/hard/crtn.o
                0x000000000800a5ec                _etext = .

.vfp11_veneer   0x000000000800a5ec        0x0
 .vfp11_veneer  0x000000000800a5ec        0x0 linker stubs

.v4_bx          0x000000000800a5ec        0x0
 .v4_bx         0x000000000800a5ec        0x0 linker stubs

.iplt           0x000000000800a5ec        0x0
 .iplt          0x000000000800a5ec        0x0 e:/ide/stm32cubeide_1.10.1/stm32cubeide/plugins/com.st.stm32cube.ide.mcu.externaltools.gnu-tools-for-stm32.10.3-2021.10.win32_1.0.0.202111181127/tools/bin/../lib/gcc/arm-none-eabi/10.3.1/thumb/v8-m.main+fp/hard/crtbegin.o

.rodata         0x000000000800a600    0xa5a0c
 *(.rodata)
 .rodata        0x000000000800a600       0x93 ./Core/Src/main.o
 *fill*         0x000000000800a693        0x1 
 .rodata        0x000000000800a694       0x30 ./X-CUBE-AI/App/network_data.o
 *(.rodata*)
 .rodata.AHBPrescTable
                0x000000000800a6c4       0x10 ./Core/Src/system_stm32u5xx.o
                0x000000000800a6c4                AHBPrescTable
 .rodata.APBPrescTable
                0x000000000800a6d4        0x8 ./Core/Src/system_stm32u5xx.o
                0x000000000800a6d4                APBPrescTable
 .rodata.MSIRangeTable
                0x000000000800a6dc       0x40 ./Core/Src/system_stm32u5xx.o
                0x000000000800a6dc                MSIRangeTable
 .rodata.LPGPIO_Map
                0x000000000800a71c       0x80 ./Drivers/STM32U5xx_HAL_Driver/Src/stm32u5xx_hal_gpio.o
 .rodata.UARTPrescTable
                0x000000000800a79c       0x18 ./Drivers/STM32U5xx_HAL_Driver/Src/stm32u5xx_hal_uart.o
                0x000000000800a79c                UARTPrescTable
 .rodata.numerator.1
                0x000000000800a7b4        0x8 ./Drivers/STM32U5xx_HAL_Driver/Src/stm32u5xx_hal_uart_ex.o
 .rodata.denominator.0
                0x000000000800a7bc        0x8 ./Drivers/STM32U5xx_HAL_Driver/Src/stm32u5xx_hal_uart_ex.o
 .rodata.nl_23_chain
                0x000000000800a7c4        0x8 ./X-CUBE-AI/App/network.o
 .rodata.gemm_22_chain
                0x000000000800a7cc        0x8 ./X-CUBE-AI/App/network.o
 .rodata.nl_21_nl_params_data
                0x000000000800a7d4        0xc ./X-CUBE-AI/App/network.o
 .rodata.nl_21_nl_params
                0x000000000800a7e0       0x10 ./X-CUBE-AI/App/network.o
 .rodata.nl_21_chain
                0x000000000800a7f0        0x8 ./X-CUBE-AI/App/network.o
 .rodata.gemm_20_chain
                0x000000000800a7f8        0x8 ./X-CUBE-AI/App/network.o
 .rodata.nl_19_nl_params_data
                0x000000000800a800        0xc ./X-CUBE-AI/App/network.o
 .rodata.nl_19_nl_params
                0x000000000800a80c       0x10 ./X-CUBE-AI/App/network.o
 .rodata.nl_19_chain
                0x000000000800a81c        0x8 ./X-CUBE-AI/App/network.o
 .rodata.gemm_18_chain
                0x000000000800a824        0x8 ./X-CUBE-AI/App/network.o
 .rodata.pool_16_chain
                0x000000000800a82c        0x8 ./X-CUBE-AI/App/network.o
 .rodata.eltwise_14_chain
                0x000000000800a834        0x8 ./X-CUBE-AI/App/network.o
 .rodata.nl_13_nl_params_data
                0x000000000800a83c        0xc ./X-CUBE-AI/App/network.o
 .rodata.nl_13_nl_params
                0x000000000800a848       0x10 ./X-CUBE-AI/App/network.o
 .rodata.nl_13_chain
                0x000000000800a858        0x8 ./X-CUBE-AI/App/network.o
 .rodata.conv2d_12_chain
                0x000000000800a860        0x8 ./X-CUBE-AI/App/network.o
 .rodata.pool_11_chain
                0x000000000800a868        0x8 ./X-CUBE-AI/App/network.o
 .rodata.eltwise_9_chain
                0x000000000800a870        0x8 ./X-CUBE-AI/App/network.o
 .rodata.nl_8_nl_params_data
                0x000000000800a878        0xc ./X-CUBE-AI/App/network.o
 .rodata.nl_8_nl_params
                0x000000000800a884       0x10 ./X-CUBE-AI/App/network.o
 .rodata.nl_8_chain
                0x000000000800a894        0x8 ./X-CUBE-AI/App/network.o
 .rodata.conv2d_7_chain
                0x000000000800a89c        0x8 ./X-CUBE-AI/App/network.o
 .rodata.pool_6_chain
                0x000000000800a8a4        0x8 ./X-CUBE-AI/App/network.o
 .rodata.eltwise_4_chain
                0x000000000800a8ac        0x8 ./X-CUBE-AI/App/network.o
 .rodata.nl_3_nl_params_data
                0x000000000800a8b4        0xc ./X-CUBE-AI/App/network.o
 .rodata.nl_3_nl_params
                0x000000000800a8c0       0x10 ./X-CUBE-AI/App/network.o
 .rodata.nl_3_chain
                0x000000000800a8d0        0x8 ./X-CUBE-AI/App/network.o
 .rodata.conv2d_2_chain
                0x000000000800a8d8        0x8 ./X-CUBE-AI/App/network.o
 .rodata.eltwise_0_chain
                0x000000000800a8e0        0x8 ./X-CUBE-AI/App/network.o
 *fill*         0x000000000800a8e8       0x18 
 .rodata.s_network_weights_array_u64
                0x000000000800a900    0xa56c0 ./X-CUBE-AI/App/network_data_params.o
                0x000000000800a900                s_network_weights_array_u64
 .rodata._svfprintf_r.str1.1
                0x00000000080affc0       0x11 e:/ide/stm32cubeide_1.10.1/stm32cubeide/plugins/com.st.stm32cube.ide.mcu.externaltools.gnu-tools-for-stm32.10.3-2021.10.win32_1.0.0.202111181127/tools/bin/../lib/gcc/arm-none-eabi/10.3.1/../../../../arm-none-eabi/lib/thumb/v8-m.main+fp/hard\libc_nano.a(lib_a-nano-svfprintf.o)
 .rodata._printf_i.str1.1
                0x00000000080affd1       0x22 e:/ide/stm32cubeide_1.10.1/stm32cubeide/plugins/com.st.stm32cube.ide.mcu.externaltools.gnu-tools-for-stm32.10.3-2021.10.win32_1.0.0.202111181127/tools/bin/../lib/gcc/arm-none-eabi/10.3.1/../../../../arm-none-eabi/lib/thumb/v8-m.main+fp/hard\libc_nano.a(lib_a-nano-vfprintf_i.o)
 *fill*         0x00000000080afff3        0x1 
 .rodata.halF   0x00000000080afff4        0x8 e:/ide/stm32cubeide_1.10.1/stm32cubeide/plugins/com.st.stm32cube.ide.mcu.externaltools.gnu-tools-for-stm32.10.3-2021.10.win32_1.0.0.202111181127/tools/bin/../lib/gcc/arm-none-eabi/10.3.1/../../../../arm-none-eabi/lib/thumb/v8-m.main+fp/hard\libm.a(lib_a-ef_exp.o)
 .rodata.ln2HI  0x00000000080afffc        0x8 e:/ide/stm32cubeide_1.10.1/stm32cubeide/plugins/com.st.stm32cube.ide.mcu.externaltools.gnu-tools-for-stm32.10.3-2021.10.win32_1.0.0.202111181127/tools/bin/../lib/gcc/arm-none-eabi/10.3.1/../../../../arm-none-eabi/lib/thumb/v8-m.main+fp/hard\libm.a(lib_a-ef_exp.o)
 .rodata.ln2LO  0x00000000080b0004        0x8 e:/ide/stm32cubeide_1.10.1/stm32cubeide/plugins/com.st.stm32cube.ide.mcu.externaltools.gnu-tools-for-stm32.10.3-2021.10.win32_1.0.0.202111181127/tools/bin/../lib/gcc/arm-none-eabi/10.3.1/../../../../arm-none-eabi/lib/thumb/v8-m.main+fp/hard\libm.a(lib_a-ef_exp.o)

.ARM.extab
 *(.ARM.extab* .gnu.linkonce.armextab.*)

.ARM            0x00000000080b000c        0x8
                0x00000000080b000c                __exidx_start = .
 *(.ARM.exidx*)
 .ARM.exidx     0x00000000080b000c        0x8 e:/ide/stm32cubeide_1.10.1/stm32cubeide/plugins/com.st.stm32cube.ide.mcu.externaltools.gnu-tools-for-stm32.10.3-2021.10.win32_1.0.0.202111181127/tools/bin/../lib/gcc/arm-none-eabi/10.3.1/thumb/v8-m.main+fp/hard\libgcc.a(_udivmoddi4.o)
                0x00000000080b0014                __exidx_end = .

.rel.dyn        0x00000000080b0014        0x0
 .rel.iplt      0x00000000080b0014        0x0 e:/ide/stm32cubeide_1.10.1/stm32cubeide/plugins/com.st.stm32cube.ide.mcu.externaltools.gnu-tools-for-stm32.10.3-2021.10.win32_1.0.0.202111181127/tools/bin/../lib/gcc/arm-none-eabi/10.3.1/thumb/v8-m.main+fp/hard/crtbegin.o

.preinit_array  0x00000000080b0014        0x0
                0x00000000080b0014                PROVIDE (__preinit_array_start = .)
 *(.preinit_array*)
                0x00000000080b0014                PROVIDE (__preinit_array_end = .)

.init_array     0x00000000080b0014        0x4
                0x00000000080b0014                PROVIDE (__init_array_start = .)
 *(SORT_BY_NAME(.init_array.*))
 *(.init_array*)
 .init_array    0x00000000080b0014        0x4 e:/ide/stm32cubeide_1.10.1/stm32cubeide/plugins/com.st.stm32cube.ide.mcu.externaltools.gnu-tools-for-stm32.10.3-2021.10.win32_1.0.0.202111181127/tools/bin/../lib/gcc/arm-none-eabi/10.3.1/thumb/v8-m.main+fp/hard/crtbegin.o
                0x00000000080b0018                PROVIDE (__init_array_end = .)

.fini_array     0x00000000080b0018        0x4
                [!provide]                        PROVIDE (__fini_array_start = .)
 *(SORT_BY_NAME(.fini_array.*))
 *(.fini_array*)
 .fini_array    0x00000000080b0018        0x4 e:/ide/stm32cubeide_1.10.1/stm32cubeide/plugins/com.st.stm32cube.ide.mcu.externaltools.gnu-tools-for-stm32.10.3-2021.10.win32_1.0.0.202111181127/tools/bin/../lib/gcc/arm-none-eabi/10.3.1/thumb/v8-m.main+fp/hard/crtbegin.o
                [!provide]                        PROVIDE (__fini_array_end = .)
                0x00000000080b001c                _sidata = LOADADDR (.data)

.data           0x0000000020000000     0x1cec load address 0x00000000080b001c
                0x0000000020000000                _sdata = .
 *(.data)
 *(.data*)
 .data.data     0x0000000020000000      0x780 ./Core/Src/main.o
                0x0000000020000000                data
 .data.SystemCoreClock
                0x0000000020000780        0x4 ./Core/Src/system_stm32u5xx.o
                0x0000000020000780                SystemCoreClock
 .data.uwTickPrio
                0x0000000020000784        0x4 ./Drivers/STM32U5xx_HAL_Driver/Src/stm32u5xx_hal.o
                0x0000000020000784                uwTickPrio
 .data.uwTickFreq
                0x0000000020000788        0x1 ./Drivers/STM32U5xx_HAL_Driver/Src/stm32u5xx_hal.o
                0x0000000020000788                uwTickFreq
 *fill*         0x0000000020000789        0x3 
 .data.eltwise_4_bias_array
                0x000000002000078c       0x10 ./X-CUBE-AI/App/network.o
 .data.conv2d_7_weights_array
                0x000000002000079c       0x10 ./X-CUBE-AI/App/network.o
 .data.conv2d_7_bias_array
                0x00000000200007ac       0x10 ./X-CUBE-AI/App/network.o
 .data.eltwise_9_scale_array
                0x00000000200007bc       0x10 ./X-CUBE-AI/App/network.o
 .data.eltwise_9_bias_array
                0x00000000200007cc       0x10 ./X-CUBE-AI/App/network.o
 .data.conv2d_12_weights_array
                0x00000000200007dc       0x10 ./X-CUBE-AI/App/network.o
 .data.conv2d_12_bias_array
                0x00000000200007ec       0x10 ./X-CUBE-AI/App/network.o
 .data.eltwise_14_scale_array
                0x00000000200007fc       0x10 ./X-CUBE-AI/App/network.o
 .data.eltwise_14_bias_array
                0x000000002000080c       0x10 ./X-CUBE-AI/App/network.o
 .data.gemm_18_weights_array
                0x000000002000081c       0x10 ./X-CUBE-AI/App/network.o
 .data.gemm_18_bias_array
                0x000000002000082c       0x10 ./X-CUBE-AI/App/network.o
 .data.gemm_20_weights_array
                0x000000002000083c       0x10 ./X-CUBE-AI/App/network.o
 .data.gemm_20_bias_array
                0x000000002000084c       0x10 ./X-CUBE-AI/App/network.o
 .data.gemm_22_weights_array
                0x000000002000085c       0x10 ./X-CUBE-AI/App/network.o
 .data.gemm_22_bias_array
                0x000000002000086c       0x10 ./X-CUBE-AI/App/network.o
 .data.serving_default_input_10_output_array
                0x000000002000087c       0x10 ./X-CUBE-AI/App/network.o
 .data.eltwise_0_output_array
                0x000000002000088c       0x10 ./X-CUBE-AI/App/network.o
 .data.conv2d_2_output_array
                0x000000002000089c       0x10 ./X-CUBE-AI/App/network.o
 .data.nl_3_output_array
                0x00000000200008ac       0x10 ./X-CUBE-AI/App/network.o
 .data.eltwise_4_output_array
                0x00000000200008bc       0x10 ./X-CUBE-AI/App/network.o
 .data.pool_6_output_array
                0x00000000200008cc       0x10 ./X-CUBE-AI/App/network.o
 .data.conv2d_7_output_array
                0x00000000200008dc       0x10 ./X-CUBE-AI/App/network.o
 .data.nl_8_output_array
                0x00000000200008ec       0x10 ./X-CUBE-AI/App/network.o
 .data.eltwise_9_output_array
                0x00000000200008fc       0x10 ./X-CUBE-AI/App/network.o
 .data.pool_11_output_array
                0x000000002000090c       0x10 ./X-CUBE-AI/App/network.o
 .data.conv2d_12_output_array
                0x000000002000091c       0x10 ./X-CUBE-AI/App/network.o
 .data.nl_13_output_array
                0x000000002000092c       0x10 ./X-CUBE-AI/App/network.o
 .data.eltwise_14_output_array
                0x000000002000093c       0x10 ./X-CUBE-AI/App/network.o
 .data.pool_16_output_array
                0x000000002000094c       0x10 ./X-CUBE-AI/App/network.o
 .data.gemm_18_output_array
                0x000000002000095c       0x10 ./X-CUBE-AI/App/network.o
 .data.nl_19_output_array
                0x000000002000096c       0x10 ./X-CUBE-AI/App/network.o
 .data.gemm_20_output_array
                0x000000002000097c       0x10 ./X-CUBE-AI/App/network.o
 .data.nl_21_output_array
                0x000000002000098c       0x10 ./X-CUBE-AI/App/network.o
 .data.gemm_22_output_array
                0x000000002000099c       0x10 ./X-CUBE-AI/App/network.o
 .data.nl_23_output_array
                0x00000000200009ac       0x10 ./X-CUBE-AI/App/network.o
 .data.eltwise_0_scale_array
                0x00000000200009bc       0x10 ./X-CUBE-AI/App/network.o
 .data.eltwise_0_bias_array
                0x00000000200009cc       0x10 ./X-CUBE-AI/App/network.o
 .data.conv2d_2_weights_array
                0x00000000200009dc       0x10 ./X-CUBE-AI/App/network.o
 .data.conv2d_2_bias_array
                0x00000000200009ec       0x10 ./X-CUBE-AI/App/network.o
 .data.eltwise_4_scale_array
                0x00000000200009fc       0x10 ./X-CUBE-AI/App/network.o
 .data.__compound_literal.0
                0x0000000020000a0c       0x10 ./X-CUBE-AI/App/network.o
 .data.__compound_literal.1
                0x0000000020000a1c       0x10 ./X-CUBE-AI/App/network.o
 .data.eltwise_4_bias
                0x0000000020000a2c       0x1c ./X-CUBE-AI/App/network.o
 .data.__compound_literal.2
                0x0000000020000a48       0x10 ./X-CUBE-AI/App/network.o
 .data.__compound_literal.3
                0x0000000020000a58       0x10 ./X-CUBE-AI/App/network.o
 .data.conv2d_7_weights
                0x0000000020000a68       0x1c ./X-CUBE-AI/App/network.o
 .data.__compound_literal.4
                0x0000000020000a84       0x10 ./X-CUBE-AI/App/network.o
 .data.__compound_literal.5
                0x0000000020000a94       0x10 ./X-CUBE-AI/App/network.o
 .data.conv2d_7_bias
                0x0000000020000aa4       0x1c ./X-CUBE-AI/App/network.o
 .data.__compound_literal.6
                0x0000000020000ac0       0x10 ./X-CUBE-AI/App/network.o
 .data.__compound_literal.7
                0x0000000020000ad0       0x10 ./X-CUBE-AI/App/network.o
 .data.eltwise_9_scale
                0x0000000020000ae0       0x1c ./X-CUBE-AI/App/network.o
 .data.__compound_literal.8
                0x0000000020000afc       0x10 ./X-CUBE-AI/App/network.o
 .data.__compound_literal.9
                0x0000000020000b0c       0x10 ./X-CUBE-AI/App/network.o
 .data.eltwise_9_bias
                0x0000000020000b1c       0x1c ./X-CUBE-AI/App/network.o
 .data.__compound_literal.10
                0x0000000020000b38       0x10 ./X-CUBE-AI/App/network.o
 .data.__compound_literal.11
                0x0000000020000b48       0x10 ./X-CUBE-AI/App/network.o
 .data.conv2d_12_weights
                0x0000000020000b58       0x1c ./X-CUBE-AI/App/network.o
 .data.__compound_literal.12
                0x0000000020000b74       0x10 ./X-CUBE-AI/App/network.o
 .data.__compound_literal.13
                0x0000000020000b84       0x10 ./X-CUBE-AI/App/network.o
 .data.conv2d_12_bias
                0x0000000020000b94       0x1c ./X-CUBE-AI/App/network.o
 .data.__compound_literal.14
                0x0000000020000bb0       0x10 ./X-CUBE-AI/App/network.o
 .data.__compound_literal.15
                0x0000000020000bc0       0x10 ./X-CUBE-AI/App/network.o
 .data.eltwise_14_scale
                0x0000000020000bd0       0x1c ./X-CUBE-AI/App/network.o
 .data.__compound_literal.16
                0x0000000020000bec       0x10 ./X-CUBE-AI/App/network.o
 .data.__compound_literal.17
                0x0000000020000bfc       0x10 ./X-CUBE-AI/App/network.o
 .data.eltwise_14_bias
                0x0000000020000c0c       0x1c ./X-CUBE-AI/App/network.o
 .data.__compound_literal.18
                0x0000000020000c28       0x10 ./X-CUBE-AI/App/network.o
 .data.__compound_literal.19
                0x0000000020000c38       0x10 ./X-CUBE-AI/App/network.o
 .data.gemm_18_weights
                0x0000000020000c48       0x1c ./X-CUBE-AI/App/network.o
 .data.__compound_literal.20
                0x0000000020000c64       0x10 ./X-CUBE-AI/App/network.o
 .data.__compound_literal.21
                0x0000000020000c74       0x10 ./X-CUBE-AI/App/network.o
 .data.gemm_18_bias
                0x0000000020000c84       0x1c ./X-CUBE-AI/App/network.o
 .data.__compound_literal.22
                0x0000000020000ca0       0x10 ./X-CUBE-AI/App/network.o
 .data.__compound_literal.23
                0x0000000020000cb0       0x10 ./X-CUBE-AI/App/network.o
 .data.gemm_20_weights
                0x0000000020000cc0       0x1c ./X-CUBE-AI/App/network.o
 .data.__compound_literal.24
                0x0000000020000cdc       0x10 ./X-CUBE-AI/App/network.o
 .data.__compound_literal.25
                0x0000000020000cec       0x10 ./X-CUBE-AI/App/network.o
 .data.gemm_20_bias
                0x0000000020000cfc       0x1c ./X-CUBE-AI/App/network.o
 .data.__compound_literal.26
                0x0000000020000d18       0x10 ./X-CUBE-AI/App/network.o
 .data.__compound_literal.27
                0x0000000020000d28       0x10 ./X-CUBE-AI/App/network.o
 .data.gemm_22_weights
                0x0000000020000d38       0x1c ./X-CUBE-AI/App/network.o
 .data.__compound_literal.28
                0x0000000020000d54       0x10 ./X-CUBE-AI/App/network.o
 .data.__compound_literal.29
                0x0000000020000d64       0x10 ./X-CUBE-AI/App/network.o
 .data.gemm_22_bias
                0x0000000020000d74       0x1c ./X-CUBE-AI/App/network.o
 .data.__compound_literal.30
                0x0000000020000d90       0x10 ./X-CUBE-AI/App/network.o
 .data.__compound_literal.31
                0x0000000020000da0       0x10 ./X-CUBE-AI/App/network.o
 .data.serving_default_input_10_output
                0x0000000020000db0       0x1c ./X-CUBE-AI/App/network.o
 .data.__compound_literal.32
                0x0000000020000dcc       0x10 ./X-CUBE-AI/App/network.o
 .data.__compound_literal.33
                0x0000000020000ddc       0x10 ./X-CUBE-AI/App/network.o
 .data.eltwise_0_output
                0x0000000020000dec       0x1c ./X-CUBE-AI/App/network.o
 .data.__compound_literal.34
                0x0000000020000e08       0x10 ./X-CUBE-AI/App/network.o
 .data.__compound_literal.35
                0x0000000020000e18       0x10 ./X-CUBE-AI/App/network.o
 .data.conv2d_2_output
                0x0000000020000e28       0x1c ./X-CUBE-AI/App/network.o
 .data.__compound_literal.36
                0x0000000020000e44       0x10 ./X-CUBE-AI/App/network.o
 .data.__compound_literal.37
                0x0000000020000e54       0x10 ./X-CUBE-AI/App/network.o
 .data.nl_3_output
                0x0000000020000e64       0x1c ./X-CUBE-AI/App/network.o
 .data.__compound_literal.38
                0x0000000020000e80       0x10 ./X-CUBE-AI/App/network.o
 .data.__compound_literal.39
                0x0000000020000e90       0x10 ./X-CUBE-AI/App/network.o
 .data.eltwise_4_output
                0x0000000020000ea0       0x1c ./X-CUBE-AI/App/network.o
 .data.__compound_literal.40
                0x0000000020000ebc       0x10 ./X-CUBE-AI/App/network.o
 .data.__compound_literal.41
                0x0000000020000ecc       0x10 ./X-CUBE-AI/App/network.o
 .data.pool_6_output
                0x0000000020000edc       0x1c ./X-CUBE-AI/App/network.o
 .data.__compound_literal.42
                0x0000000020000ef8       0x10 ./X-CUBE-AI/App/network.o
 .data.__compound_literal.43
                0x0000000020000f08       0x10 ./X-CUBE-AI/App/network.o
 .data.conv2d_7_output
                0x0000000020000f18       0x1c ./X-CUBE-AI/App/network.o
 .data.__compound_literal.44
                0x0000000020000f34       0x10 ./X-CUBE-AI/App/network.o
 .data.__compound_literal.45
                0x0000000020000f44       0x10 ./X-CUBE-AI/App/network.o
 .data.nl_8_output
                0x0000000020000f54       0x1c ./X-CUBE-AI/App/network.o
 .data.__compound_literal.46
                0x0000000020000f70       0x10 ./X-CUBE-AI/App/network.o
 .data.__compound_literal.47
                0x0000000020000f80       0x10 ./X-CUBE-AI/App/network.o
 .data.eltwise_9_output
                0x0000000020000f90       0x1c ./X-CUBE-AI/App/network.o
 .data.__compound_literal.48
                0x0000000020000fac       0x10 ./X-CUBE-AI/App/network.o
 .data.__compound_literal.49
                0x0000000020000fbc       0x10 ./X-CUBE-AI/App/network.o
 .data.pool_11_output
                0x0000000020000fcc       0x1c ./X-CUBE-AI/App/network.o
 .data.__compound_literal.50
                0x0000000020000fe8       0x10 ./X-CUBE-AI/App/network.o
 .data.__compound_literal.51
                0x0000000020000ff8       0x10 ./X-CUBE-AI/App/network.o
 .data.conv2d_12_output
                0x0000000020001008       0x1c ./X-CUBE-AI/App/network.o
 .data.__compound_literal.52
                0x0000000020001024       0x10 ./X-CUBE-AI/App/network.o
 .data.__compound_literal.53
                0x0000000020001034       0x10 ./X-CUBE-AI/App/network.o
 .data.nl_13_output
                0x0000000020001044       0x1c ./X-CUBE-AI/App/network.o
 .data.__compound_literal.54
                0x0000000020001060       0x10 ./X-CUBE-AI/App/network.o
 .data.__compound_literal.55
                0x0000000020001070       0x10 ./X-CUBE-AI/App/network.o
 .data.eltwise_14_output
                0x0000000020001080       0x1c ./X-CUBE-AI/App/network.o
 .data.__compound_literal.56
                0x000000002000109c       0x10 ./X-CUBE-AI/App/network.o
 .data.__compound_literal.57
                0x00000000200010ac       0x10 ./X-CUBE-AI/App/network.o
 .data.pool_16_output
                0x00000000200010bc       0x1c ./X-CUBE-AI/App/network.o
 .data.__compound_literal.58
                0x00000000200010d8       0x10 ./X-CUBE-AI/App/network.o
 .data.__compound_literal.59
                0x00000000200010e8       0x10 ./X-CUBE-AI/App/network.o
 .data.pool_16_output0
                0x00000000200010f8       0x1c ./X-CUBE-AI/App/network.o
 .data.__compound_literal.60
                0x0000000020001114       0x10 ./X-CUBE-AI/App/network.o
 .data.__compound_literal.61
                0x0000000020001124       0x10 ./X-CUBE-AI/App/network.o
 .data.gemm_18_output
                0x0000000020001134       0x1c ./X-CUBE-AI/App/network.o
 .data.__compound_literal.62
                0x0000000020001150       0x10 ./X-CUBE-AI/App/network.o
 .data.__compound_literal.63
                0x0000000020001160       0x10 ./X-CUBE-AI/App/network.o
 .data.nl_19_output
                0x0000000020001170       0x1c ./X-CUBE-AI/App/network.o
 .data.__compound_literal.64
                0x000000002000118c       0x10 ./X-CUBE-AI/App/network.o
 .data.__compound_literal.65
                0x000000002000119c       0x10 ./X-CUBE-AI/App/network.o
 .data.gemm_20_output
                0x00000000200011ac       0x1c ./X-CUBE-AI/App/network.o
 .data.__compound_literal.66
                0x00000000200011c8       0x10 ./X-CUBE-AI/App/network.o
 .data.__compound_literal.67
                0x00000000200011d8       0x10 ./X-CUBE-AI/App/network.o
 .data.nl_21_output
                0x00000000200011e8       0x1c ./X-CUBE-AI/App/network.o
 .data.__compound_literal.68
                0x0000000020001204       0x10 ./X-CUBE-AI/App/network.o
 .data.__compound_literal.69
                0x0000000020001214       0x10 ./X-CUBE-AI/App/network.o
 .data.gemm_22_output
                0x0000000020001224       0x1c ./X-CUBE-AI/App/network.o
 .data.__compound_literal.70
                0x0000000020001240       0x10 ./X-CUBE-AI/App/network.o
 .data.__compound_literal.71
                0x0000000020001250       0x10 ./X-CUBE-AI/App/network.o
 .data.nl_23_output
                0x0000000020001260       0x1c ./X-CUBE-AI/App/network.o
 .data.__compound_literal.72
                0x000000002000127c       0x10 ./X-CUBE-AI/App/network.o
 .data.__compound_literal.73
                0x000000002000128c       0x10 ./X-CUBE-AI/App/network.o
 .data.eltwise_0_scale
                0x000000002000129c       0x1c ./X-CUBE-AI/App/network.o
 .data.__compound_literal.74
                0x00000000200012b8       0x10 ./X-CUBE-AI/App/network.o
 .data.__compound_literal.75
                0x00000000200012c8       0x10 ./X-CUBE-AI/App/network.o
 .data.eltwise_0_bias
                0x00000000200012d8       0x1c ./X-CUBE-AI/App/network.o
 .data.__compound_literal.76
                0x00000000200012f4       0x10 ./X-CUBE-AI/App/network.o
 .data.__compound_literal.77
                0x0000000020001304       0x10 ./X-CUBE-AI/App/network.o
 .data.conv2d_2_weights
                0x0000000020001314       0x1c ./X-CUBE-AI/App/network.o
 .data.__compound_literal.78
                0x0000000020001330       0x10 ./X-CUBE-AI/App/network.o
 .data.__compound_literal.79
                0x0000000020001340       0x10 ./X-CUBE-AI/App/network.o
 .data.conv2d_2_bias
                0x0000000020001350       0x1c ./X-CUBE-AI/App/network.o
 .data.__compound_literal.80
                0x000000002000136c       0x10 ./X-CUBE-AI/App/network.o
 .data.__compound_literal.81
                0x000000002000137c       0x10 ./X-CUBE-AI/App/network.o
 .data.eltwise_4_scale
                0x000000002000138c       0x1c ./X-CUBE-AI/App/network.o
 .data.__compound_literal.82
                0x00000000200013a8        0x4 ./X-CUBE-AI/App/network.o
 .data.__compound_literal.83
                0x00000000200013ac        0x4 ./X-CUBE-AI/App/network.o
 .data.__compound_literal.86
                0x00000000200013b0       0x30 ./X-CUBE-AI/App/network.o
 .data.nl_23_layer
                0x00000000200013e0       0x20 ./X-CUBE-AI/App/network.o
 .data.__compound_literal.87
                0x0000000020001400        0x4 ./X-CUBE-AI/App/network.o
 .data.__compound_literal.88
                0x0000000020001404        0x4 ./X-CUBE-AI/App/network.o
 .data.__compound_literal.89
                0x0000000020001408        0x8 ./X-CUBE-AI/App/network.o
 .data.__compound_literal.91
                0x0000000020001410       0x30 ./X-CUBE-AI/App/network.o
 .data.gemm_22_layer
                0x0000000020001440       0x1c ./X-CUBE-AI/App/network.o
 .data.__compound_literal.92
                0x000000002000145c        0x4 ./X-CUBE-AI/App/network.o
 .data.__compound_literal.93
                0x0000000020001460        0x4 ./X-CUBE-AI/App/network.o
 .data.__compound_literal.96
                0x0000000020001464       0x30 ./X-CUBE-AI/App/network.o
 .data.nl_21_layer
                0x0000000020001494       0x20 ./X-CUBE-AI/App/network.o
 .data.__compound_literal.97
                0x00000000200014b4        0x4 ./X-CUBE-AI/App/network.o
 .data.__compound_literal.98
                0x00000000200014b8        0x4 ./X-CUBE-AI/App/network.o
 .data.__compound_literal.99
                0x00000000200014bc        0x8 ./X-CUBE-AI/App/network.o
 .data.__compound_literal.101
                0x00000000200014c4       0x30 ./X-CUBE-AI/App/network.o
 .data.gemm_20_layer
                0x00000000200014f4       0x1c ./X-CUBE-AI/App/network.o
 .data.__compound_literal.102
                0x0000000020001510        0x4 ./X-CUBE-AI/App/network.o
 .data.__compound_literal.103
                0x0000000020001514        0x4 ./X-CUBE-AI/App/network.o
 .data.__compound_literal.106
                0x0000000020001518       0x30 ./X-CUBE-AI/App/network.o
 .data.nl_19_layer
                0x0000000020001548       0x20 ./X-CUBE-AI/App/network.o
 .data.__compound_literal.107
                0x0000000020001568        0x4 ./X-CUBE-AI/App/network.o
 .data.__compound_literal.108
                0x000000002000156c        0x4 ./X-CUBE-AI/App/network.o
 .data.__compound_literal.109
                0x0000000020001570        0x8 ./X-CUBE-AI/App/network.o
 .data.__compound_literal.111
                0x0000000020001578       0x30 ./X-CUBE-AI/App/network.o
 .data.gemm_18_layer
                0x00000000200015a8       0x1c ./X-CUBE-AI/App/network.o
 .data.__compound_literal.112
                0x00000000200015c4        0x4 ./X-CUBE-AI/App/network.o
 .data.__compound_literal.113
                0x00000000200015c8        0x4 ./X-CUBE-AI/App/network.o
 .data.__compound_literal.116
                0x00000000200015cc       0x30 ./X-CUBE-AI/App/network.o
 .data.pool_16_layer
                0x00000000200015fc       0x38 ./X-CUBE-AI/App/network.o
 .data.__compound_literal.118
                0x0000000020001634        0x4 ./X-CUBE-AI/App/network.o
 .data.__compound_literal.119
                0x0000000020001638        0x4 ./X-CUBE-AI/App/network.o
 .data.__compound_literal.120
                0x000000002000163c        0x8 ./X-CUBE-AI/App/network.o
 .data.__compound_literal.122
                0x0000000020001644       0x30 ./X-CUBE-AI/App/network.o
 .data.eltwise_14_layer
                0x0000000020001674       0x1c ./X-CUBE-AI/App/network.o
 .data.__compound_literal.123
                0x0000000020001690        0x4 ./X-CUBE-AI/App/network.o
 .data.__compound_literal.124
                0x0000000020001694        0x4 ./X-CUBE-AI/App/network.o
 .data.__compound_literal.127
                0x0000000020001698       0x30 ./X-CUBE-AI/App/network.o
 .data.nl_13_layer
                0x00000000200016c8       0x20 ./X-CUBE-AI/App/network.o
 .data.__compound_literal.128
                0x00000000200016e8        0x4 ./X-CUBE-AI/App/network.o
 .data.__compound_literal.129
                0x00000000200016ec        0x4 ./X-CUBE-AI/App/network.o
 .data.__compound_literal.130
                0x00000000200016f0        0xc ./X-CUBE-AI/App/network.o
 .data.__compound_literal.132
                0x00000000200016fc       0x30 ./X-CUBE-AI/App/network.o
 .data.__compound_literal.133
                0x000000002000172c       0x10 ./X-CUBE-AI/App/network.o
 .data.conv2d_12_layer
                0x000000002000173c       0x44 ./X-CUBE-AI/App/network.o
 .data.__compound_literal.134
                0x0000000020001780        0x4 ./X-CUBE-AI/App/network.o
 .data.__compound_literal.135
                0x0000000020001784        0x4 ./X-CUBE-AI/App/network.o
 .data.__compound_literal.138
                0x0000000020001788       0x30 ./X-CUBE-AI/App/network.o
 .data.pool_11_layer
                0x00000000200017b8       0x38 ./X-CUBE-AI/App/network.o
 .data.__compound_literal.140
                0x00000000200017f0        0x4 ./X-CUBE-AI/App/network.o
 .data.__compound_literal.141
                0x00000000200017f4        0x4 ./X-CUBE-AI/App/network.o
 .data.__compound_literal.142
                0x00000000200017f8        0x8 ./X-CUBE-AI/App/network.o
 .data.__compound_literal.144
                0x0000000020001800       0x30 ./X-CUBE-AI/App/network.o
 .data.eltwise_9_layer
                0x0000000020001830       0x1c ./X-CUBE-AI/App/network.o
 .data.__compound_literal.145
                0x000000002000184c        0x4 ./X-CUBE-AI/App/network.o
 .data.__compound_literal.146
                0x0000000020001850        0x4 ./X-CUBE-AI/App/network.o
 .data.__compound_literal.149
                0x0000000020001854       0x30 ./X-CUBE-AI/App/network.o
 .data.nl_8_layer
                0x0000000020001884       0x20 ./X-CUBE-AI/App/network.o
 .data.__compound_literal.150
                0x00000000200018a4        0x4 ./X-CUBE-AI/App/network.o
 .data.__compound_literal.151
                0x00000000200018a8        0x4 ./X-CUBE-AI/App/network.o
 .data.__compound_literal.152
                0x00000000200018ac        0xc ./X-CUBE-AI/App/network.o
 .data.__compound_literal.154
                0x00000000200018b8       0x30 ./X-CUBE-AI/App/network.o
 .data.__compound_literal.155
                0x00000000200018e8       0x10 ./X-CUBE-AI/App/network.o
 .data.conv2d_7_layer
                0x00000000200018f8       0x44 ./X-CUBE-AI/App/network.o
 .data.__compound_literal.156
                0x000000002000193c        0x4 ./X-CUBE-AI/App/network.o
 .data.__compound_literal.157
                0x0000000020001940        0x4 ./X-CUBE-AI/App/network.o
 .data.__compound_literal.160
                0x0000000020001944       0x30 ./X-CUBE-AI/App/network.o
 .data.pool_6_layer
                0x0000000020001974       0x38 ./X-CUBE-AI/App/network.o
 .data.__compound_literal.162
                0x00000000200019ac        0x4 ./X-CUBE-AI/App/network.o
 .data.__compound_literal.163
                0x00000000200019b0        0x4 ./X-CUBE-AI/App/network.o
 .data.__compound_literal.164
                0x00000000200019b4        0x8 ./X-CUBE-AI/App/network.o
 .data.__compound_literal.166
                0x00000000200019bc       0x30 ./X-CUBE-AI/App/network.o
 .data.eltwise_4_layer
                0x00000000200019ec       0x1c ./X-CUBE-AI/App/network.o
 .data.__compound_literal.167
                0x0000000020001a08        0x4 ./X-CUBE-AI/App/network.o
 .data.__compound_literal.168
                0x0000000020001a0c        0x4 ./X-CUBE-AI/App/network.o
 .data.__compound_literal.171
                0x0000000020001a10       0x30 ./X-CUBE-AI/App/network.o
 .data.nl_3_layer
                0x0000000020001a40       0x20 ./X-CUBE-AI/App/network.o
 .data.__compound_literal.172
                0x0000000020001a60        0x4 ./X-CUBE-AI/App/network.o
 .data.__compound_literal.173
                0x0000000020001a64        0x4 ./X-CUBE-AI/App/network.o
 .data.__compound_literal.174
                0x0000000020001a68        0xc ./X-CUBE-AI/App/network.o
 .data.__compound_literal.176
                0x0000000020001a74       0x30 ./X-CUBE-AI/App/network.o
 .data.__compound_literal.177
                0x0000000020001aa4       0x10 ./X-CUBE-AI/App/network.o
 .data.conv2d_2_layer
                0x0000000020001ab4       0x44 ./X-CUBE-AI/App/network.o
 .data.__compound_literal.178
                0x0000000020001af8        0x4 ./X-CUBE-AI/App/network.o
 .data.__compound_literal.179
                0x0000000020001afc        0x4 ./X-CUBE-AI/App/network.o
 .data.__compound_literal.180
                0x0000000020001b00        0x8 ./X-CUBE-AI/App/network.o
 .data.__compound_literal.182
                0x0000000020001b08       0x30 ./X-CUBE-AI/App/network.o
 .data.eltwise_0_layer
                0x0000000020001b38       0x1c ./X-CUBE-AI/App/network.o
 .data.__compound_literal.183
                0x0000000020001b54       0x10 ./X-CUBE-AI/App/network.o
 .data.__compound_literal.184
                0x0000000020001b64       0x1c ./X-CUBE-AI/App/network.o
 .data.__compound_literal.185
                0x0000000020001b80       0x10 ./X-CUBE-AI/App/network.o
 .data.__compound_literal.186
                0x0000000020001b90       0x1c ./X-CUBE-AI/App/network.o
 .data.__compound_literal.187
                0x0000000020001bac        0x4 ./X-CUBE-AI/App/network.o
 .data.__compound_literal.191
                0x0000000020001bb0        0xc ./X-CUBE-AI/App/network.o
 .data.__compound_literal.192
                0x0000000020001bbc        0x4 ./X-CUBE-AI/App/network.o
 .data.__compound_literal.196
                0x0000000020001bc0        0xc ./X-CUBE-AI/App/network.o
 .data.__compound_literal.197
                0x0000000020001bcc       0x18 ./X-CUBE-AI/App/network.o
 .data.g_network
                0x0000000020001be4       0x4c ./X-CUBE-AI/App/network.o
 .data.__compound_literal.0
                0x0000000020001c30       0x10 ./X-CUBE-AI/App/network_data.o
 .data.g_network_data_map_activations
                0x0000000020001c40       0x1c ./X-CUBE-AI/App/network_data.o
                0x0000000020001c40                g_network_data_map_activations
 .data.__compound_literal.1
                0x0000000020001c5c       0x10 ./X-CUBE-AI/App/network_data.o
 .data.g_network_data_map_weights
                0x0000000020001c6c       0x1c ./X-CUBE-AI/App/network_data.o
                0x0000000020001c6c                g_network_data_map_weights
 .data._impure_ptr
                0x0000000020001c88        0x4 e:/ide/stm32cubeide_1.10.1/stm32cubeide/plugins/com.st.stm32cube.ide.mcu.externaltools.gnu-tools-for-stm32.10.3-2021.10.win32_1.0.0.202111181127/tools/bin/../lib/gcc/arm-none-eabi/10.3.1/../../../../arm-none-eabi/lib/thumb/v8-m.main+fp/hard\libc_nano.a(lib_a-impure.o)
                0x0000000020001c88                _impure_ptr
 .data.impure_data
                0x0000000020001c8c       0x60 e:/ide/stm32cubeide_1.10.1/stm32cubeide/plugins/com.st.stm32cube.ide.mcu.externaltools.gnu-tools-for-stm32.10.3-2021.10.win32_1.0.0.202111181127/tools/bin/../lib/gcc/arm-none-eabi/10.3.1/../../../../arm-none-eabi/lib/thumb/v8-m.main+fp/hard\libc_nano.a(lib_a-impure.o)
 *(.RamFunc)
 *(.RamFunc*)
                0x0000000020001cec                _edata = .

.igot.plt       0x0000000020001cec        0x0 load address 0x00000000080b1d08
 .igot.plt      0x0000000020001cec        0x0 e:/ide/stm32cubeide_1.10.1/stm32cubeide/plugins/com.st.stm32cube.ide.mcu.externaltools.gnu-tools-for-stm32.10.3-2021.10.win32_1.0.0.202111181127/tools/bin/../lib/gcc/arm-none-eabi/10.3.1/thumb/v8-m.main+fp/hard/crtbegin.o

.bss            0x0000000020001d00    0x2be75 load address 0x00000000080b1d08
                0x0000000020001d00                _sbss = .
                0x0000000020001d00                __bss_start__ = _sbss
 *(.bss)
 .bss           0x0000000020001d00       0x1c e:/ide/stm32cubeide_1.10.1/stm32cubeide/plugins/com.st.stm32cube.ide.mcu.externaltools.gnu-tools-for-stm32.10.3-2021.10.win32_1.0.0.202111181127/tools/bin/../lib/gcc/arm-none-eabi/10.3.1/thumb/v8-m.main+fp/hard/crtbegin.o
 *(.bss*)
 .bss.hcrc      0x0000000020001d1c       0x24 ./Core/Src/main.o
                0x0000000020001d1c                hcrc
 .bss.htim16    0x0000000020001d40       0x4c ./Core/Src/main.o
                0x0000000020001d40                htim16
 .bss.huart1    0x0000000020001d8c       0x90 ./Core/Src/main.o
                0x0000000020001d8c                huart1
 .bss.network   0x0000000020001e1c        0x4 ./Core/Src/main.o
 .bss.activations
                0x0000000020001e20    0x29e00 ./Core/Src/main.o
 .bss.in_data   0x000000002002bc20     0x1e00 ./Core/Src/main.o
 .bss.out_data  0x000000002002da20       0x28 ./Core/Src/main.o
 .bss.ai_input  0x000000002002da48        0x4 ./Core/Src/main.o
 .bss.ai_output
                0x000000002002da4c        0x4 ./Core/Src/main.o
 .bss.__sbrk_heap_end
                0x000000002002da50        0x4 ./Core/Src/sysmem.o
 .bss.uwTick    0x000000002002da54        0x4 ./Drivers/STM32U5xx_HAL_Driver/Src/stm32u5xx_hal.o
                0x000000002002da54                uwTick
 .bss.g_network_activations_map
                0x000000002002da58        0x4 ./X-CUBE-AI/App/network.o
 .bss.g_network_weights_map
                0x000000002002da5c        0x4 ./X-CUBE-AI/App/network.o
 .bss.__compound_literal.84
                0x000000002002da60        0x4 ./X-CUBE-AI/App/network.o
 .bss.__compound_literal.85
                0x000000002002da64        0x4 ./X-CUBE-AI/App/network.o
 .bss.__compound_literal.90
                0x000000002002da68        0x4 ./X-CUBE-AI/App/network.o
 .bss.__compound_literal.94
                0x000000002002da6c        0x4 ./X-CUBE-AI/App/network.o
 .bss.__compound_literal.95
                0x000000002002da70        0x4 ./X-CUBE-AI/App/network.o
 .bss.__compound_literal.100
                0x000000002002da74        0x4 ./X-CUBE-AI/App/network.o
 .bss.__compound_literal.104
                0x000000002002da78        0x4 ./X-CUBE-AI/App/network.o
 .bss.__compound_literal.105
                0x000000002002da7c        0x4 ./X-CUBE-AI/App/network.o
 .bss.__compound_literal.110
                0x000000002002da80        0x4 ./X-CUBE-AI/App/network.o
 .bss.__compound_literal.114
                0x000000002002da84        0x4 ./X-CUBE-AI/App/network.o
 .bss.__compound_literal.115
                0x000000002002da88        0x4 ./X-CUBE-AI/App/network.o
 .bss.__compound_literal.117
                0x000000002002da8c       0x10 ./X-CUBE-AI/App/network.o
 .bss.__compound_literal.121
                0x000000002002da9c        0x4 ./X-CUBE-AI/App/network.o
 .bss.__compound_literal.125
                0x000000002002daa0        0x4 ./X-CUBE-AI/App/network.o
 .bss.__compound_literal.126
                0x000000002002daa4        0x4 ./X-CUBE-AI/App/network.o
 .bss.__compound_literal.131
                0x000000002002daa8        0x4 ./X-CUBE-AI/App/network.o
 .bss.__compound_literal.136
                0x000000002002daac        0x4 ./X-CUBE-AI/App/network.o
 .bss.__compound_literal.137
                0x000000002002dab0        0x4 ./X-CUBE-AI/App/network.o
 .bss.__compound_literal.139
                0x000000002002dab4       0x10 ./X-CUBE-AI/App/network.o
 .bss.__compound_literal.143
                0x000000002002dac4        0x4 ./X-CUBE-AI/App/network.o
 .bss.__compound_literal.147
                0x000000002002dac8        0x4 ./X-CUBE-AI/App/network.o
 .bss.__compound_literal.148
                0x000000002002dacc        0x4 ./X-CUBE-AI/App/network.o
 .bss.__compound_literal.153
                0x000000002002dad0        0x4 ./X-CUBE-AI/App/network.o
 .bss.__compound_literal.158
                0x000000002002dad4        0x4 ./X-CUBE-AI/App/network.o
 .bss.__compound_literal.159
                0x000000002002dad8        0x4 ./X-CUBE-AI/App/network.o
 .bss.__compound_literal.161
                0x000000002002dadc       0x10 ./X-CUBE-AI/App/network.o
 .bss.__compound_literal.165
                0x000000002002daec        0x4 ./X-CUBE-AI/App/network.o
 .bss.__compound_literal.169
                0x000000002002daf0        0x4 ./X-CUBE-AI/App/network.o
 .bss.__compound_literal.170