../Core/Src/main.c:211:5:main	272	static
../Core/Src/main.c:341:6:SystemClock_Config	128	static
../Core/Src/main.c:395:13:SystemPower_Config	8	static
../Core/Src/main.c:418:13:MX_CRC_Init	8	static
../Core/Src/main.c:449:13:MX_ICACHE_Init	8	static
../Core/Src/main.c:481:13:MX_TIM16_Init	8	static
../Core/Src/main.c:513:13:MX_USART1_UART_Init	8	static
../Core/Src/main.c:561:13:MX_GPIO_Init	48	static
../Core/Src/main.c:627:5:aiInit	120	static
../Core/Src/main.c:655:5:aiRun	128	static
../Core/Src/main.c:689:6:Error_Handler	4	static,ignoring_inline_asm
